Archive member included because of file (symbol)

c:/program files/atollic/truestudio for arm pro 4.3.1/armtools/bin/../lib/gcc/arm-atollic-eabi/4.7.3/../../../../arm-atollic-eabi/lib/armv7-m\libc_s.a(lib_a-calloc.o)
                              src\ADS7835E.o (calloc)
c:/program files/atollic/truestudio for arm pro 4.3.1/armtools/bin/../lib/gcc/arm-atollic-eabi/4.7.3/../../../../arm-atollic-eabi/lib/armv7-m\libc_s.a(lib_a-callocr.o)
                              c:/program files/atollic/truestudio for arm pro 4.3.1/armtools/bin/../lib/gcc/arm-atollic-eabi/4.7.3/../../../../arm-atollic-eabi/lib/armv7-m\libc_s.a(lib_a-calloc.o) (_calloc_r)
c:/program files/atollic/truestudio for arm pro 4.3.1/armtools/bin/../lib/gcc/arm-atollic-eabi/4.7.3/../../../../arm-atollic-eabi/lib/armv7-m\libc_s.a(lib_a-efgcvt.o)
                              src\main.o (gcvt)
c:/program files/atollic/truestudio for arm pro 4.3.1/armtools/bin/../lib/gcc/arm-atollic-eabi/4.7.3/../../../../arm-atollic-eabi/lib/armv7-m\libc_s.a(lib_a-impure.o)
                              c:/program files/atollic/truestudio for arm pro 4.3.1/armtools/bin/../lib/gcc/arm-atollic-eabi/4.7.3/../../../../arm-atollic-eabi/lib/armv7-m\libc_s.a(lib_a-calloc.o) (_impure_ptr)
c:/program files/atollic/truestudio for arm pro 4.3.1/armtools/bin/../lib/gcc/arm-atollic-eabi/4.7.3/../../../../arm-atollic-eabi/lib/armv7-m\libc_s.a(lib_a-init.o)
                              src\startup_efm32gg.o (__libc_init_array)
c:/program files/atollic/truestudio for arm pro 4.3.1/armtools/bin/../lib/gcc/arm-atollic-eabi/4.7.3/../../../../arm-atollic-eabi/lib/armv7-m\libc_s.a(lib_a-malloc.o)
                              src\ADS7835E.o (free)
c:/program files/atollic/truestudio for arm pro 4.3.1/armtools/bin/../lib/gcc/arm-atollic-eabi/4.7.3/../../../../arm-atollic-eabi/lib/armv7-m\libc_s.a(lib_a-mallocr.o)
                              c:/program files/atollic/truestudio for arm pro 4.3.1/armtools/bin/../lib/gcc/arm-atollic-eabi/4.7.3/../../../../arm-atollic-eabi/lib/armv7-m\libc_s.a(lib_a-callocr.o) (_malloc_r)
c:/program files/atollic/truestudio for arm pro 4.3.1/armtools/bin/../lib/gcc/arm-atollic-eabi/4.7.3/../../../../arm-atollic-eabi/lib/armv7-m\libc_s.a(lib_a-memset.o)
                              c:/program files/atollic/truestudio for arm pro 4.3.1/armtools/bin/../lib/gcc/arm-atollic-eabi/4.7.3/../../../../arm-atollic-eabi/lib/armv7-m\libc_s.a(lib_a-callocr.o) (memset)
c:/program files/atollic/truestudio for arm pro 4.3.1/armtools/bin/../lib/gcc/arm-atollic-eabi/4.7.3/../../../../arm-atollic-eabi/lib/armv7-m\libc_s.a(lib_a-sbrkr.o)
                              c:/program files/atollic/truestudio for arm pro 4.3.1/armtools/bin/../lib/gcc/arm-atollic-eabi/4.7.3/../../../../arm-atollic-eabi/lib/armv7-m\libc_s.a(lib_a-mallocr.o) (_sbrk_r)
c:/program files/atollic/truestudio for arm pro 4.3.1/armtools/bin/../lib/gcc/arm-atollic-eabi/4.7.3/../../../../arm-atollic-eabi/lib/armv7-m\libc_s.a(lib_a-snprintf.o)
                              src\main.o (snprintf)
c:/program files/atollic/truestudio for arm pro 4.3.1/armtools/bin/../lib/gcc/arm-atollic-eabi/4.7.3/../../../../arm-atollic-eabi/lib/armv7-m\libc_s.a(lib_a-strcmp.o)
                              src\BTM222.o (strcmp)
c:/program files/atollic/truestudio for arm pro 4.3.1/armtools/bin/../lib/gcc/arm-atollic-eabi/4.7.3/../../../../arm-atollic-eabi/lib/armv7-m\libc_s.a(lib_a-strlen.o)
                              src\tiny_printf.o (strlen)
c:/program files/atollic/truestudio for arm pro 4.3.1/armtools/bin/../lib/gcc/arm-atollic-eabi/4.7.3/../../../../arm-atollic-eabi/lib/armv7-m\libc_s.a(lib_a-svfprintf.o)
                              c:/program files/atollic/truestudio for arm pro 4.3.1/armtools/bin/../lib/gcc/arm-atollic-eabi/4.7.3/../../../../arm-atollic-eabi/lib/armv7-m\libc_s.a(lib_a-snprintf.o) (_svfprintf_r)
c:/program files/atollic/truestudio for arm pro 4.3.1/armtools/bin/../lib/gcc/arm-atollic-eabi/4.7.3/../../../../arm-atollic-eabi/lib/armv7-m\libc_s.a(lib_a-syscalls.o)
                              src\tiny_printf.o (_write)
c:/program files/atollic/truestudio for arm pro 4.3.1/armtools/bin/../lib/gcc/arm-atollic-eabi/4.7.3/../../../../arm-atollic-eabi/lib/armv7-m\libc_s.a(lib_a-vfprintf_i.o)
                              c:/program files/atollic/truestudio for arm pro 4.3.1/armtools/bin/../lib/gcc/arm-atollic-eabi/4.7.3/../../../../arm-atollic-eabi/lib/armv7-m\libc_s.a(lib_a-svfprintf.o) (_printf_i)
c:/program files/atollic/truestudio for arm pro 4.3.1/armtools/bin/../lib/gcc/arm-atollic-eabi/4.7.3/../../../../arm-atollic-eabi/lib/armv7-m\libc_s.a(lib_a-ecvtbuf.o)
                              c:/program files/atollic/truestudio for arm pro 4.3.1/armtools/bin/../lib/gcc/arm-atollic-eabi/4.7.3/../../../../arm-atollic-eabi/lib/armv7-m\libc_s.a(lib_a-efgcvt.o) (fcvtbuf)
[...]
Memory Configuration

Name             Origin             Length             Attributes
FLASH            0x00000000         0x00100000         xr
RAM              0x20000000         0x00020000         xrw
MEMORY_B1        0x60000000         0x00000000         xr
*default*        0x00000000         0xffffffff

Linker script and memory map

LOAD c:/program files/atollic/truestudio for arm pro 4.3.1/armtools/bin/../lib/gcc/arm-atollic-eabi/4.7.3/armv7-m/crti.o
LOAD c:/program files/atollic/truestudio for arm pro 4.3.1/armtools/bin/../lib/gcc/arm-atollic-eabi/4.7.3/armv7-m/crtbegin.o
LOAD src\tiny_printf.o
LOAD src\system_efm32gg.o
LOAD src\startup_efm32gg.o
LOAD src\splc501c.o
LOAD src\main.o
LOAD src\keyboard.o
LOAD src\goertzel.o
LOAD src\Timers.o
LOAD src\BTM222.o
LOAD src\ADS7835E.o
LOAD Libraries\emlib\src\em_wdog.o
LOAD Libraries\emlib\src\em_vcmp.o
LOAD Libraries\emlib\src\em_usart.o
LOAD Libraries\emlib\src\em_timer.o
LOAD Libraries\emlib\src\em_system.o
LOAD Libraries\emlib\src\em_rtc.o
LOAD Libraries\emlib\src\em_rmu.o
LOAD Libraries\emlib\src\em_prs.o
LOAD Libraries\emlib\src\em_pcnt.o
LOAD Libraries\emlib\src\em_opamp.o
LOAD Libraries\emlib\src\em_msc.o
LOAD Libraries\emlib\src\em_mpu.o
LOAD Libraries\emlib\src\em_leuart.o
LOAD Libraries\emlib\src\em_letimer.o
LOAD Libraries\emlib\src\em_lesense.o
LOAD Libraries\emlib\src\em_lcd.o
LOAD Libraries\emlib\src\em_int.o
LOAD Libraries\emlib\src\em_i2c.o
LOAD Libraries\emlib\src\em_gpio.o
LOAD Libraries\emlib\src\em_emu.o
LOAD Libraries\emlib\src\em_ebi.o
LOAD Libraries\emlib\src\em_dma.o
LOAD Libraries\emlib\src\em_dbg.o
LOAD Libraries\emlib\src\em_dac.o
LOAD Libraries\emlib\src\em_cmu.o
LOAD Libraries\emlib\src\em_burtc.o
LOAD Libraries\emlib\src\em_assert.o
LOAD Libraries\emlib\src\em_aes.o
LOAD Libraries\emlib\src\em_adc.o
LOAD Libraries\emlib\src\em_acmp.o
START GROUP
LOAD c:/program files/atollic/truestudio for arm pro 4.3.1/armtools/bin/../lib/gcc/arm-atollic-eabi/4.7.3/../../../../arm-atollic-eabi/lib/armv7-m\libc_s.a
LOAD c:/program files/atollic/truestudio for arm pro 4.3.1/armtools/bin/../lib/gcc/arm-atollic-eabi/4.7.3/../../../../arm-atollic-eabi/lib/armv7-m\libm.a
END GROUP
                0x00001000                malloc_getpagesize_P = 0x1000
START GROUP
LOAD c:/program files/atollic/truestudio for arm pro 4.3.1/armtools/bin/../lib/gcc/arm-atollic-eabi/4.7.3/armv7-m\libgcc.a
LOAD c:/program files/atollic/truestudio for arm pro 4.3.1/armtools/bin/../lib/gcc/arm-atollic-eabi/4.7.3/../../../../arm-atollic-eabi/lib/armv7-m\libc.a
END GROUP
LOAD c:/program files/atollic/truestudio for arm pro 4.3.1/armtools/bin/../lib/gcc/arm-atollic-eabi/4.7.3/armv7-m/crtend.o
LOAD c:/program files/atollic/truestudio for arm pro 4.3.1/armtools/bin/../lib/gcc/arm-atollic-eabi/4.7.3/armv7-m/crtn.o
                0x20020000                _estack = 0x20020000
                0x00000000                _Min_Heap_Size = 0x0
                0x00000400                _Min_Stack_Size = 0x400

.isr_vector     0x00000000       0xdc
                0x00000000                . = ALIGN (0x4)
 *(.isr_vector)
 .isr_vector    0x00000000       0xdc src\startup_efm32gg.o
                0x00000000                InterruptVector
                0x000000dc                . = ALIGN (0x4)

.text           0x000000e0     0x7088
                0x000000e0                . = ALIGN (0x4)
 *(.text)
 .text          0x000000e0       0x54 c:/program files/atollic/truestudio for arm pro 4.3.1/armtools/bin/../lib/gcc/arm-atollic-eabi/4.7.3/armv7-m/crtbegin.o
 .text          0x00000134      0x370 c:/program files/atollic/truestudio for arm pro 4.3.1/armtools/bin/../lib/gcc/arm-atollic-eabi/4.7.3/armv7-m\libgcc.a(_arm_addsubdf3.o)
                0x00000134                __aeabi_drsub
                0x0000013c                __aeabi_dsub
                0x0000013c                __subdf3
                0x00000140                __aeabi_dadd
                0x00000140                __adddf3
                0x000003b8                __floatunsidf
                0x000003b8                __aeabi_ui2d
                0x000003d8                __floatsidf
                0x000003d8                __aeabi_i2d
                0x000003fc                __aeabi_f2d
                0x000003fc                __extendsfdf2
                0x00000438                __floatundidf
                0x00000438                __aeabi_ul2d
                0x00000448                __floatdidf
                0x00000448                __aeabi_l2d
 .text          0x000004a4      0x424 c:/program files/atollic/truestudio for arm pro 4.3.1/armtools/bin/../lib/gcc/arm-atollic-eabi/4.7.3/armv7-m\libgcc.a(_arm_muldivdf3.o)
                0x000004a4                __aeabi_dmul
                0x000004a4                __muldf3
                0x000006f8                __divdf3
                0x000006f8                __aeabi_ddiv
 .text          0x000008c8      0x110 c:/program files/atollic/truestudio for arm pro 4.3.1/armtools/bin/../lib/gcc/arm-atollic-eabi/4.7.3/armv7-m\libgcc.a(_arm_cmpdf2.o)
                0x000008c8                __gtdf2
                0x000008c8                __gedf2
                0x000008d0                __ltdf2
                0x000008d0                __ledf2
                0x000008d8                __nedf2
                0x000008d8                __eqdf2
                0x000008d8                __cmpdf2
                0x00000954                __aeabi_cdrcmple
                0x00000964                __aeabi_cdcmpeq
                0x00000964                __aeabi_cdcmple
                0x00000974                __aeabi_dcmpeq
                0x00000988                __aeabi_dcmplt
                0x0000099c                __aeabi_dcmple
                0x000009b0                __aeabi_dcmpge
                0x000009c4                __aeabi_dcmpgt
 .text          0x000009d8       0x50 c:/program files/atollic/truestudio for arm pro 4.3.1/armtools/bin/../lib/gcc/arm-atollic-eabi/4.7.3/armv7-m\libgcc.a(_arm_fixdfsi.o)
                0x000009d8                __aeabi_d2iz
                0x000009d8                __fixdfsi
 *(.text*)
 .text.GetProdRev
                0x00000a28       0x1c src\system_efm32gg.o
 .text.SystemCoreClockGet
                0x00000a44       0x58 src\system_efm32gg.o
                0x00000a44                SystemCoreClockGet
 .text.SystemHFClockGet
                0x00000a9c      0x110 src\system_efm32gg.o
                0x00000a9c                SystemHFClockGet
 .text.SystemHFXOClockGet
                0x00000bac       0x18 src\system_efm32gg.o
                0x00000bac                SystemHFXOClockGet
 .text.SystemInit
                0x00000bc4        0xc src\system_efm32gg.o
                0x00000bc4                SystemInit
 .text.SystemLFRCOClockGet
                0x00000bd0       0x10 src\system_efm32gg.o
                0x00000bd0                SystemLFRCOClockGet
 .text.SystemULFRCOClockGet
                0x00000be0       0x10 src\system_efm32gg.o
                0x00000be0                SystemULFRCOClockGet
 .text.SystemLFXOClockGet
                0x00000bf0       0x18 src\system_efm32gg.o
                0x00000bf0                SystemLFXOClockGet
 .text.Reset_Handler
                0x00000c08       0x58 src\startup_efm32gg.o
                0x00000c08                Reset_Handler
 .text.Default_Handler
                0x00000c60        0x4 src\startup_efm32gg.o
                0x00000c60                TIMER2_IRQHandler
                0x00000c60                USART0_TX_IRQHandler
                0x00000c60                I2C0_IRQHandler
                0x00000c60                HardFault_Handler
                0x00000c60                LEUART1_IRQHandler
                0x00000c60                USART1_RX_IRQHandler
                0x00000c60                PendSV_Handler
                0x00000c60                NMI_Handler
                0x00000c60                I2C1_IRQHandler
                0x00000c60                TIMER3_IRQHandler
                0x00000c60                USART1_TX_IRQHandler
                0x00000c60                MSC_IRQHandler
                0x00000c60                ADC0_IRQHandler
                0x00000c60                UsageFault_Handler
                0x00000c60                LEUART0_IRQHandler
                0x00000c60                UART0_TX_IRQHandler
                0x00000c60                LCD_IRQHandler
                0x00000c60                PCNT2_IRQHandler
                0x00000c60                UART0_RX_IRQHandler
                0x00000c60                LETIMER0_IRQHandler
                0x00000c60                TIMER1_IRQHandler
                0x00000c60                USART2_RX_IRQHandler
                0x00000c60                Default_Handler
                0x00000c60                EMU_IRQHandler
                0x00000c60                PCNT0_IRQHandler
                0x00000c60                USB_IRQHandler
                0x00000c60                BURTC_IRQHandler
                0x00000c60                PCNT1_IRQHandler
                0x00000c60                ACMP0_IRQHandler
                0x00000c60                USART0_RX_IRQHandler
                0x00000c60                MemManage_Handler
                0x00000c60                SVC_Handler
                0x00000c60                DAC0_IRQHandler
                0x00000c60                CMU_IRQHandler
                0x00000c60                EBI_IRQHandler
                0x00000c60                LESENSE_IRQHandler
                0x00000c60                AES_IRQHandler
                0x00000c60                VCMP_IRQHandler
                0x00000c60                BusFault_Handler
                0x00000c60                USART2_TX_IRQHandler
                0x00000c60                DebugMonitor_Handler
 .text.GPIO_PinOutClear
                0x00000c64       0x40 src\splc501c.o
 .text.GPIO_PinOutSet
                0x00000ca4       0x40 src\splc501c.o
 .text.GPIO_PortOutClear
                0x00000ce4       0x40 src\splc501c.o
 .text.GPIO_PortOutSet
                0x00000d24       0x40 src\splc501c.o
 .text.GLCD_InitPorts
                0x00000d64       0x7c src\splc501c.o
                0x00000d64                GLCD_InitPorts
 .text.GLCD_Init
                0x00000de0       0x90 src\splc501c.o
                0x00000de0                GLCD_Init
 .text.GLCD_WriteData
                0x00000e70       0x6c src\splc501c.o
                0x00000e70                GLCD_WriteData
 .text.GLCD_WriteCommand
                0x00000edc       0x50 src\splc501c.o
                0x00000edc                GLCD_WriteCommand
 .text.GLCD_ReadData
                0x00000f2c       0x78 src\splc501c.o
                0x00000f2c                GLCD_ReadData
 .text.GLCD_ReadStatus
                0x00000fa4       0x58 src\splc501c.o
                0x00000fa4                GLCD_ReadStatus
 .text.GLCD_GoTo
                0x00000ffc       0x64 src\splc501c.o
                0x00000ffc                GLCD_GoTo
 .text.GLCD_SetPixel
                0x00001060       0x94 src\splc501c.o
                0x00001060                GLCD_SetPixel
 .text.GLCD_ClearScreen
                0x000010f4       0x5c src\splc501c.o
                0x000010f4                GLCD_ClearScreen
 .text.GLCD_WriteChar
                0x00001150       0x54 src\splc501c.o
                0x00001150                GLCD_WriteChar
 .text.GLCD_WriteString
                0x000011a4       0x2c src\splc501c.o
                0x000011a4                GLCD_WriteString
 .text.GLCD_bmp
                0x000011d0       0x78 src\splc501c.o
                0x000011d0                GLCD_bmp
 .text.NVIC_EnableIRQ
                0x00001248       0x38 src\main.o
 .text.NVIC_DisableIRQ
                0x00001280       0x3c src\main.o
 .text.NVIC_SetPriority
                0x000012bc       0x5c src\main.o
 .text.SysTick_Config
                0x00001318       0x64 src\main.o
 .text.CHIP_Init
                0x0000137c       0x50 src\main.o
 .text.GPIO_PinInGet
                0x000013cc       0x40 src\main.o
 .text.GPIO_PinOutClear
                0x0000140c       0x40 src\main.o
 .text.GPIO_PinOutSet
                0x0000144c       0x40 src\main.o
 .text.EMU_EnterEM1
                0x0000148c       0x24 src\main.o
 .text.GLCD_Enable
                0x000014b0       0x28 src\main.o
 .text.BT_Enable
                0x000014d8       0x28 src\main.o
 .text.Set20MHzFrequency_Init
                0x00001500       0x40 src\main.o
 .text.main     0x00001540      0x560 src\main.o
                0x00001540                main
 .text.SysTick_Handler
                0x00001aa0       0x24 src\main.o
                0x00001aa0                SysTick_Handler
 .text.Delay    0x00001ac4       0x34 src\main.o
                0x00001ac4                Delay
 .text.showWhereIam
                0x00001af8      0x15c src\main.o
                0x00001af8                showWhereIam
 .text.showWhereIamSettings
                0x00001c54      0x15c src\main.o
                0x00001c54                showWhereIamSettings
 .text.setLCDBrightness
                0x00001db0      0x1a8 src\main.o
                0x00001db0                setLCDBrightness
 .text.calibrationMode
                0x00001f58      0x2a4 src\main.o
                0x00001f58                calibrationMode
 .text.setCalibrateFactor
                0x000021fc      0x1b0 src\main.o
                0x000021fc                setCalibrateFactor
 .text.NVIC_EnableIRQ
                0x000023ac       0x38 src\keyboard.o
 .text.NVIC_ClearPendingIRQ
                0x000023e4       0x3c src\keyboard.o
 .text.NVIC_SetPriority
                0x00002420       0x5c src\keyboard.o
 .text.RTC_IntClear
                0x0000247c       0x20 src\keyboard.o
 .text.RTC_IntEnable
                0x0000249c       0x2c src\keyboard.o
 .text.startLfxoForRtc
                0x000024c8       0x48 src\keyboard.o
 .text.setupRtc
                0x00002510       0x6c src\keyboard.o
 .text.KeyboardGpioSetup
                0x0000257c      0x16c src\keyboard.o
                0x0000257c                KeyboardGpioSetup
 .text.GPIO_ODD_IRQHandler
                0x000026e8      0x250 src\keyboard.o
                0x000026e8                GPIO_ODD_IRQHandler
 .text.GPIO_EVEN_IRQHandler
                0x00002938      0x1c4 src\keyboard.o
                0x00002938                GPIO_EVEN_IRQHandler
 .text.RTC_IRQHandler
                0x00002afc       0x34 src\keyboard.o
                0x00002afc                RTC_IRQHandler
 .text.NVIC_EnableIRQ
                0x00002b30       0x38 src\Timers.o
 .text.NVIC_DisableIRQ
                0x00002b68       0x3c src\Timers.o
 .text.NVIC_SetPriority
                0x00002ba4       0x5c src\Timers.o
 .text.TIMER_IntDisable
                0x00002c00       0x24 src\Timers.o
 .text.TIMER_IntEnable
                0x00002c24       0x20 src\Timers.o
 .text.TIMER_TopSet
                0x00002c44       0x1c src\Timers.o
 .text.TIMER0forADC_Setup
                0x00002c60       0xa0 src\Timers.o
                0x00002c60                TIMER0forADC_Setup
 .text.TIMER0forADC_Disable
                0x00002d00       0x20 src\Timers.o
                0x00002d00                TIMER0forADC_Disable
 .text.NVIC_EnableIRQ
                0x00002d20       0x38 src\BTM222.o
 .text.NVIC_ClearPendingIRQ
                0x00002d58       0x3c src\BTM222.o
 .text.USART_IntClear
                0x00002d94       0x1c src\BTM222.o
 .text.USART_IntDisable
                0x00002db0       0x24 src\BTM222.o
 .text.USART_IntEnable
                0x00002dd4       0x20 src\BTM222.o
 .text.USART_IntGet
                0x00002df4       0x18 src\BTM222.o
 .text.uart1Setup
                0x00002e0c      0x144 src\BTM222.o
                0x00002e0c                uart1Setup
 .text.cmuSetup
                0x00002f50       0x28 src\BTM222.o
                0x00002f50                cmuSetup
 .text.UART1_RX_IRQHandler
                0x00002f78       0xbc src\BTM222.o
                0x00002f78                UART1_RX_IRQHandler
 .text.UART1_TX_IRQHandler
                0x00003034       0x7c src\BTM222.o
                0x00003034                UART1_TX_IRQHandler
 .text.BTM222_Init
                0x000030b0        0xc src\BTM222.o
                0x000030b0                BTM222_Init
 .text.TIMER_IntClear
                0x000030bc       0x1c src\ADS7835E.o
 .text.SPI2_Init_SW
                0x000030d8       0xb8 src\ADS7835E.o
 .text.SPI2_setupRXInt_SW
                0x00003190       0x24 src\ADS7835E.o
                0x00003190                SPI2_setupRXInt_SW
 .text.SPI2_disableRXInt_SW
                0x000031b4        0xc src\ADS7835E.o
                0x000031b4                SPI2_disableRXInt_SW
 .text.ReadFrameFromSPI_SW
                0x000031c0       0xcc src\ADS7835E.o
 .text.TIMER0_IRQHandler
                0x0000328c       0x38 src\ADS7835E.o
                0x0000328c                TIMER0_IRQHandler
 *fill*         0x000032c4        0x4 00
 .text.checkData
                0x000032c8       0x70 src\ADS7835E.o
 .text.ConvertDOUBLEtoLCD
                0x00003338       0xa8 src\ADS7835E.o
                0x00003338                ConvertDOUBLEtoLCD
 .text.ConvertU16_from_ADCToINT
                0x000033e0       0x3c src\ADS7835E.o
                0x000033e0                ConvertU16_from_ADCToINT
 .text.ResultADC_Buf_Write
                0x0000341c       0xe8 src\ADS7835E.o
                0x0000341c                ResultADC_Buf_Write
 .text.ResultADC_Buf_Init
                0x00003504       0x48 src\ADS7835E.o
                0x00003504                ResultADC_Buf_Init
 .text.rms      0x0000354c       0xa8 src\ADS7835E.o
                0x0000354c                rms
 .text.min      0x000035f4       0xd8 src\ADS7835E.o
                0x000035f4                min
 .text.max      0x000036cc       0xd8 src\ADS7835E.o
                0x000036cc                max
 .text.avg      0x000037a4       0x9c src\ADS7835E.o
                0x000037a4                avg
 .text.USART_BaudrateAsyncSet
                0x00003840       0xc8 Libraries\emlib\src\em_usart.o
                0x00003840                USART_BaudrateAsyncSet
 .text.USART_Enable
                0x00003908       0x38 Libraries\emlib\src\em_usart.o
                0x00003908                USART_Enable
 .text.USART_InitAsync
                0x00003940       0x78 Libraries\emlib\src\em_usart.o
                0x00003940                USART_InitAsync
 .text.USART_Reset
                0x000039b8       0x94 Libraries\emlib\src\em_usart.o
                0x000039b8                USART_Reset
 .text.USART_Rx
                0x00003a4c       0x28 Libraries\emlib\src\em_usart.o
                0x00003a4c                USART_Rx
 .text.USART_Tx
                0x00003a74       0x2c Libraries\emlib\src\em_usart.o
                0x00003a74                USART_Tx
 .text.TIMER_Init
                0x00003aa0      0x100 Libraries\emlib\src\em_timer.o
                0x00003aa0                TIMER_Init
 .text.SYSTEM_ChipRevisionGet
                0x00003ba0       0x5c Libraries\emlib\src\em_system.o
                0x00003ba0                SYSTEM_ChipRevisionGet
 .text.RTC_CompareSet
                0x00003bfc       0x40 Libraries\emlib\src\em_rtc.o
                0x00003bfc                RTC_CompareSet
 .text.RTC_Init
                0x00003c3c       0x54 Libraries\emlib\src\em_rtc.o
                0x00003c3c                RTC_Init
 .text.BITBAND_Peripheral
                0x00003c90       0x30 Libraries\emlib\src\em_gpio.o
 .text.GPIO_IntConfig
                0x00003cc0       0xe8 Libraries\emlib\src\em_gpio.o
                0x00003cc0                GPIO_IntConfig
 .text.GPIO_PinModeSet
                0x00003da8      0x1ac Libraries\emlib\src\em_gpio.o
                0x00003da8                GPIO_PinModeSet
 .text.SystemCoreClockUpdate
                0x00003f54        0xc Libraries\emlib\src\em_emu.o
 .text.CMU_Lock
                0x00003f60       0x1c Libraries\emlib\src\em_emu.o
 .text.CMU_Unlock
                0x00003f7c       0x1c Libraries\emlib\src\em_emu.o
 .text.EMU_Restore
                0x00003f98       0xf8 Libraries\emlib\src\em_emu.o
 .text.EMU_EnterEM2
                0x00004090       0x64 Libraries\emlib\src\em_emu.o
                0x00004090                EMU_EnterEM2
 .text.EMU_UpdateOscConfig
                0x000040f4       0x20 Libraries\emlib\src\em_emu.o
                0x000040f4                EMU_UpdateOscConfig
 .text.DMA_IRQHandler
                0x00004114      0x110 Libraries\emlib\src\em_dma.o
                0x00004114                DMA_IRQHandler
 .text.BITBAND_Peripheral
                0x00004224       0x30 Libraries\emlib\src\em_cmu.o
 .text.CMU_FlashWaitStateMax
                0x00004254       0x68 Libraries\emlib\src\em_cmu.o
 .text.CMU_Log2ToDiv
                0x000042bc       0x20 Libraries\emlib\src\em_cmu.o
 .text.CMU_FlashWaitStateControl
                0x000042dc       0xf4 Libraries\emlib\src\em_cmu.o
 .text.CMU_USBCClkGet
                0x000043d0       0x50 Libraries\emlib\src\em_cmu.o
 .text.CMU_AUXClkGet
                0x00004420       0x9c Libraries\emlib\src\em_cmu.o
 .text.CMU_DBGClkGet
                0x000044bc       0x64 Libraries\emlib\src\em_cmu.o
 .text.CMU_LFClkGet
                0x00004520       0xcc Libraries\emlib\src\em_cmu.o
 .text.CMU_Sync
                0x000045ec       0x3c Libraries\emlib\src\em_cmu.o
 .text.CMU_ClockDivGet
                0x00004628      0x184 Libraries\emlib\src\em_cmu.o
                0x00004628                CMU_ClockDivGet
 .text.CMU_ClockEnable
                0x000047ac      0x124 Libraries\emlib\src\em_cmu.o
                0x000047ac                CMU_ClockEnable
 .text.CMU_ClockFreqGet
                0x000048d0      0x1e8 Libraries\emlib\src\em_cmu.o
                0x000048d0                CMU_ClockFreqGet
 .text.CMU_ClockSelectGet
                0x00004ab8      0x1a4 Libraries\emlib\src\em_cmu.o
                0x00004ab8                CMU_ClockSelectGet
 .text.CMU_ClockSelectSet
                0x00004c5c      0x38c Libraries\emlib\src\em_cmu.o
                0x00004c5c                CMU_ClockSelectSet
 .text.CMU_OscillatorEnable
                0x00004fe8       0xe8 Libraries\emlib\src\em_cmu.o
                0x00004fe8                CMU_OscillatorEnable
 .text.calloc   0x000050d0       0x14 c:/program files/atollic/truestudio for arm pro 4.3.1/armtools/bin/../lib/gcc/arm-atollic-eabi/4.7.3/../../../../arm-atollic-eabi/lib/armv7-m\libc_s.a(lib_a-calloc.o)
                0x000050d0                calloc
 .text._calloc_r
                0x000050e4       0x1c c:/program files/atollic/truestudio for arm pro 4.3.1/armtools/bin/../lib/gcc/arm-atollic-eabi/4.7.3/../../../../arm-atollic-eabi/lib/armv7-m\libc_s.a(lib_a-callocr.o)
                0x000050e4                _calloc_r
 .text.gcvt     0x00005100       0x48 c:/program files/atollic/truestudio for arm pro 4.3.1/armtools/bin/../lib/gcc/arm-atollic-eabi/4.7.3/../../../../arm-atollic-eabi/lib/armv7-m\libc_s.a(lib_a-efgcvt.o)
                0x00005100                gcvt
 .text.__libc_init_array
                0x00005148       0x4c c:/program files/atollic/truestudio for arm pro 4.3.1/armtools/bin/../lib/gcc/arm-atollic-eabi/4.7.3/../../../../arm-atollic-eabi/lib/armv7-m\libc_s.a(lib_a-init.o)
                0x00005148                __libc_init_array
 .text.malloc   0x00005194       0x10 c:/program files/atollic/truestudio for arm pro 4.3.1/armtools/bin/../lib/gcc/arm-atollic-eabi/4.7.3/../../../../arm-atollic-eabi/lib/armv7-m\libc_s.a(lib_a-malloc.o)
                0x00005194                malloc
 .text._malloc_r
                0x000051a4       0x94 c:/program files/atollic/truestudio for arm pro 4.3.1/armtools/bin/../lib/gcc/arm-atollic-eabi/4.7.3/../../../../arm-atollic-eabi/lib/armv7-m\libc_s.a(lib_a-mallocr.o)
                0x000051a4                _malloc_r
 .text.memset   0x00005238       0x10 c:/program files/atollic/truestudio for arm pro 4.3.1/armtools/bin/../lib/gcc/arm-atollic-eabi/4.7.3/../../../../arm-atollic-eabi/lib/armv7-m\libc_s.a(lib_a-memset.o)
                0x00005238                memset
 .text._sbrk_r  0x00005248       0x20 c:/program files/atollic/truestudio for arm pro 4.3.1/armtools/bin/../lib/gcc/arm-atollic-eabi/4.7.3/../../../../arm-atollic-eabi/lib/armv7-m\libc_s.a(lib_a-sbrkr.o)
                0x00005248                _sbrk_r
 .text.snprintf
                0x00005268       0x64 c:/program files/atollic/truestudio for arm pro 4.3.1/armtools/bin/../lib/gcc/arm-atollic-eabi/4.7.3/../../../../arm-atollic-eabi/lib/armv7-m\libc_s.a(lib_a-snprintf.o)
                0x00005268                sniprintf
                0x00005268                snprintf
 .text.strlen   0x000052cc       0x10 c:/program files/atollic/truestudio for arm pro 4.3.1/armtools/bin/../lib/gcc/arm-atollic-eabi/4.7.3/../../../../arm-atollic-eabi/lib/armv7-m\libc_s.a(lib_a-strlen.o)
                0x000052cc                strlen
 .text.__ssputc_r
                0x000052dc       0xae c:/program files/atollic/truestudio for arm pro 4.3.1/armtools/bin/../lib/gcc/arm-atollic-eabi/4.7.3/../../../../arm-atollic-eabi/lib/armv7-m\libc_s.a(lib_a-svfprintf.o)
                0x000052dc                __ssputc_r
 *fill*         0x0000538a        0x2 00
 .text._svfprintf_r
                0x0000538c      0x1f4 c:/program files/atollic/truestudio for arm pro 4.3.1/armtools/bin/../lib/gcc/arm-atollic-eabi/4.7.3/../../../../arm-atollic-eabi/lib/armv7-m\libc_s.a(lib_a-svfprintf.o)
                0x0000538c                _svfiprintf_r
                0x0000538c                _svfprintf_r
 .text._sbrk    0x00005580       0x34 c:/program files/atollic/truestudio for arm pro 4.3.1/armtools/bin/../lib/gcc/arm-atollic-eabi/4.7.3/../../../../arm-atollic-eabi/lib/armv7-m\libc_s.a(lib_a-syscalls.o)
                0x00005580                _sbrk
 .text._printf_common
                0x000055b4       0xde c:/program files/atollic/truestudio for arm pro 4.3.1/armtools/bin/../lib/gcc/arm-atollic-eabi/4.7.3/../../../../arm-atollic-eabi/lib/armv7-m\libc_s.a(lib_a-vfprintf_i.o)
                0x000055b4                _printf_common
 *fill*         0x00005692        0x2 00
 .text._printf_i
                0x00005694      0x248 c:/program files/atollic/truestudio for arm pro 4.3.1/armtools/bin/../lib/gcc/arm-atollic-eabi/4.7.3/../../../../arm-atollic-eabi/lib/armv7-m\libc_s.a(lib_a-vfprintf_i.o)
                0x00005694                _printf_i
 .text.print_e  0x000058dc       0xee c:/program files/atollic/truestudio for arm pro 4.3.1/armtools/bin/../lib/gcc/arm-atollic-eabi/4.7.3/../../../../arm-atollic-eabi/lib/armv7-m\libc_s.a(lib_a-ecvtbuf.o)
 *fill*         0x000059ca        0x6 00
 .text._gcvt    0x000059d0      0x188 c:/program files/atollic/truestudio for arm pro 4.3.1/armtools/bin/../lib/gcc/arm-atollic-eabi/4.7.3/../../../../arm-atollic-eabi/lib/armv7-m\libc_s.a(lib_a-ecvtbuf.o)
                0x000059d0                _gcvt
 .text._free_r  0x00005b58       0x88 c:/program files/atollic/truestudio for arm pro 4.3.1/armtools/bin/../lib/gcc/arm-atollic-eabi/4.7.3/../../../../arm-atollic-eabi/lib/armv7-m\libc_s.a(lib_a-freer.o)
                0x00005b58                _free_r
 .text.memchr   0x00005be0       0x1c c:/program files/atollic/truestudio for arm pro 4.3.1/armtools/bin/../lib/gcc/arm-atollic-eabi/4.7.3/../../../../arm-atollic-eabi/lib/armv7-m\libc_s.a(lib_a-memchr.o)
                0x00005be0                memchr
 .text.memcpy   0x00005bfc       0x12 c:/program files/atollic/truestudio for arm pro 4.3.1/armtools/bin/../lib/gcc/arm-atollic-eabi/4.7.3/../../../../arm-atollic-eabi/lib/armv7-m\libc_s.a(lib_a-memcpy.o)
                0x00005bfc                memcpy
 .text._Balloc  0x00005c0e       0x6a c:/program files/atollic/truestudio for arm pro 4.3.1/armtools/bin/../lib/gcc/arm-atollic-eabi/4.7.3/../../../../arm-atollic-eabi/lib/armv7-m\libc_s.a(lib_a-mprec.o)
                0x00005c0e                _Balloc
 .text._Bfree   0x00005c78       0x2e c:/program files/atollic/truestudio for arm pro 4.3.1/armtools/bin/../lib/gcc/arm-atollic-eabi/4.7.3/../../../../arm-atollic-eabi/lib/armv7-m\libc_s.a(lib_a-mprec.o)
                0x00005c78                _Bfree
 .text.__multadd
                0x00005ca6       0x78 c:/program files/atollic/truestudio for arm pro 4.3.1/armtools/bin/../lib/gcc/arm-atollic-eabi/4.7.3/../../../../arm-atollic-eabi/lib/armv7-m\libc_s.a(lib_a-mprec.o)
                0x00005ca6                __multadd
 .text.__hi0bits
                0x00005d1e       0x3e c:/program files/atollic/truestudio for arm pro 4.3.1/armtools/bin/../lib/gcc/arm-atollic-eabi/4.7.3/../../../../arm-atollic-eabi/lib/armv7-m\libc_s.a(lib_a-mprec.o)
                0x00005d1e                __hi0bits
 .text.__lo0bits
                0x00005d5c       0x5a c:/program files/atollic/truestudio for arm pro 4.3.1/armtools/bin/../lib/gcc/arm-atollic-eabi/4.7.3/../../../../arm-atollic-eabi/lib/armv7-m\libc_s.a(lib_a-mprec.o)
                0x00005d5c                __lo0bits
 .text.__i2b    0x00005db6       0x12 c:/program files/atollic/truestudio for arm pro 4.3.1/armtools/bin/../lib/gcc/arm-atollic-eabi/4.7.3/../../../../arm-atollic-eabi/lib/armv7-m\libc_s.a(lib_a-mprec.o)
                0x00005db6                __i2b
 .text.__multiply
                0x00005dc8      0x122 c:/program files/atollic/truestudio for arm pro 4.3.1/armtools/bin/../lib/gcc/arm-atollic-eabi/4.7.3/../../../../arm-atollic-eabi/lib/armv7-m\libc_s.a(lib_a-mprec.o)
                0x00005dc8                __multiply
 *fill*         0x00005eea        0x2 00
 .text.__pow5mult
                0x00005eec       0xa4 c:/program files/atollic/truestudio for arm pro 4.3.1/armtools/bin/../lib/gcc/arm-atollic-eabi/4.7.3/../../../../arm-atollic-eabi/lib/armv7-m\libc_s.a(lib_a-mprec.o)
                0x00005eec                __pow5mult
 .text.__lshift
                0x00005f90       0xa8 c:/program files/atollic/truestudio for arm pro 4.3.1/armtools/bin/../lib/gcc/arm-atollic-eabi/4.7.3/../../../../arm-atollic-eabi/lib/armv7-m\libc_s.a(lib_a-mprec.o)
                0x00005f90                __lshift
 .text.__mcmp   0x00006038       0x3a c:/program files/atollic/truestudio for arm pro 4.3.1/armtools/bin/../lib/gcc/arm-atollic-eabi/4.7.3/../../../../arm-atollic-eabi/lib/armv7-m\libc_s.a(lib_a-mprec.o)
                0x00006038                __mcmp
 .text.__mdiff  0x00006072       0xc4 c:/program files/atollic/truestudio for arm pro 4.3.1/armtools/bin/../lib/gcc/arm-atollic-eabi/4.7.3/../../../../arm-atollic-eabi/lib/armv7-m\libc_s.a(lib_a-mprec.o)
                0x00006072                __mdiff
 .text.__d2b    0x00006136       0xa8 c:/program files/atollic/truestudio for arm pro 4.3.1/armtools/bin/../lib/gcc/arm-atollic-eabi/4.7.3/../../../../arm-atollic-eabi/lib/armv7-m\libc_s.a(lib_a-mprec.o)
                0x00006136                __d2b
 *fill*         0x000061de        0x2 00
 .text._mprec_log10
                0x000061e0       0x34 c:/program files/atollic/truestudio for arm pro 4.3.1/armtools/bin/../lib/gcc/arm-atollic-eabi/4.7.3/../../../../arm-atollic-eabi/lib/armv7-m\libc_s.a(lib_a-mprec.o)
                0x000061e0                _mprec_log10
 .text._realloc_r
                0x00006214       0x48 c:/program files/atollic/truestudio for arm pro 4.3.1/armtools/bin/../lib/gcc/arm-atollic-eabi/4.7.3/../../../../arm-atollic-eabi/lib/armv7-m\libc_s.a(lib_a-reallocr.o)
                0x00006214                _realloc_r
 .text.strcpy   0x0000625c       0x10 c:/program files/atollic/truestudio for arm pro 4.3.1/armtools/bin/../lib/gcc/arm-atollic-eabi/4.7.3/../../../../arm-atollic-eabi/lib/armv7-m\libc_s.a(lib_a-strcpy.o)
                0x0000625c                strcpy
 .text.quorem   0x0000626c      0x11a c:/program files/atollic/truestudio for arm pro 4.3.1/armtools/bin/../lib/gcc/arm-atollic-eabi/4.7.3/../../../../arm-atollic-eabi/lib/armv7-m\libc_s.a(lib_a-dtoa.o)
 *fill*         0x00006386        0x2 00
 .text._dtoa_r  0x00006388      0xb40 c:/program files/atollic/truestudio for arm pro 4.3.1/armtools/bin/../lib/gcc/arm-atollic-eabi/4.7.3/../../../../arm-atollic-eabi/lib/armv7-m\libc_s.a(lib_a-dtoa.o)
                0x00006388                _dtoa_r
 .text._malloc_usable_size_r
                0x00006ec8       0x12 c:/program files/atollic/truestudio for arm pro 4.3.1/armtools/bin/../lib/gcc/arm-atollic-eabi/4.7.3/../../../../arm-atollic-eabi/lib/armv7-m\libc_s.a(lib_a-msizer.o)
                0x00006ec8                _malloc_usable_size_r
 *fill*         0x00006eda        0x2 00
 .text.sqrt     0x00006edc       0xa4 c:/program files/atollic/truestudio for arm pro 4.3.1/armtools/bin/../lib/gcc/arm-atollic-eabi/4.7.3/../../../../arm-atollic-eabi/lib/armv7-m\libm.a(lib_a-w_sqrt.o)
                0x00006edc                sqrt
 .text.__ieee754_sqrt
                0x00006f80      0x15c c:/program files/atollic/truestudio for arm pro 4.3.1/armtools/bin/../lib/gcc/arm-atollic-eabi/4.7.3/../../../../arm-atollic-eabi/lib/armv7-m\libm.a(lib_a-e_sqrt.o)
                0x00006f80                __ieee754_sqrt
 .text.__fpclassifyd
                0x000070dc       0x64 c:/program files/atollic/truestudio for arm pro 4.3.1/armtools/bin/../lib/gcc/arm-atollic-eabi/4.7.3/../../../../arm-atollic-eabi/lib/armv7-m\libm.a(lib_a-s_fpclassify.o)
                0x000070dc                __fpclassifyd
 .text.matherr  0x00007140        0x4 c:/program files/atollic/truestudio for arm pro 4.3.1/armtools/bin/../lib/gcc/arm-atollic-eabi/4.7.3/../../../../arm-atollic-eabi/lib/armv7-m\libm.a(lib_a-s_matherr.o)
                0x00007140                matherr
 .text.__errno  0x00007144        0xc c:/program files/atollic/truestudio for arm pro 4.3.1/armtools/bin/../lib/gcc/arm-atollic-eabi/4.7.3/../../../../arm-atollic-eabi/lib/armv7-m\libc_s.a(lib_a-errno.o)
                0x00007144                __errno
 *(.glue_7)
 .glue_7        0x00000000        0x0 linker stubs
 *(.glue_7t)
 .glue_7t       0x00000000        0x0 linker stubs
 *(.eh_frame)
 .eh_frame      0x00007150        0x0 c:/program files/atollic/truestudio for arm pro 4.3.1/armtools/bin/../lib/gcc/arm-atollic-eabi/4.7.3/armv7-m/crtbegin.o
 *(.init)
 .init          0x00007150        0x4 c:/program files/atollic/truestudio for arm pro 4.3.1/armtools/bin/../lib/gcc/arm-atollic-eabi/4.7.3/armv7-m/crti.o
                0x00007150                _init
 .init          0x00007154        0x8 c:/program files/atollic/truestudio for arm pro 4.3.1/armtools/bin/../lib/gcc/arm-atollic-eabi/4.7.3/armv7-m/crtn.o
 *(.fini)
 .fini          0x0000715c        0x4 c:/program files/atollic/truestudio for arm pro 4.3.1/armtools/bin/../lib/gcc/arm-atollic-eabi/4.7.3/armv7-m/crti.o
                0x0000715c                _fini
 .fini          0x00007160        0x8 c:/program files/atollic/truestudio for arm pro 4.3.1/armtools/bin/../lib/gcc/arm-atollic-eabi/4.7.3/armv7-m/crtn.o
                0x00007168                . = ALIGN (0x4)
                0x00007168                _etext = .

.vfp11_veneer   0x00007168        0x0
 .vfp11_veneer  0x00000000        0x0 linker stubs

.v4_bx          0x00007168        0x0
 .v4_bx         0x00000000        0x0 linker stubs

.iplt           0x00007168        0x0
 .iplt          0x00000000        0x0 c:/program files/atollic/truestudio for arm pro 4.3.1/armtools/bin/../lib/gcc/arm-atollic-eabi/4.7.3/armv7-m/crtbegin.o

.rodata         0x00007168     0x30ec
                0x00007168                . = ALIGN (0x4)
 *(.rodata)
 .rodata        0x00007168       0x54 src\main.o
 .rodata        0x000071bc        0x4 src\keyboard.o
 *(.rodata*)
 .rodata.font5x7
                0x000071c0      0x1e0 src\splc501c.o
 .rodata.main_menu
                0x000073a0      0x420 src\main.o
 .rodata.measure
                0x000077c0      0x420 src\main.o
 .rodata.battery_alarm
                0x00007be0      0x420 src\main.o
                0x00007be0                battery_alarm
 .rodata.battery
                0x00008000      0x420 src\main.o
                0x00008000                battery
 .rodata.bt_state
                0x00008420      0x420 src\main.o
                0x00008420                bt_state
 .rodata.settings
                0x00008840      0x420 src\main.o
                0x00008840                settings
 .rodata.lcd_brightness
                0x00008c60      0x420 src\main.o
                0x00008c60                lcd_brightness
 .rodata.callibration_start
                0x00009080      0x420 src\main.o
                0x00009080                callibration_start
 .rodata.callibration
                0x000094a0      0x420 src\main.o
                0x000094a0                callibration
 .rodata.succes
                0x000098c0      0x420 src\main.o
                0x000098c0                succes
 .rodata.working
                0x00009ce0      0x420 src\main.o
                0x00009ce0                working
 .rodata.ADC_COEFFICIENT
                0x0000a100        0x8 src\ADS7835E.o
                0x0000a100                ADC_COEFFICIENT
 .rodata.str1.1
                0x0000a108        0x2 c:/program files/atollic/truestudio for arm pro 4.3.1/armtools/bin/../lib/gcc/arm-atollic-eabi/4.7.3/../../../../arm-atollic-eabi/lib/armv7-m\libc_s.a(lib_a-impure.o)
 .rodata.str1.1
                0x0000a10a       0x11 c:/program files/atollic/truestudio for arm pro 4.3.1/armtools/bin/../lib/gcc/arm-atollic-eabi/4.7.3/../../../../arm-atollic-eabi/lib/armv7-m\libc_s.a(lib_a-svfprintf.o)
 .rodata.str1.1
                0x0000a11b       0x22 c:/program files/atollic/truestudio for arm pro 4.3.1/armtools/bin/../lib/gcc/arm-atollic-eabi/4.7.3/../../../../arm-atollic-eabi/lib/armv7-m\libc_s.a(lib_a-vfprintf_i.o)
 *fill*         0x0000a13d        0x3 00
 .rodata.__mprec_tens
                0x0000a140       0xc8 c:/program files/atollic/truestudio for arm pro 4.3.1/armtools/bin/../lib/gcc/arm-atollic-eabi/4.7.3/../../../../arm-atollic-eabi/lib/armv7-m\libc_s.a(lib_a-mprec.o)
                0x0000a140                __mprec_tens
 .rodata.p05.5252
                0x0000a208        0xc c:/program files/atollic/truestudio for arm pro 4.3.1/armtools/bin/../lib/gcc/arm-atollic-eabi/4.7.3/../../../../arm-atollic-eabi/lib/armv7-m\libc_s.a(lib_a-mprec.o)
 *fill*         0x0000a214        0x4 00
 .rodata.__mprec_bigtens
                0x0000a218       0x28 c:/program files/atollic/truestudio for arm pro 4.3.1/armtools/bin/../lib/gcc/arm-atollic-eabi/4.7.3/../../../../arm-atollic-eabi/lib/armv7-m\libc_s.a(lib_a-mprec.o)
                0x0000a218                __mprec_bigtens
 .rodata.str1.1
                0x0000a240        0xf c:/program files/atollic/truestudio for arm pro 4.3.1/armtools/bin/../lib/gcc/arm-atollic-eabi/4.7.3/../../../../arm-atollic-eabi/lib/armv7-m\libc_s.a(lib_a-dtoa.o)
 .rodata.str1.1
                0x0000a24f        0x5 c:/program files/atollic/truestudio for arm pro 4.3.1/armtools/bin/../lib/gcc/arm-atollic-eabi/4.7.3/../../../../arm-atollic-eabi/lib/armv7-m\libm.a(lib_a-w_sqrt.o)
                0x0000a254                . = ALIGN (0x4)

.rel.dyn        0x0000a254        0x0
 .rel.iplt      0x00000000        0x0 c:/program files/atollic/truestudio for arm pro 4.3.1/armtools/bin/../lib/gcc/arm-atollic-eabi/4.7.3/armv7-m/crtbegin.o

.ARM.extab
 *(.ARM.extab* .gnu.linkonce.armextab.*)

.ARM            0x0000a254        0x0
                0x0000a254                __exidx_start = .
 *(.ARM.exidx*)
                0x0000a254                __exidx_end = .

.preinit_array  0x0000a254        0x0
                0x0000a254                PROVIDE (__preinit_array_start, .)
 *(.preinit_array*)
                0x0000a254                PROVIDE (__preinit_array_end, .)

.init_array     0x0000a254        0x4
                0x0000a254                PROVIDE (__init_array_start, .)
 *(SORT(.init_array.*))
 *(.init_array*)
 .init_array    0x0000a254        0x4 c:/program files/atollic/truestudio for arm pro 4.3.1/armtools/bin/../lib/gcc/arm-atollic-eabi/4.7.3/armv7-m/crtbegin.o
                0x0000a258                PROVIDE (__init_array_end, .)

.fini_array     0x0000a258        0x4
                0x0000a258                PROVIDE (__fini_array_start, .)
 *(SORT(.fini_array.*))
 *(.fini_array*)
 .fini_array    0x0000a258        0x4 c:/program files/atollic/truestudio for arm pro 4.3.1/armtools/bin/../lib/gcc/arm-atollic-eabi/4.7.3/armv7-m/crtbegin.o
                0x0000a25c                PROVIDE (__fini_array_end, .)
                0x0000a25c                _sidata = LOADADDR (.data)

.data           0x20000000       0x90 load address 0x0000a25c
                0x20000000                . = ALIGN (0x4)
                0x20000000                _sdata = .
 *(.data)
 *(.data*)
 .data.SystemHFXOClock
                0x20000000        0x4 src\system_efm32gg.o
 .data.SystemLFXOClock
                0x20000004        0x4 src\system_efm32gg.o
 .data.uart1    0x20000008        0x4 src\BTM222.o
 .data.uart1Init
                0x2000000c       0x18 src\BTM222.o
 .data.impure_data
                0x20000024       0x64 c:/program files/atollic/truestudio for arm pro 4.3.1/armtools/bin/../lib/gcc/arm-atollic-eabi/4.7.3/../../../../arm-atollic-eabi/lib/armv7-m\libc_s.a(lib_a-impure.o)
 .data._impure_ptr
                0x20000088        0x4 c:/program files/atollic/truestudio for arm pro 4.3.1/armtools/bin/../lib/gcc/arm-atollic-eabi/4.7.3/../../../../arm-atollic-eabi/lib/armv7-m\libc_s.a(lib_a-impure.o)
                0x20000088                _impure_ptr
 .data.__fdlib_version
                0x2000008c        0x1 c:/program files/atollic/truestudio for arm pro 4.3.1/armtools/bin/../lib/gcc/arm-atollic-eabi/4.7.3/../../../../arm-atollic-eabi/lib/armv7-m\libm.a(lib_a-s_lib_ver.o)
                0x2000008c                __fdlib_version
                0x20000090                . = ALIGN (0x4)
 *fill*         0x2000008d        0x3 00
                0x20000090                _edata = .

.jcr            0x20000090        0x0 load address 0x0000a2ec
 .jcr           0x20000090        0x0 c:/program files/atollic/truestudio for arm pro 4.3.1/armtools/bin/../lib/gcc/arm-atollic-eabi/4.7.3/armv7-m/crtbegin.o

.igot.plt       0x20000090        0x0 load address 0x0000a2ec
 .igot.plt      0x00000000        0x0 c:/program files/atollic/truestudio for arm pro 4.3.1/armtools/bin/../lib/gcc/arm-atollic-eabi/4.7.3/armv7-m/crtbegin.o
                0x20000090                . = ALIGN (0x4)

.bss            0x20000090      0x2ac load address 0x0000a2f0
                0x20000090                _sbss = .
                0x20000090                __bss_start__ = _sbss
 *(.bss)
 .bss           0x20000090       0x1c c:/program files/atollic/truestudio for arm pro 4.3.1/armtools/bin/../lib/gcc/arm-atollic-eabi/4.7.3/armv7-m/crtbegin.o
 *(.bss*)
 .bss.endOfADCInterrupt
                0x200000ac        0x1 src\main.o
                0x200000ac                endOfADCInterrupt
 *fill*         0x200000ad        0x1 00
 .bss.FRAME     0x200000ae        0x2 src\main.o
                0x200000ae                FRAME
 .bss.lastNumberRow.7804
                0x200000b0        0x1 src\main.o
 .bss.lastNumberRow.7783
                0x200000b1        0x1 src\main.o
 .bss.BTMcounter.7752
                0x200000b2        0x2 src\main.o
 .bss.cmuStatus
                0x200000b4        0x2 Libraries\emlib\src\em_emu.o
 *fill*         0x200000b6        0x2 00
 .bss.__malloc_free_list
                0x200000b8        0x4 c:/program files/atollic/truestudio for arm pro 4.3.1/armtools/bin/../lib/gcc/arm-atollic-eabi/4.7.3/../../../../arm-atollic-eabi/lib/armv7-m\libc_s.a(lib_a-mallocr.o)
                0x200000b8                __malloc_free_list
 .bss.heap_end.5107
                0x200000bc        0x4 c:/program files/atollic/truestudio for arm pro 4.3.1/armtools/bin/../lib/gcc/arm-atollic-eabi/4.7.3/../../../../arm-atollic-eabi/lib/armv7-m\libc_s.a(lib_a-syscalls.o)
 *(COMMON)
 COMMON         0x200000c0        0x4 src\system_efm32gg.o
                0x200000c0                SystemCoreClock
 *fill*         0x200000c4        0x4 00
 COMMON         0x200000c8       0x44 src\main.o
                0x200000c8                results
                0x200000e8                State
                0x200000f0                receivexBuffer
                0x200000fc                buf
                0x20000108                msTicks
 COMMON         0x2000010c      0x220 src\BTM222.o
                0x2000010c                txBuf
                0x2000021c                rxBuf
 COMMON         0x2000032c        0xc src\ADS7835E.o
                0x2000032c                RxFrame
                0x20000330                masterRxBufferSize
                0x20000334                masterRxBuffer
 COMMON         0x20000338        0x4 c:/program files/atollic/truestudio for arm pro 4.3.1/armtools/bin/../lib/gcc/arm-atollic-eabi/4.7.3/../../../../arm-atollic-eabi/lib/armv7-m\libc_s.a(lib_a-reent.o)
                0x20000338                errno
                0x2000033c                . = ALIGN (0x4)
                0x2000033c                _ebss = .
                0x2000033c                __bss_end__ = _ebss

._user_heap_stack
                0x2000033c      0x400 load address 0x0000a2ec
                0x2000033c                . = ALIGN (0x4)
                0x2000033c                PROVIDE (end, .)
                0x2000033c                PROVIDE (_end, .)
                0x2000033c                . = (. + _Min_Heap_Size)
                0x2000073c                . = (. + _Min_Stack_Size)
 *fill*         0x2000033c      0x400 00
                0x2000073c                . = ALIGN (0x4)

.memory_b1_text
 *(.mb1text)
 *(.mb1text*)
 *(.mb1rodata)
 *(.mb1rodata*)

/DISCARD/
 libc.a(*)
 libm.a(*)
 libgcc.a(*)

.ARM.attributes
                0x00000000       0x29
 *(.ARM.attributes)
 .ARM.attributes
                0x00000000       0x1d c:/program files/atollic/truestudio for arm pro 4.3.1/armtools/bin/../lib/gcc/arm-atollic-eabi/4.7.3/armv7-m/crti.o
 .ARM.attributes
                0x0000001d       0x2d c:/program files/atollic/truestudio for arm pro 4.3.1/armtools/bin/../lib/gcc/arm-atollic-eabi/4.7.3/armv7-m/crtbegin.o
 .ARM.attributes
                0x0000004a       0x33 src\system_efm32gg.o
 .ARM.attributes
                0x0000007d       0x21 src\startup_efm32gg.o
 .ARM.attributes
                0x0000009e       0x33 src\splc501c.o
 .ARM.attributes
                0x000000d1       0x33 src\main.o
 .ARM.attributes
                0x00000104       0x33 src\keyboard.o
 .ARM.attributes
                0x00000137       0x33 src\Timers.o
 .ARM.attributes
                0x0000016a       0x33 src\BTM222.o
 .ARM.attributes
                0x0000019d       0x33 src\ADS7835E.o
 .ARM.attributes
                0x000001d0       0x33 Libraries\emlib\src\em_usart.o
 .ARM.attributes
                0x00000203       0x33 Libraries\emlib\src\em_timer.o
 .ARM.attributes
                0x00000236       0x33 Libraries\emlib\src\em_system.o
 .ARM.attributes
                0x00000269       0x33 Libraries\emlib\src\em_rtc.o
 .ARM.attributes
                0x0000029c       0x33 Libraries\emlib\src\em_gpio.o
 .ARM.attributes
                0x000002cf       0x33 Libraries\emlib\src\em_emu.o
 .ARM.attributes
                0x00000302       0x33 Libraries\emlib\src\em_dma.o
 .ARM.attributes
                0x00000335       0x33 Libraries\emlib\src\em_cmu.o
 .ARM.attributes
                0x00000368       0x2d c:/program files/atollic/truestudio for arm pro 4.3.1/armtools/bin/../lib/gcc/arm-atollic-eabi/4.7.3/../../../../arm-atollic-eabi/lib/armv7-m\libc_s.a(lib_a-calloc.o)
 .ARM.attributes
                0x00000395       0x2d c:/program files/atollic/truestudio for arm pro 4.3.1/armtools/bin/../lib/gcc/arm-atollic-eabi/4.7.3/../../../../arm-atollic-eabi/lib/armv7-m\libc_s.a(lib_a-callocr.o)
 .ARM.attributes
                0x000003c2       0x2d c:/program files/atollic/truestudio for arm pro 4.3.1/armtools/bin/../lib/gcc/arm-atollic-eabi/4.7.3/../../../../arm-atollic-eabi/lib/armv7-m\libc_s.a(lib_a-efgcvt.o)
 .ARM.attributes
                0x000003ef       0x2d c:/program files/atollic/truestudio for arm pro 4.3.1/armtools/bin/../lib/gcc/arm-atollic-eabi/4.7.3/../../../../arm-atollic-eabi/lib/armv7-m\libc_s.a(lib_a-impure.o)
 .ARM.attributes
                0x0000041c       0x2d c:/program files/atollic/truestudio for arm pro 4.3.1/armtools/bin/../lib/gcc/arm-atollic-eabi/4.7.3/../../../../arm-atollic-eabi/lib/armv7-m\libc_s.a(lib_a-init.o)
 .ARM.attributes
                0x00000449       0x2d c:/program files/atollic/truestudio for arm pro 4.3.1/armtools/bin/../lib/gcc/arm-atollic-eabi/4.7.3/../../../../arm-atollic-eabi/lib/armv7-m\libc_s.a(lib_a-malloc.o)
 .ARM.attributes
                0x00000476       0x2d c:/program files/atollic/truestudio for arm pro 4.3.1/armtools/bin/../lib/gcc/arm-atollic-eabi/4.7.3/../../../../arm-atollic-eabi/lib/armv7-m\libc_s.a(lib_a-mallocr.o)
 .ARM.attributes
                0x000004a3       0x2d c:/program files/atollic/truestudio for arm pro 4.3.1/armtools/bin/../lib/gcc/arm-atollic-eabi/4.7.3/../../../../arm-atollic-eabi/lib/armv7-m\libc_s.a(lib_a-memset.o)
 .ARM.attributes
                0x000004d0       0x2d c:/program files/atollic/truestudio for arm pro 4.3.1/armtools/bin/../lib/gcc/arm-atollic-eabi/4.7.3/../../../../arm-atollic-eabi/lib/armv7-m\libc_s.a(lib_a-sbrkr.o)
 .ARM.attributes
                0x000004fd       0x2d c:/program files/atollic/truestudio for arm pro 4.3.1/armtools/bin/../lib/gcc/arm-atollic-eabi/4.7.3/../../../../arm-atollic-eabi/lib/armv7-m\libc_s.a(lib_a-snprintf.o)
 .ARM.attributes
                0x0000052a       0x2d c:/program files/atollic/truestudio for arm pro 4.3.1/armtools/bin/../lib/gcc/arm-atollic-eabi/4.7.3/../../../../arm-atollic-eabi/lib/armv7-m\libc_s.a(lib_a-strlen.o)
 .ARM.attributes
                0x00000557       0x2d c:/program files/atollic/truestudio for arm pro 4.3.1/armtools/bin/../lib/gcc/arm-atollic-eabi/4.7.3/../../../../arm-atollic-eabi/lib/armv7-m\libc_s.a(lib_a-svfprintf.o)
 .ARM.attributes
                0x00000584       0x2d c:/program files/atollic/truestudio for arm pro 4.3.1/armtools/bin/../lib/gcc/arm-atollic-eabi/4.7.3/../../../../arm-atollic-eabi/lib/armv7-m\libc_s.a(lib_a-syscalls.o)
 .ARM.attributes
                0x000005b1       0x2d c:/program files/atollic/truestudio for arm pro 4.3.1/armtools/bin/../lib/gcc/arm-atollic-eabi/4.7.3/../../../../arm-atollic-eabi/lib/armv7-m\libc_s.a(lib_a-vfprintf_i.o)
 .ARM.attributes
                0x000005de       0x2d c:/program files/atollic/truestudio for arm pro 4.3.1/armtools/bin/../lib/gcc/arm-atollic-eabi/4.7.3/../../../../arm-atollic-eabi/lib/armv7-m\libc_s.a(lib_a-ecvtbuf.o)
 .ARM.attributes
                0x0000060b       0x2d c:/program files/atollic/truestudio for arm pro 4.3.1/armtools/bin/../lib/gcc/arm-atollic-eabi/4.7.3/../../../../arm-atollic-eabi/lib/armv7-m\libc_s.a(lib_a-freer.o)
 .ARM.attributes
                0x00000638       0x2d c:/program files/atollic/truestudio for arm pro 4.3.1/armtools/bin/../lib/gcc/arm-atollic-eabi/4.7.3/../../../../arm-atollic-eabi/lib/armv7-m\libc_s.a(lib_a-memchr.o)
 .ARM.attributes
                0x00000665       0x2d c:/program files/atollic/truestudio for arm pro 4.3.1/armtools/bin/../lib/gcc/arm-atollic-eabi/4.7.3/../../../../arm-atollic-eabi/lib/armv7-m\libc_s.a(lib_a-memcpy.o)
 .ARM.attributes
                0x00000692       0x2d c:/program files/atollic/truestudio for arm pro 4.3.1/armtools/bin/../lib/gcc/arm-atollic-eabi/4.7.3/../../../../arm-atollic-eabi/lib/armv7-m\libc_s.a(lib_a-mprec.o)
 .ARM.attributes
                0x000006bf       0x2d c:/program files/atollic/truestudio for arm pro 4.3.1/armtools/bin/../lib/gcc/arm-atollic-eabi/4.7.3/../../../../arm-atollic-eabi/lib/armv7-m\libc_s.a(lib_a-reallocr.o)
 .ARM.attributes
                0x000006ec       0x2d c:/program files/atollic/truestudio for arm pro 4.3.1/armtools/bin/../lib/gcc/arm-atollic-eabi/4.7.3/../../../../arm-atollic-eabi/lib/armv7-m\libc_s.a(lib_a-reent.o)
 .ARM.attributes
                0x00000719       0x2d c:/program files/atollic/truestudio for arm pro 4.3.1/armtools/bin/../lib/gcc/arm-atollic-eabi/4.7.3/../../../../arm-atollic-eabi/lib/armv7-m\libc_s.a(lib_a-strcpy.o)
 .ARM.attributes
                0x00000746       0x2d c:/program files/atollic/truestudio for arm pro 4.3.1/armtools/bin/../lib/gcc/arm-atollic-eabi/4.7.3/../../../../arm-atollic-eabi/lib/armv7-m\libc_s.a(lib_a-dtoa.o)
 .ARM.attributes
                0x00000773       0x2d c:/program files/atollic/truestudio for arm pro 4.3.1/armtools/bin/../lib/gcc/arm-atollic-eabi/4.7.3/../../../../arm-atollic-eabi/lib/armv7-m\libc_s.a(lib_a-msizer.o)
 .ARM.attributes
                0x000007a0       0x2d c:/program files/atollic/truestudio for arm pro 4.3.1/armtools/bin/../lib/gcc/arm-atollic-eabi/4.7.3/../../../../arm-atollic-eabi/lib/armv7-m\libm.a(lib_a-w_sqrt.o)
 .ARM.attributes
                0x000007cd       0x2d c:/program files/atollic/truestudio for arm pro 4.3.1/armtools/bin/../lib/gcc/arm-atollic-eabi/4.7.3/../../../../arm-atollic-eabi/lib/armv7-m\libm.a(lib_a-e_sqrt.o)
 .ARM.attributes
                0x000007fa       0x2d c:/program files/atollic/truestudio for arm pro 4.3.1/armtools/bin/../lib/gcc/arm-atollic-eabi/4.7.3/../../../../arm-atollic-eabi/lib/armv7-m\libm.a(lib_a-s_fpclassify.o)
 .ARM.attributes
                0x00000827       0x2d c:/program files/atollic/truestudio for arm pro 4.3.1/armtools/bin/../lib/gcc/arm-atollic-eabi/4.7.3/../../../../arm-atollic-eabi/lib/armv7-m\libm.a(lib_a-s_lib_ver.o)
 .ARM.attributes
                0x00000854       0x2d c:/program files/atollic/truestudio for arm pro 4.3.1/armtools/bin/../lib/gcc/arm-atollic-eabi/4.7.3/../../../../arm-atollic-eabi/lib/armv7-m\libm.a(lib_a-s_matherr.o)
 .ARM.attributes
                0x00000881       0x2d c:/program files/atollic/truestudio for arm pro 4.3.1/armtools/bin/../lib/gcc/arm-atollic-eabi/4.7.3/../../../../arm-atollic-eabi/lib/armv7-m\libc_s.a(lib_a-errno.o)
 .ARM.attributes
                0x000008ae       0x1d c:/program files/atollic/truestudio for arm pro 4.3.1/armtools/bin/../lib/gcc/arm-atollic-eabi/4.7.3/armv7-m\libgcc.a(_arm_addsubdf3.o)
 .ARM.attributes
                0x000008cb       0x1d c:/program files/atollic/truestudio for arm pro 4.3.1/armtools/bin/../lib/gcc/arm-atollic-eabi/4.7.3/armv7-m\libgcc.a(_arm_muldivdf3.o)
 .ARM.attributes
                0x000008e8       0x1d c:/program files/atollic/truestudio for arm pro 4.3.1/armtools/bin/../lib/gcc/arm-atollic-eabi/4.7.3/armv7-m\libgcc.a(_arm_cmpdf2.o)
 .ARM.attributes
                0x00000905       0x1d c:/program files/atollic/truestudio for arm pro 4.3.1/armtools/bin/../lib/gcc/arm-atollic-eabi/4.7.3/armv7-m\libgcc.a(_arm_fixdfsi.o)
 .ARM.attributes
                0x00000922       0x1d c:/program files/atollic/truestudio for arm pro 4.3.1/armtools/bin/../lib/gcc/arm-atollic-eabi/4.7.3/armv7-m/crtn.o
OUTPUT(FINAL_COIL_METER.elf elf32-littlearm)

.debug_info     0x00000000     0xa154
 .debug_info    0x00000000      0x56c src\system_efm32gg.o
 .debug_info    0x0000056c       0x85 src\startup_efm32gg.o
 .debug_info    0x000005f1      0x954 src\splc501c.o
 .debug_info    0x00000f45     0x15c1 src\main.o
 .debug_info    0x00002506      0xc9b src\keyboard.o
 .debug_info    0x000031a1      0xaff src\Timers.o
 .debug_info    0x00003ca0      0xd2d src\BTM222.o
 .debug_info    0x000049cd      0xb7d src\ADS7835E.o
 .debug_info    0x0000554a      0xe45 Libraries\emlib\src\em_usart.o
 .debug_info    0x0000638f      0x70c Libraries\emlib\src\em_timer.o
 .debug_info    0x00006a9b      0x237 Libraries\emlib\src\em_system.o
 .debug_info    0x00006cd2      0x32b Libraries\emlib\src\em_rtc.o
 .debug_info    0x00006ffd      0x4d4 Libraries\emlib\src\em_gpio.o
 .debug_info    0x000074d1      0xa9c Libraries\emlib\src\em_emu.o
 .debug_info    0x00007f6d     0x122d Libraries\emlib\src\em_dma.o
 .debug_info    0x0000919a      0xfba Libraries\emlib\src\em_cmu.o

.debug_abbrev   0x00000000     0x1d99
 .debug_abbrev  0x00000000      0x1a5 src\system_efm32gg.o
 .debug_abbrev  0x000001a5       0x12 src\startup_efm32gg.o
 .debug_abbrev  0x000001b7      0x1c4 src\splc501c.o
 .debug_abbrev  0x0000037b      0x32e src\main.o
 .debug_abbrev  0x000006a9      0x208 src\keyboard.o
 .debug_abbrev  0x000008b1      0x188 src\Timers.o
 .debug_abbrev  0x00000a39      0x27a src\BTM222.o
 .debug_abbrev  0x00000cb3      0x29d src\ADS7835E.o
 .debug_abbrev  0x00000f50      0x1d6 Libraries\emlib\src\em_usart.o
 .debug_abbrev  0x00001126      0x14d Libraries\emlib\src\em_timer.o
 .debug_abbrev  0x00001273       0xef Libraries\emlib\src\em_system.o
 .debug_abbrev  0x00001362      0x198 Libraries\emlib\src\em_rtc.o
 .debug_abbrev  0x000014fa      0x13a Libraries\emlib\src\em_gpio.o
 .debug_abbrev  0x00001634      0x244 Libraries\emlib\src\em_emu.o
 .debug_abbrev  0x00001878      0x23b Libraries\emlib\src\em_dma.o
 .debug_abbrev  0x00001ab3      0x2e6 Libraries\emlib\src\em_cmu.o

.debug_loc      0x00000000     0x2dda
 .debug_loc     0x00000000      0x1e8 src\system_efm32gg.o
 .debug_loc     0x000001e8      0x42a src\splc501c.o
 .debug_loc     0x00000612      0x4d8 src\main.o
 .debug_loc     0x00000aea      0x244 src\keyboard.o
 .debug_loc     0x00000d2e      0x1b4 src\Timers.o
 .debug_loc     0x00000ee2      0x404 src\BTM222.o
 .debug_loc     0x000012e6      0x404 src\ADS7835E.o
 .debug_loc     0x000016ea      0x460 Libraries\emlib\src\em_usart.o
 .debug_loc     0x00001b4a      0x150 Libraries\emlib\src\em_timer.o
 .debug_loc     0x00001c9a       0x70 Libraries\emlib\src\em_system.o
 .debug_loc     0x00001d0a      0x1a8 Libraries\emlib\src\em_rtc.o
 .debug_loc     0x00001eb2      0x118 Libraries\emlib\src\em_gpio.o
 .debug_loc     0x00001fca      0x318 Libraries\emlib\src\em_emu.o
 .debug_loc     0x000022e2      0x428 Libraries\emlib\src\em_dma.o
 .debug_loc     0x0000270a      0x6d0 Libraries\emlib\src\em_cmu.o

.debug_aranges  0x00000000      0x858
 .debug_aranges
                0x00000000       0x68 src\system_efm32gg.o
 .debug_aranges
                0x00000068       0x28 src\startup_efm32gg.o
 .debug_aranges
                0x00000090       0xb0 src\splc501c.o
 .debug_aranges
                0x00000140       0xd8 src\main.o
 .debug_aranges
                0x00000218       0x70 src\keyboard.o
 .debug_aranges
                0x00000288       0x58 src\Timers.o
 .debug_aranges
                0x000002e0       0xb0 src\BTM222.o
 .debug_aranges
                0x00000390       0xb0 src\ADS7835E.o
 .debug_aranges
                0x00000440       0xb8 Libraries\emlib\src\em_usart.o
 .debug_aranges
                0x000004f8       0x48 Libraries\emlib\src\em_timer.o
 .debug_aranges
                0x00000540       0x28 Libraries\emlib\src\em_system.o
 .debug_aranges
                0x00000568       0x58 Libraries\emlib\src\em_rtc.o
 .debug_aranges
                0x000005c0       0x40 Libraries\emlib\src\em_gpio.o
 .debug_aranges
                0x00000600       0x90 Libraries\emlib\src\em_emu.o
 .debug_aranges
                0x00000690       0xb0 Libraries\emlib\src\em_dma.o
 .debug_aranges
                0x00000740      0x118 Libraries\emlib\src\em_cmu.o

.debug_ranges   0x00000000      0x760
 .debug_ranges  0x00000000       0x58 src\system_efm32gg.o
 .debug_ranges  0x00000058       0x20 src\startup_efm32gg.o
 .debug_ranges  0x00000078       0xa0 src\splc501c.o
 .debug_ranges  0x00000118       0xc8 src\main.o
 .debug_ranges  0x000001e0       0x60 src\keyboard.o
 .debug_ranges  0x00000240       0x48 src\Timers.o
 .debug_ranges  0x00000288       0xa0 src\BTM222.o
 .debug_ranges  0x00000328       0xa0 src\ADS7835E.o
 .debug_ranges  0x000003c8       0xa8 Libraries\emlib\src\em_usart.o
 .debug_ranges  0x00000470       0x38 Libraries\emlib\src\em_timer.o
 .debug_ranges  0x000004a8       0x18 Libraries\emlib\src\em_system.o
 .debug_ranges  0x000004c0       0x48 Libraries\emlib\src\em_rtc.o
 .debug_ranges  0x00000508       0x30 Libraries\emlib\src\em_gpio.o
 .debug_ranges  0x00000538       0x80 Libraries\emlib\src\em_emu.o
 .debug_ranges  0x000005b8       0xa0 Libraries\emlib\src\em_dma.o
 .debug_ranges  0x00000658      0x108 Libraries\emlib\src\em_cmu.o

.debug_line     0x00000000     0x34fa
 .debug_line    0x00000000      0x22b src\system_efm32gg.o
 .debug_line    0x0000022b       0x75 src\startup_efm32gg.o
 .debug_line    0x000002a0      0x425 src\splc501c.o
 .debug_line    0x000006c5      0x5f1 src\main.o
 .debug_line    0x00000cb6      0x2e5 src\keyboard.o
 .debug_line    0x00000f9b      0x233 src\Timers.o
 .debug_line    0x000011ce      0x3a1 src\BTM222.o
 .debug_line    0x0000156f      0x40a src\ADS7835E.o
 .debug_line    0x00001979      0x40d Libraries\emlib\src\em_usart.o
 .debug_line    0x00001d86      0x2d2 Libraries\emlib\src\em_timer.o
 .debug_line    0x00002058      0x1bb Libraries\emlib\src\em_system.o
 .debug_line    0x00002213      0x231 Libraries\emlib\src\em_rtc.o
 .debug_line    0x00002444      0x213 Libraries\emlib\src\em_gpio.o
 .debug_line    0x00002657      0x380 Libraries\emlib\src\em_emu.o
 .debug_line    0x000029d7      0x43b Libraries\emlib\src\em_dma.o
 .debug_line    0x00002e12      0x6e8 Libraries\emlib\src\em_cmu.o

.debug_str      0x00000000     0x371e
 .debug_str     0x00000000      0x378 src\system_efm32gg.o
                                0x3e3 (size before relaxing)
 .debug_str     0x00000378      0x52e src\splc501c.o
                                0x691 (size before relaxing)
 .debug_str     0x000008a6      0x9db src\main.o
                                0xfd9 (size before relaxing)
 .debug_str     0x00001281      0x145 src\keyboard.o
                                0xc6c (size before relaxing)
 .debug_str     0x000013c6      0x308 src\Timers.o
                                0xa1b (size before relaxing)
 .debug_str     0x000016ce      0x537 src\BTM222.o
                                0xd80 (size before relaxing)
 .debug_str     0x00001c05      0x224 src\ADS7835E.o
                                0x754 (size before relaxing)
 .debug_str     0x00001e29      0x5a4 Libraries\emlib\src\em_usart.o
                                0xd25 (size before relaxing)
 .debug_str     0x000023cd      0x2d4 Libraries\emlib\src\em_timer.o
                                0x6f3 (size before relaxing)
 .debug_str     0x000026a1       0xc7 Libraries\emlib\src\em_system.o
                                0x233 (size before relaxing)
 .debug_str     0x00002768       0xa9 Libraries\emlib\src\em_rtc.o
                                0x247 (size before relaxing)
 .debug_str     0x00002811       0xfc Libraries\emlib\src\em_gpio.o
                                0x4cb (size before relaxing)
 .debug_str     0x0000290d      0x397 Libraries\emlib\src\em_emu.o
                                0x68e (size before relaxing)
 .debug_str     0x00002ca4      0x5b2 Libraries\emlib\src\em_dma.o
                                0xc86 (size before relaxing)
 .debug_str     0x00003256      0x4c8 Libraries\emlib\src\em_cmu.o
                                0xb32 (size before relaxing)

.comment        0x00000000       0x82
 .comment       0x00000000       0x82 src\system_efm32gg.o
                                 0x83 (size before relaxing)
 .comment       0x00000000       0x83 src\splc501c.o
 .comment       0x00000000       0x83 src\main.o
 .comment       0x00000000       0x83 src\keyboard.o
 .comment       0x00000000       0x83 src\Timers.o
 .comment       0x00000000       0x83 src\BTM222.o
 .comment       0x00000000       0x83 src\ADS7835E.o
 .comment       0x00000000       0x83 Libraries\emlib\src\em_usart.o
 .comment       0x00000000       0x83 Libraries\emlib\src\em_timer.o
 .comment       0x00000000       0x83 Libraries\emlib\src\em_system.o
 .comment       0x00000000       0x83 Libraries\emlib\src\em_rtc.o
 .comment       0x00000000       0x83 Libraries\emlib\src\em_gpio.o
 .comment       0x00000000       0x83 Libraries\emlib\src\em_emu.o
 .comment       0x00000000       0x83 Libraries\emlib\src\em_dma.o
 .comment       0x00000000       0x83 Libraries\emlib\src\em_cmu.o

.debug_frame    0x00000000     0x23d0
 .debug_frame   0x00000000      0x120 src\system_efm32gg.o
 .debug_frame   0x00000120      0x260 src\splc501c.o
 .debug_frame   0x00000380      0x2d0 src\main.o
 .debug_frame   0x00000650      0x148 src\keyboard.o
 .debug_frame   0x00000798       0xf4 src\Timers.o
 .debug_frame   0x0000088c      0x244 src\BTM222.o
 .debug_frame   0x00000ad0      0x254 src\ADS7835E.o
 .debug_frame   0x00000d24      0x25c Libraries\emlib\src\em_usart.o
 .debug_frame   0x00000f80       0xb8 Libraries\emlib\src\em_timer.o
 .debug_frame   0x00001038       0x48 Libraries\emlib\src\em_system.o
 .debug_frame   0x00001080       0xf0 Libraries\emlib\src\em_rtc.o
 .debug_frame   0x00001170       0xa8 Libraries\emlib\src\em_gpio.o
 .debug_frame   0x00001218      0x1bc Libraries\emlib\src\em_emu.o
 .debug_frame   0x000013d4      0x240 Libraries\emlib\src\em_dma.o
 .debug_frame   0x00001614      0x3b0 Libraries\emlib\src\em_cmu.o
 .debug_frame   0x000019c4       0x20 c:/program files/atollic/truestudio for arm pro 4.3.1/armtools/bin/../lib/gcc/arm-atollic-eabi/4.7.3/../../../../arm-atollic-eabi/lib/armv7-m\libc_s.a(lib_a-calloc.o)
 .debug_frame   0x000019e4       0x2c c:/program files/atollic/truestudio for arm pro 4.3.1/armtools/bin/../lib/gcc/arm-atollic-eabi/4.7.3/../../../../arm-atollic-eabi/lib/armv7-m\libc_s.a(lib_a-callocr.o)
 .debug_frame   0x00001a10       0xc4 c:/program files/atollic/truestudio for arm pro 4.3.1/armtools/bin/../lib/gcc/arm-atollic-eabi/4.7.3/../../../../arm-atollic-eabi/lib/armv7-m\libc_s.a(lib_a-efgcvt.o)
 .debug_frame   0x00001ad4       0x2c c:/program files/atollic/truestudio for arm pro 4.3.1/armtools/bin/../lib/gcc/arm-atollic-eabi/4.7.3/../../../../arm-atollic-eabi/lib/armv7-m\libc_s.a(lib_a-init.o)
 .debug_frame   0x00001b00       0x30 c:/program files/atollic/truestudio for arm pro 4.3.1/armtools/bin/../lib/gcc/arm-atollic-eabi/4.7.3/../../../../arm-atollic-eabi/lib/armv7-m\libc_s.a(lib_a-malloc.o)
 .debug_frame   0x00001b30       0x2c c:/program files/atollic/truestudio for arm pro 4.3.1/armtools/bin/../lib/gcc/arm-atollic-eabi/4.7.3/../../../../arm-atollic-eabi/lib/armv7-m\libc_s.a(lib_a-mallocr.o)
 .debug_frame   0x00001b5c       0x20 c:/program files/atollic/truestudio for arm pro 4.3.1/armtools/bin/../lib/gcc/arm-atollic-eabi/4.7.3/../../../../arm-atollic-eabi/lib/armv7-m\libc_s.a(lib_a-memset.o)
 .debug_frame   0x00001b7c       0x2c c:/program files/atollic/truestudio for arm pro 4.3.1/armtools/bin/../lib/gcc/arm-atollic-eabi/4.7.3/../../../../arm-atollic-eabi/lib/armv7-m\libc_s.a(lib_a-sbrkr.o)
 .debug_frame   0x00001ba8       0x58 c:/program files/atollic/truestudio for arm pro 4.3.1/armtools/bin/../lib/gcc/arm-atollic-eabi/4.7.3/../../../../arm-atollic-eabi/lib/armv7-m\libc_s.a(lib_a-snprintf.o)
 .debug_frame   0x00001c00       0x20 c:/program files/atollic/truestudio for arm pro 4.3.1/armtools/bin/../lib/gcc/arm-atollic-eabi/4.7.3/../../../../arm-atollic-eabi/lib/armv7-m\libc_s.a(lib_a-strlen.o)
 .debug_frame   0x00001c20       0x88 c:/program files/atollic/truestudio for arm pro 4.3.1/armtools/bin/../lib/gcc/arm-atollic-eabi/4.7.3/../../../../arm-atollic-eabi/lib/armv7-m\libc_s.a(lib_a-svfprintf.o)
 .debug_frame   0x00001ca8      0x14c c:/program files/atollic/truestudio for arm pro 4.3.1/armtools/bin/../lib/gcc/arm-atollic-eabi/4.7.3/../../../../arm-atollic-eabi/lib/armv7-m\libc_s.a(lib_a-syscalls.o)
 .debug_frame   0x00001df4       0x58 c:/program files/atollic/truestudio for arm pro 4.3.1/armtools/bin/../lib/gcc/arm-atollic-eabi/4.7.3/../../../../arm-atollic-eabi/lib/armv7-m\libc_s.a(lib_a-vfprintf_i.o)
 .debug_frame   0x00001e4c       0xc4 c:/program files/atollic/truestudio for arm pro 4.3.1/armtools/bin/../lib/gcc/arm-atollic-eabi/4.7.3/../../../../arm-atollic-eabi/lib/armv7-m\libc_s.a(lib_a-ecvtbuf.o)
 .debug_frame   0x00001f10       0x2c c:/program files/atollic/truestudio for arm pro 4.3.1/armtools/bin/../lib/gcc/arm-atollic-eabi/4.7.3/../../../../arm-atollic-eabi/lib/armv7-m\libc_s.a(lib_a-freer.o)
 .debug_frame   0x00001f3c       0x28 c:/program files/atollic/truestudio for arm pro 4.3.1/armtools/bin/../lib/gcc/arm-atollic-eabi/4.7.3/../../../../arm-atollic-eabi/lib/armv7-m\libc_s.a(lib_a-memchr.o)
 .debug_frame   0x00001f64       0x28 c:/program files/atollic/truestudio for arm pro 4.3.1/armtools/bin/../lib/gcc/arm-atollic-eabi/4.7.3/../../../../arm-atollic-eabi/lib/armv7-m\libc_s.a(lib_a-memcpy.o)
 .debug_frame   0x00001f8c      0x23c c:/program files/atollic/truestudio for arm pro 4.3.1/armtools/bin/../lib/gcc/arm-atollic-eabi/4.7.3/../../../../arm-atollic-eabi/lib/armv7-m\libc_s.a(lib_a-mprec.o)
 .debug_frame   0x000021c8       0x30 c:/program files/atollic/truestudio for arm pro 4.3.1/armtools/bin/../lib/gcc/arm-atollic-eabi/4.7.3/../../../../arm-atollic-eabi/lib/armv7-m\libc_s.a(lib_a-reallocr.o)
 .debug_frame   0x000021f8       0x64 c:/program files/atollic/truestudio for arm pro 4.3.1/armtools/bin/../lib/gcc/arm-atollic-eabi/4.7.3/../../../../arm-atollic-eabi/lib/armv7-m\libc_s.a(lib_a-reent.o)
 .debug_frame   0x0000225c       0x20 c:/program files/atollic/truestudio for arm pro 4.3.1/armtools/bin/../lib/gcc/arm-atollic-eabi/4.7.3/../../../../arm-atollic-eabi/lib/armv7-m\libc_s.a(lib_a-strcpy.o)
 .debug_frame   0x0000227c       0x68 c:/program files/atollic/truestudio for arm pro 4.3.1/armtools/bin/../lib/gcc/arm-atollic-eabi/4.7.3/../../../../arm-atollic-eabi/lib/armv7-m\libc_s.a(lib_a-dtoa.o)
 .debug_frame   0x000022e4       0x20 c:/program files/atollic/truestudio for arm pro 4.3.1/armtools/bin/../lib/gcc/arm-atollic-eabi/4.7.3/../../../../arm-atollic-eabi/lib/armv7-m\libc_s.a(lib_a-msizer.o)
 .debug_frame   0x00002304       0x38 c:/program files/atollic/truestudio for arm pro 4.3.1/armtools/bin/../lib/gcc/arm-atollic-eabi/4.7.3/../../../../arm-atollic-eabi/lib/armv7-m\libm.a(lib_a-w_sqrt.o)
 .debug_frame   0x0000233c       0x34 c:/program files/atollic/truestudio for arm pro 4.3.1/armtools/bin/../lib/gcc/arm-atollic-eabi/4.7.3/../../../../arm-atollic-eabi/lib/armv7-m\libm.a(lib_a-e_sqrt.o)
 .debug_frame   0x00002370       0x20 c:/program files/atollic/truestudio for arm pro 4.3.1/armtools/bin/../lib/gcc/arm-atollic-eabi/4.7.3/../../../../arm-atollic-eabi/lib/armv7-m\libm.a(lib_a-s_fpclassify.o)
 .debug_frame   0x00002390       0x20 c:/program files/atollic/truestudio for arm pro 4.3.1/armtools/bin/../lib/gcc/arm-atollic-eabi/4.7.3/../../../../arm-atollic-eabi/lib/armv7-m\libm.a(lib_a-s_matherr.o)
 .debug_frame   0x000023b0       0x20 c:/program files/atollic/truestudio for arm pro 4.3.1/armtools/bin/../lib/gcc/arm-atollic-eabi/4.7.3/../../../../arm-atollic-eabi/lib/armv7-m\libc_s.a(lib_a-errno.o)

Cross Reference Table

Symbol                                            File
ACMP0_IRQHandler                                  src\startup_efm32gg.o
ACMP_CapsenseChannelSet                           Libraries\emlib\src\em_acmp.o
ACMP_CapsenseInit                                 Libraries\emlib\src\em_acmp.o
ACMP_ChannelSet                                   Libraries\emlib\src\em_acmp.o
ACMP_Disable                                      Libraries\emlib\src\em_acmp.o
ACMP_Enable                                       Libraries\emlib\src\em_acmp.o
ACMP_GPIOSetup                                    Libraries\emlib\src\em_acmp.o
ACMP_Init                                         Libraries\emlib\src\em_acmp.o
ACMP_Reset                                        Libraries\emlib\src\em_acmp.o
ADC0_IRQHandler                                   src\startup_efm32gg.o
ADC_COEFFICIENT                                   src\ADS7835E.o
ADC_Init                                          Libraries\emlib\src\em_adc.o
ADC_InitScan                                      Libraries\emlib\src\em_adc.o
ADC_InitSingle                                    Libraries\emlib\src\em_adc.o
ADC_PrescaleCalc                                  Libraries\emlib\src\em_adc.o
ADC_Reset                                         Libraries\emlib\src\em_adc.o
ADC_TimebaseCalc                                  Libraries\emlib\src\em_adc.o
AES_CBC128                                        Libraries\emlib\src\em_aes.o
AES_CBC256                                        Libraries\emlib\src\em_aes.o
AES_CFB128                                        Libraries\emlib\src\em_aes.o
AES_CFB256                                        Libraries\emlib\src\em_aes.o
AES_CTR128                                        Libraries\emlib\src\em_aes.o
AES_CTR256                                        Libraries\emlib\src\em_aes.o
AES_CTRUpdate32Bit                                Libraries\emlib\src\em_aes.o
AES_DecryptKey128                                 Libraries\emlib\src\em_aes.o
AES_DecryptKey256                                 Libraries\emlib\src\em_aes.o
AES_ECB128                                        Libraries\emlib\src\em_aes.o
AES_ECB256                                        Libraries\emlib\src\em_aes.o
AES_IRQHandler                                    src\startup_efm32gg.o
AES_OFB128                                        Libraries\emlib\src\em_aes.o
AES_OFB256                                        Libraries\emlib\src\em_aes.o
BTM222_EnterATMode                                src\BTM222.o
BTM222_Init                                       src\BTM222.o
                                                  src\main.o
BTM222_ReadData                                   src\BTM222.o
BTM222_SendData                                   src\BTM222.o
BTM222_SetName                                    src\BTM222.o
BURTC_CompareGet                                  Libraries\emlib\src\em_burtc.o
BURTC_CompareSet                                  Libraries\emlib\src\em_burtc.o
BURTC_CounterReset                                Libraries\emlib\src\em_burtc.o
BURTC_IRQHandler                                  src\startup_efm32gg.o
BURTC_Init                                        Libraries\emlib\src\em_burtc.o
BURTC_Reset                                       Libraries\emlib\src\em_burtc.o
BusFault_Handler                                  src\startup_efm32gg.o
CMU_AUXHFRCOBandGet                               Libraries\emlib\src\em_cmu.o
CMU_AUXHFRCOBandSet                               Libraries\emlib\src\em_cmu.o
CMU_Calibrate                                     Libraries\emlib\src\em_cmu.o
CMU_CalibrateConfig                               Libraries\emlib\src\em_cmu.o
CMU_ClockDivGet                                   Libraries\emlib\src\em_cmu.o
CMU_ClockDivSet                                   Libraries\emlib\src\em_cmu.o
CMU_ClockEnable                                   Libraries\emlib\src\em_cmu.o
                                                  Libraries\emlib\src\em_dma.o
                                                  src\ADS7835E.o
                                                  src\BTM222.o
                                                  src\Timers.o
                                                  src\keyboard.o
                                                  src\splc501c.o
CMU_ClockFreqGet                                  Libraries\emlib\src\em_cmu.o
                                                  Libraries\emlib\src\em_adc.o
                                                  Libraries\emlib\src\em_dac.o
                                                  Libraries\emlib\src\em_i2c.o
                                                  Libraries\emlib\src\em_lesense.o
                                                  Libraries\emlib\src\em_leuart.o
                                                  Libraries\emlib\src\em_msc.o
                                                  Libraries\emlib\src\em_usart.o
                                                  src\main.o
CMU_ClockSelectGet                                Libraries\emlib\src\em_cmu.o
CMU_ClockSelectSet                                Libraries\emlib\src\em_cmu.o
                                                  src\keyboard.o
                                                  src\main.o
CMU_FreezeEnable                                  Libraries\emlib\src\em_cmu.o
CMU_HFRCOBandGet                                  Libraries\emlib\src\em_cmu.o
CMU_HFRCOBandSet                                  Libraries\emlib\src\em_cmu.o
CMU_HFRCOStartupDelayGet                          Libraries\emlib\src\em_cmu.o
CMU_HFRCOStartupDelaySet                          Libraries\emlib\src\em_cmu.o
CMU_IRQHandler                                    src\startup_efm32gg.o
CMU_LCDClkFDIVGet                                 Libraries\emlib\src\em_cmu.o
CMU_LCDClkFDIVSet                                 Libraries\emlib\src\em_cmu.o
CMU_OscillatorEnable                              Libraries\emlib\src\em_cmu.o
                                                  Libraries\emlib\src\em_dbg.o
                                                  src\keyboard.o
CMU_OscillatorTuningGet                           Libraries\emlib\src\em_cmu.o
CMU_OscillatorTuningSet                           Libraries\emlib\src\em_cmu.o
CMU_PCNTClockExternalGet                          Libraries\emlib\src\em_cmu.o
CMU_PCNTClockExternalSet                          Libraries\emlib\src\em_cmu.o
                                                  Libraries\emlib\src\em_pcnt.o
ConvertDOUBLEtoLCD                                src\ADS7835E.o
                                                  src\main.o
ConvertU16ToINTtoLCD                              src\ADS7835E.o
ConvertU16_from_ADCToINT                          src\ADS7835E.o
                                                  src\goertzel.o
DAC0_IRQHandler                                   src\startup_efm32gg.o
DAC_Enable                                        Libraries\emlib\src\em_dac.o
DAC_Init                                          Libraries\emlib\src\em_dac.o
DAC_InitChannel                                   Libraries\emlib\src\em_dac.o
DAC_PrescaleCalc                                  Libraries\emlib\src\em_dac.o
DAC_Reset                                         Libraries\emlib\src\em_dac.o
DBG_SWOEnable                                     Libraries\emlib\src\em_dbg.o
DMA_ActivateAuto                                  Libraries\emlib\src\em_dma.o
DMA_ActivateBasic                                 Libraries\emlib\src\em_dma.o
DMA_ActivatePingPong                              Libraries\emlib\src\em_dma.o
DMA_ActivateScatterGather                         Libraries\emlib\src\em_dma.o
DMA_CfgChannel                                    Libraries\emlib\src\em_dma.o
DMA_CfgDescr                                      Libraries\emlib\src\em_dma.o
DMA_CfgDescrScatterGather                         Libraries\emlib\src\em_dma.o
DMA_CfgLoop                                       Libraries\emlib\src\em_dma.o
DMA_CfgRect                                       Libraries\emlib\src\em_dma.o
DMA_ChannelEnabled                                Libraries\emlib\src\em_dma.o
DMA_IRQHandler                                    Libraries\emlib\src\em_dma.o
                                                  src\startup_efm32gg.o
DMA_Init                                          Libraries\emlib\src\em_dma.o
DMA_RefreshPingPong                               Libraries\emlib\src\em_dma.o
DMA_Reset                                         Libraries\emlib\src\em_dma.o
DebugMonitor_Handler                              src\startup_efm32gg.o
Default_Handler                                   src\startup_efm32gg.o
Delay                                             src\main.o
EBI_AddressTimingSet                              Libraries\emlib\src\em_ebi.o
EBI_AltMapEnable                                  Libraries\emlib\src\em_ebi.o
EBI_BankAddress                                   Libraries\emlib\src\em_ebi.o
EBI_BankAddressTimingConfig                       Libraries\emlib\src\em_ebi.o
EBI_BankAddressTimingSet                          Libraries\emlib\src\em_ebi.o
EBI_BankByteLaneEnable                            Libraries\emlib\src\em_ebi.o
EBI_BankEnable                                    Libraries\emlib\src\em_ebi.o
EBI_BankPolaritySet                               Libraries\emlib\src\em_ebi.o
EBI_BankReadTimingConfig                          Libraries\emlib\src\em_ebi.o
EBI_BankReadTimingSet                             Libraries\emlib\src\em_ebi.o
EBI_BankWriteTimingConfig                         Libraries\emlib\src\em_ebi.o
EBI_BankWriteTimingSet                            Libraries\emlib\src\em_ebi.o
EBI_ChipSelectEnable                              Libraries\emlib\src\em_ebi.o
EBI_Disable                                       Libraries\emlib\src\em_ebi.o
EBI_IRQHandler                                    src\startup_efm32gg.o
EBI_Init                                          Libraries\emlib\src\em_ebi.o
EBI_PolaritySet                                   Libraries\emlib\src\em_ebi.o
EBI_ReadTimingSet                                 Libraries\emlib\src\em_ebi.o
EBI_TFTHPorchSet                                  Libraries\emlib\src\em_ebi.o
EBI_TFTInit                                       Libraries\emlib\src\em_ebi.o
EBI_TFTSizeSet                                    Libraries\emlib\src\em_ebi.o
EBI_TFTTimingSet                                  Libraries\emlib\src\em_ebi.o
EBI_TFTVPorchSet                                  Libraries\emlib\src\em_ebi.o
EBI_WriteTimingSet                                Libraries\emlib\src\em_ebi.o
EMU_BUPDInit                                      Libraries\emlib\src\em_emu.o
EMU_BUThresRangeSet                               Libraries\emlib\src\em_emu.o
EMU_BUThresholdSet                                Libraries\emlib\src\em_emu.o
EMU_EM4Init                                       Libraries\emlib\src\em_emu.o
EMU_EnterEM2                                      Libraries\emlib\src\em_emu.o
                                                  src\main.o
EMU_EnterEM3                                      Libraries\emlib\src\em_emu.o
EMU_EnterEM4                                      Libraries\emlib\src\em_emu.o
EMU_IRQHandler                                    src\startup_efm32gg.o
EMU_MemPwrDown                                    Libraries\emlib\src\em_emu.o
EMU_UpdateOscConfig                               Libraries\emlib\src\em_emu.o
                                                  Libraries\emlib\src\em_cmu.o
FRAME                                             src\main.o
GLCD_Circle                                       src\splc501c.o
GLCD_ClearScreen                                  src\splc501c.o
                                                  src\main.o
GLCD_GoTo                                         src\splc501c.o
                                                  src\main.o
GLCD_Init                                         src\splc501c.o
                                                  src\main.o
GLCD_InitPorts                                    src\splc501c.o
GLCD_Line                                         src\splc501c.o
GLCD_ReadData                                     src\splc501c.o
GLCD_ReadStatus                                   src\splc501c.o
GLCD_Rectangle                                    src\splc501c.o
GLCD_SetPixel                                     src\splc501c.o
                                                  src\main.o
GLCD_WriteChar                                    src\splc501c.o
GLCD_WriteCommand                                 src\splc501c.o
                                                  src\main.o
GLCD_WriteData                                    src\splc501c.o
GLCD_WriteString                                  src\splc501c.o
                                                  src\main.o
GLCD_bmp                                          src\splc501c.o
                                                  src\main.o
GPIO_DbgLocationSet                               Libraries\emlib\src\em_gpio.o
                                                  Libraries\emlib\src\em_dbg.o
GPIO_DriveModeSet                                 Libraries\emlib\src\em_gpio.o
GPIO_EVEN_IRQHandler                              src\keyboard.o
                                                  src\startup_efm32gg.o
GPIO_IntConfig                                    Libraries\emlib\src\em_gpio.o
                                                  src\keyboard.o
                                                  src\main.o
GPIO_ODD_IRQHandler                               src\keyboard.o
                                                  src\startup_efm32gg.o
GPIO_PinModeSet                                   Libraries\emlib\src\em_gpio.o
                                                  Libraries\emlib\src\em_dbg.o
                                                  src\BTM222.o
                                                  src\keyboard.o
                                                  src\main.o
GetMagnitudeSquared                               src\goertzel.o
GetRealImag                                       src\goertzel.o
HardFault_Handler                                 src\startup_efm32gg.o
I2C0_IRQHandler                                   src\startup_efm32gg.o
I2C1_IRQHandler                                   src\startup_efm32gg.o
I2C_BusFreqGet                                    Libraries\emlib\src\em_i2c.o
I2C_BusFreqSet                                    Libraries\emlib\src\em_i2c.o
I2C_Enable                                        Libraries\emlib\src\em_i2c.o
I2C_Init                                          Libraries\emlib\src\em_i2c.o
I2C_Reset                                         Libraries\emlib\src\em_i2c.o
I2C_Transfer                                      Libraries\emlib\src\em_i2c.o
I2C_TransferInit                                  Libraries\emlib\src\em_i2c.o
INT_LockCnt                                       Libraries\emlib\src\em_int.o
InitGoertzel                                      src\goertzel.o
InterruptVector                                   src\startup_efm32gg.o
KeyboardGpioSetup                                 src\keyboard.o
                                                  src\main.o
LCD_IRQHandler                                    src\startup_efm32gg.o
LESENSE_AltExConfig                               Libraries\emlib\src\em_lesense.o
LESENSE_ChannelAllConfig                          Libraries\emlib\src\em_lesense.o
LESENSE_ChannelConfig                             Libraries\emlib\src\em_lesense.o
LESENSE_ChannelEnable                             Libraries\emlib\src\em_lesense.o
LESENSE_ChannelEnableMask                         Libraries\emlib\src\em_lesense.o
LESENSE_ChannelThresSet                           Libraries\emlib\src\em_lesense.o
LESENSE_ChannelTimingSet                          Libraries\emlib\src\em_lesense.o
LESENSE_ClkDivSet                                 Libraries\emlib\src\em_lesense.o
LESENSE_DecoderStateAllConfig                     Libraries\emlib\src\em_lesense.o
LESENSE_DecoderStateConfig                        Libraries\emlib\src\em_lesense.o
LESENSE_DecoderStateGet                           Libraries\emlib\src\em_lesense.o
LESENSE_DecoderStateSet                           Libraries\emlib\src\em_lesense.o
LESENSE_IRQHandler                                src\startup_efm32gg.o
LESENSE_Init                                      Libraries\emlib\src\em_lesense.o
LESENSE_Reset                                     Libraries\emlib\src\em_lesense.o
LESENSE_ScanFreqSet                               Libraries\emlib\src\em_lesense.o
LESENSE_ScanModeSet                               Libraries\emlib\src\em_lesense.o
LESENSE_StartDelaySet                             Libraries\emlib\src\em_lesense.o
LETIMER0_IRQHandler                               src\startup_efm32gg.o
LETIMER_CompareGet                                Libraries\emlib\src\em_letimer.o
LETIMER_CompareSet                                Libraries\emlib\src\em_letimer.o
LETIMER_Enable                                    Libraries\emlib\src\em_letimer.o
LETIMER_FreezeEnable                              Libraries\emlib\src\em_letimer.o
LETIMER_Init                                      Libraries\emlib\src\em_letimer.o
LETIMER_RepeatGet                                 Libraries\emlib\src\em_letimer.o
LETIMER_RepeatSet                                 Libraries\emlib\src\em_letimer.o
LETIMER_Reset                                     Libraries\emlib\src\em_letimer.o
LEUART0_IRQHandler                                src\startup_efm32gg.o
LEUART1_IRQHandler                                src\startup_efm32gg.o
LEUART_BaudrateCalc                               Libraries\emlib\src\em_leuart.o
LEUART_BaudrateGet                                Libraries\emlib\src\em_leuart.o
LEUART_BaudrateSet                                Libraries\emlib\src\em_leuart.o
LEUART_Enable                                     Libraries\emlib\src\em_leuart.o
LEUART_FreezeEnable                               Libraries\emlib\src\em_leuart.o
LEUART_Init                                       Libraries\emlib\src\em_leuart.o
LEUART_Reset                                      Libraries\emlib\src\em_leuart.o
LEUART_Rx                                         Libraries\emlib\src\em_leuart.o
LEUART_RxExt                                      Libraries\emlib\src\em_leuart.o
LEUART_Tx                                         Libraries\emlib\src\em_leuart.o
LEUART_TxExt                                      Libraries\emlib\src\em_leuart.o
MPU_ConfigureRegion                               Libraries\emlib\src\em_mpu.o
MSC_Deinit                                        Libraries\emlib\src\em_msc.o
MSC_ErasePage                                     Libraries\emlib\src\em_msc.o
MSC_IRQHandler                                    src\startup_efm32gg.o
MSC_Init                                          Libraries\emlib\src\em_msc.o
MSC_MassErase                                     Libraries\emlib\src\em_msc.o
MSC_WriteWord                                     Libraries\emlib\src\em_msc.o
MemManage_Handler                                 src\startup_efm32gg.o
MscLoadAddress                                    Libraries\emlib\src\em_msc.o
MscLoadData                                       Libraries\emlib\src\em_msc.o
NMI_Handler                                       src\startup_efm32gg.o
OPAMP_Disable                                     Libraries\emlib\src\em_opamp.o
OPAMP_Enable                                      Libraries\emlib\src\em_opamp.o
PCNT0_IRQHandler                                  src\startup_efm32gg.o
PCNT1_IRQHandler                                  src\startup_efm32gg.o
PCNT2_IRQHandler                                  src\startup_efm32gg.o
PCNT_CounterReset                                 Libraries\emlib\src\em_pcnt.o
PCNT_CounterTopSet                                Libraries\emlib\src\em_pcnt.o
PCNT_Enable                                       Libraries\emlib\src\em_pcnt.o
PCNT_FreezeEnable                                 Libraries\emlib\src\em_pcnt.o
PCNT_Init                                         Libraries\emlib\src\em_pcnt.o
PCNT_PRSInputEnable                               Libraries\emlib\src\em_pcnt.o
PCNT_Reset                                        Libraries\emlib\src\em_pcnt.o
PCNT_TopBufferSet                                 Libraries\emlib\src\em_pcnt.o
PCNT_TopSet                                       Libraries\emlib\src\em_pcnt.o
PRS_SourceAsyncSignalSet                          Libraries\emlib\src\em_prs.o
PRS_SourceSignalSet                               Libraries\emlib\src\em_prs.o
ParseDataToSendThroughBTM                         src\ADS7835E.o
PendSV_Handler                                    src\startup_efm32gg.o
ProcessSample                                     src\goertzel.o
Q1                                                src\goertzel.o
Q2                                                src\goertzel.o
RMU_ResetCauseClear                               Libraries\emlib\src\em_rmu.o
RMU_ResetCauseGet                                 Libraries\emlib\src\em_rmu.o
RMU_ResetControl                                  Libraries\emlib\src\em_rmu.o
RTC_CompareGet                                    Libraries\emlib\src\em_rtc.o
RTC_CompareSet                                    Libraries\emlib\src\em_rtc.o
                                                  src\keyboard.o
RTC_CounterReset                                  Libraries\emlib\src\em_rtc.o
RTC_Enable                                        Libraries\emlib\src\em_rtc.o
RTC_FreezeEnable                                  Libraries\emlib\src\em_rtc.o
RTC_IRQHandler                                    src\keyboard.o
                                                  src\startup_efm32gg.o
RTC_Init                                          Libraries\emlib\src\em_rtc.o
                                                  src\keyboard.o
RTC_Reset                                         Libraries\emlib\src\em_rtc.o
ResetGoertzel                                     src\goertzel.o
Reset_Handler                                     src\startup_efm32gg.o
ResultADC_Buf_Free                                src\ADS7835E.o
ResultADC_Buf_Init                                src\ADS7835E.o
                                                  src\main.o
ResultADC_Buf_Write                               src\ADS7835E.o
                                                  src\main.o
RxFrame                                           src\ADS7835E.o
SPI2_disableRXInt_SW                              src\ADS7835E.o
                                                  src\main.o
SPI2_setupRXInt_SW                                src\ADS7835E.o
                                                  src\main.o
SVC_Handler                                       src\startup_efm32gg.o
SYSTEM_ChipRevisionGet                            Libraries\emlib\src\em_system.o
                                                  src\main.o
SYSTEM_GetCalibrationValue                        Libraries\emlib\src\em_system.o
                                                  Libraries\emlib\src\em_opamp.o
State                                             src\keyboard.o
                                                  src\main.o