Archive member included because of file (symbol)

c:/program files/atollic/truestudio for arm lite 4.2.0/armtools/bin/../lib/gcc/arm-atollic-eabi/4.7.3/../../../../arm-atollic-eabi/lib/armv7-m\libc_s.a(lib_a-calloc.o)
                              src\ADS7835E.o (calloc)
c:/program files/atollic/truestudio for arm lite 4.2.0/armtools/bin/../lib/gcc/arm-atollic-eabi/4.7.3/../../../../arm-atollic-eabi/lib/armv7-m\libc_s.a(lib_a-callocr.o)
                              c:/program files/atollic/truestudio for arm lite 4.2.0/armtools/bin/../lib/gcc/arm-atollic-eabi/4.7.3/../../../../arm-atollic-eabi/lib/armv7-m\libc_s.a(lib_a-calloc.o) (_calloc_r)
c:/program files/atollic/truestudio for arm lite 4.2.0/armtools/bin/../lib/gcc/arm-atollic-eabi/4.7.3/../../../../arm-atollic-eabi/lib/armv7-m\libc_s.a(lib_a-efgcvt.o)
                              src\ADS7835E.o (gcvt)
c:/program files/atollic/truestudio for arm lite 4.2.0/armtools/bin/../lib/gcc/arm-atollic-eabi/4.7.3/../../../../arm-atollic-eabi/lib/armv7-m\libc_s.a(lib_a-impure.o)
                              c:/program files/atollic/truestudio for arm lite 4.2.0/armtools/bin/../lib/gcc/arm-atollic-eabi/4.7.3/../../../../arm-atollic-eabi/lib/armv7-m\libc_s.a(lib_a-calloc.o) (_impure_ptr)
c:/program files/atollic/truestudio for arm lite 4.2.0/armtools/bin/../lib/gcc/arm-atollic-eabi/4.7.3/../../../../arm-atollic-eabi/lib/armv7-m\libc_s.a(lib_a-init.o)
                              src\startup_efm32gg.o (__libc_init_array)
c:/program files/atollic/truestudio for arm lite 4.2.0/armtools/bin/../lib/gcc/arm-atollic-eabi/4.7.3/../../../../arm-atollic-eabi/lib/armv7-m\libc_s.a(lib_a-malloc.o)
                              src\ADS7835E.o (free)
c:/program files/atollic/truestudio for arm lite 4.2.0/armtools/bin/../lib/gcc/arm-atollic-eabi/4.7.3/../../../../arm-atollic-eabi/lib/armv7-m\libc_s.a(lib_a-mallocr.o)
                              c:/program files/atollic/truestudio for arm lite 4.2.0/armtools/bin/../lib/gcc/arm-atollic-eabi/4.7.3/../../../../arm-atollic-eabi/lib/armv7-m\libc_s.a(lib_a-callocr.o) (_malloc_r)
c:/program files/atollic/truestudio for arm lite 4.2.0/armtools/bin/../lib/gcc/arm-atollic-eabi/4.7.3/../../../../arm-atollic-eabi/lib/armv7-m\libc_s.a(lib_a-memset.o)
                              c:/program files/atollic/truestudio for arm lite 4.2.0/armtools/bin/../lib/gcc/arm-atollic-eabi/4.7.3/../../../../arm-atollic-eabi/lib/armv7-m\libc_s.a(lib_a-callocr.o) (memset)
c:/program files/atollic/truestudio for arm lite 4.2.0/armtools/bin/../lib/gcc/arm-atollic-eabi/4.7.3/../../../../arm-atollic-eabi/lib/armv7-m\libc_s.a(lib_a-sbrkr.o)
                              c:/program files/atollic/truestudio for arm lite 4.2.0/armtools/bin/../lib/gcc/arm-atollic-eabi/4.7.3/../../../../arm-atollic-eabi/lib/armv7-m\libc_s.a(lib_a-mallocr.o) (_sbrk_r)
c:/program files/atollic/truestudio for arm lite 4.2.0/armtools/bin/../lib/gcc/arm-atollic-eabi/4.7.3/../../../../arm-atollic-eabi/lib/armv7-m\libc_s.a(lib_a-snprintf.o)
                              src\main.o (snprintf)
c:/program files/atollic/truestudio for arm lite 4.2.0/armtools/bin/../lib/gcc/arm-atollic-eabi/4.7.3/../../../../arm-atollic-eabi/lib/armv7-m\libc_s.a(lib_a-strcmp.o)
                              src\BTM222.o (strcmp)
c:/program files/atollic/truestudio for arm lite 4.2.0/armtools/bin/../lib/gcc/arm-atollic-eabi/4.7.3/../../../../arm-atollic-eabi/lib/armv7-m\libc_s.a(lib_a-strlen.o)
                              src\tiny_printf.o (strlen)
c:/program files/atollic/truestudio for arm lite 4.2.0/armtools/bin/../lib/gcc/arm-atollic-eabi/4.7.3/../../../../arm-atollic-eabi/lib/armv7-m\libc_s.a(lib_a-svfprintf.o)
                              c:/program files/atollic/truestudio for arm lite 4.2.0/armtools/bin/../lib/gcc/arm-atollic-eabi/4.7.3/../../../../arm-atollic-eabi/lib/armv7-m\libc_s.a(lib_a-snprintf.o) (_svfprintf_r)
c:/program files/atollic/truestudio for arm lite 4.2.0/armtools/bin/../lib/gcc/arm-atollic-eabi/4.7.3/../../../../arm-atollic-eabi/lib/armv7-m\libc_s.a(lib_a-syscalls.o)
                              src\tiny_printf.o (_write)
c:/program files/atollic/truestudio for arm lite 4.2.0/armtools/bin/../lib/gcc/arm-atollic-eabi/4.7.3/../../../../arm-atollic-eabi/lib/armv7-m\libc_s.a(lib_a-vfprintf_i.o)
                              c:/program files/atollic/truestudio for arm lite 4.2.0/armtools/bin/../lib/gcc/arm-atollic-eabi/4.7.3/../../../../arm-atollic-eabi/lib/armv7-m\libc_s.a(lib_a-svfprintf.o) (_printf_i)
c:/program files/atollic/truestudio for arm lite 4.2.0/armtools/bin/../lib/gcc/arm-atollic-eabi/4.7.3/../../../../arm-atollic-eabi/lib/armv7-m\libc_s.a(lib_a-ecvtbuf.o)
                              c:/program files/atollic/truestudio for arm lite 4.2.0/armtools/bin/../lib/gcc/arm-atollic-eabi/4.7.3/../../../../arm-atollic-eabi/lib/armv7-m\libc_s.a(lib_a-efgcvt.o) (fcvtbuf)
[...]
Memory Configuration

Name             Origin             Length             Attributes
FLASH            0x00000000         0x00100000         xr
RAM              0x20000000         0x00020000         xrw
MEMORY_B1        0x60000000         0x00000000         xr
*default*        0x00000000         0xffffffff

Linker script and memory map

LOAD c:/program files/atollic/truestudio for arm lite 4.2.0/armtools/bin/../lib/gcc/arm-atollic-eabi/4.7.3/armv7-m/crti.o
LOAD c:/program files/atollic/truestudio for arm lite 4.2.0/armtools/bin/../lib/gcc/arm-atollic-eabi/4.7.3/armv7-m/crtbegin.o
LOAD src\tiny_printf.o
LOAD src\system_efm32gg.o
LOAD src\startup_efm32gg.o
LOAD src\splc501c.o
LOAD src\main.o
LOAD src\Timers.o
LOAD src\BTM222.o
LOAD src\ADS7835E.o
LOAD Libraries\emlib\src\em_wdog.o
LOAD Libraries\emlib\src\em_vcmp.o
LOAD Libraries\emlib\src\em_usart.o
LOAD Libraries\emlib\src\em_timer.o
LOAD Libraries\emlib\src\em_system.o
LOAD Libraries\emlib\src\em_rtc.o
LOAD Libraries\emlib\src\em_rmu.o
LOAD Libraries\emlib\src\em_prs.o
LOAD Libraries\emlib\src\em_pcnt.o
LOAD Libraries\emlib\src\em_opamp.o
LOAD Libraries\emlib\src\em_msc.o
LOAD Libraries\emlib\src\em_mpu.o
LOAD Libraries\emlib\src\em_leuart.o
LOAD Libraries\emlib\src\em_letimer.o
LOAD Libraries\emlib\src\em_lesense.o
LOAD Libraries\emlib\src\em_lcd.o
LOAD Libraries\emlib\src\em_int.o
LOAD Libraries\emlib\src\em_i2c.o
LOAD Libraries\emlib\src\em_gpio.o
LOAD Libraries\emlib\src\em_emu.o
LOAD Libraries\emlib\src\em_ebi.o
LOAD Libraries\emlib\src\em_dma.o
LOAD Libraries\emlib\src\em_dbg.o
LOAD Libraries\emlib\src\em_dac.o
LOAD Libraries\emlib\src\em_cmu.o
LOAD Libraries\emlib\src\em_burtc.o
LOAD Libraries\emlib\src\em_assert.o
LOAD Libraries\emlib\src\em_aes.o
LOAD Libraries\emlib\src\em_adc.o
LOAD Libraries\emlib\src\em_acmp.o
START GROUP
LOAD c:/program files/atollic/truestudio for arm lite 4.2.0/armtools/bin/../lib/gcc/arm-atollic-eabi/4.7.3/../../../../arm-atollic-eabi/lib/armv7-m\libc_s.a
LOAD c:/program files/atollic/truestudio for arm lite 4.2.0/armtools/bin/../lib/gcc/arm-atollic-eabi/4.7.3/../../../../arm-atollic-eabi/lib/armv7-m\libm.a
END GROUP
                0x00001000                malloc_getpagesize_P = 0x1000
START GROUP
LOAD c:/program files/atollic/truestudio for arm lite 4.2.0/armtools/bin/../lib/gcc/arm-atollic-eabi/4.7.3/armv7-m\libgcc.a
LOAD c:/program files/atollic/truestudio for arm lite 4.2.0/armtools/bin/../lib/gcc/arm-atollic-eabi/4.7.3/../../../../arm-atollic-eabi/lib/armv7-m\libc.a
END GROUP
LOAD c:/program files/atollic/truestudio for arm lite 4.2.0/armtools/bin/../lib/gcc/arm-atollic-eabi/4.7.3/armv7-m/crtend.o
LOAD c:/program files/atollic/truestudio for arm lite 4.2.0/armtools/bin/../lib/gcc/arm-atollic-eabi/4.7.3/armv7-m/crtn.o
                0x20020000                _estack = 0x20020000
                0x00000000                _Min_Heap_Size = 0x0
                0x00000400                _Min_Stack_Size = 0x400

.isr_vector     0x00000000       0xdc
                0x00000000                . = ALIGN (0x4)
 *(.isr_vector)
 .isr_vector    0x00000000       0xdc src\startup_efm32gg.o
                0x00000000                InterruptVector
                0x000000dc                . = ALIGN (0x4)

.text           0x000000e0     0x5478
                0x000000e0                . = ALIGN (0x4)
 *(.text)
 .text          0x000000e0       0x54 c:/program files/atollic/truestudio for arm lite 4.2.0/armtools/bin/../lib/gcc/arm-atollic-eabi/4.7.3/armv7-m/crtbegin.o
 .text          0x00000134      0x370 c:/program files/atollic/truestudio for arm lite 4.2.0/armtools/bin/../lib/gcc/arm-atollic-eabi/4.7.3/armv7-m\libgcc.a(_arm_addsubdf3.o)
                0x00000134                __aeabi_drsub
                0x0000013c                __aeabi_dsub
                0x0000013c                __subdf3
                0x00000140                __aeabi_dadd
                0x00000140                __adddf3
                0x000003b8                __floatunsidf
                0x000003b8                __aeabi_ui2d
                0x000003d8                __floatsidf
                0x000003d8                __aeabi_i2d
                0x000003fc                __aeabi_f2d
                0x000003fc                __extendsfdf2
                0x00000438                __floatundidf
                0x00000438                __aeabi_ul2d
                0x00000448                __floatdidf
                0x00000448                __aeabi_l2d
 .text          0x000004a4      0x424 c:/program files/atollic/truestudio for arm lite 4.2.0/armtools/bin/../lib/gcc/arm-atollic-eabi/4.7.3/armv7-m\libgcc.a(_arm_muldivdf3.o)
                0x000004a4                __aeabi_dmul
                0x000004a4                __muldf3
                0x000006f8                __divdf3
                0x000006f8                __aeabi_ddiv
 .text          0x000008c8      0x110 c:/program files/atollic/truestudio for arm lite 4.2.0/armtools/bin/../lib/gcc/arm-atollic-eabi/4.7.3/armv7-m\libgcc.a(_arm_cmpdf2.o)
                0x000008c8                __gtdf2
                0x000008c8                __gedf2
                0x000008d0                __ltdf2
                0x000008d0                __ledf2
                0x000008d8                __nedf2
                0x000008d8                __eqdf2
                0x000008d8                __cmpdf2
                0x00000954                __aeabi_cdrcmple
                0x00000964                __aeabi_cdcmpeq
                0x00000964                __aeabi_cdcmple
                0x00000974                __aeabi_dcmpeq
                0x00000988                __aeabi_dcmplt
                0x0000099c                __aeabi_dcmple
                0x000009b0                __aeabi_dcmpge
                0x000009c4                __aeabi_dcmpgt
 .text          0x000009d8       0x50 c:/program files/atollic/truestudio for arm lite 4.2.0/armtools/bin/../lib/gcc/arm-atollic-eabi/4.7.3/armv7-m\libgcc.a(_arm_fixdfsi.o)
                0x000009d8                __aeabi_d2iz
                0x000009d8                __fixdfsi
 *(.text*)
 .text.GetProdRev
                0x00000a28       0x1c src\system_efm32gg.o
 .text.SystemCoreClockGet
                0x00000a44       0x58 src\system_efm32gg.o
                0x00000a44                SystemCoreClockGet
 .text.SystemHFClockGet
                0x00000a9c      0x110 src\system_efm32gg.o
                0x00000a9c                SystemHFClockGet
 .text.SystemHFXOClockGet
                0x00000bac       0x18 src\system_efm32gg.o
                0x00000bac                SystemHFXOClockGet
 .text.SystemInit
                0x00000bc4        0xc src\system_efm32gg.o
                0x00000bc4                SystemInit
 .text.SystemLFRCOClockGet
                0x00000bd0       0x10 src\system_efm32gg.o
                0x00000bd0                SystemLFRCOClockGet
 .text.SystemULFRCOClockGet
                0x00000be0       0x10 src\system_efm32gg.o
                0x00000be0                SystemULFRCOClockGet
 .text.SystemLFXOClockGet
                0x00000bf0       0x18 src\system_efm32gg.o
                0x00000bf0                SystemLFXOClockGet
 .text.Reset_Handler
                0x00000c08       0x58 src\startup_efm32gg.o
                0x00000c08                Reset_Handler
 .text.Default_Handler
                0x00000c60        0x4 src\startup_efm32gg.o
                0x00000c60                TIMER2_IRQHandler
                0x00000c60                USART0_TX_IRQHandler
                0x00000c60                I2C0_IRQHandler
                0x00000c60                HardFault_Handler
                0x00000c60                LEUART1_IRQHandler
                0x00000c60                USART1_RX_IRQHandler
                0x00000c60                PendSV_Handler
                0x00000c60                NMI_Handler
                0x00000c60                I2C1_IRQHandler
                0x00000c60                TIMER3_IRQHandler
                0x00000c60                USART1_TX_IRQHandler
                0x00000c60                MSC_IRQHandler
                0x00000c60                ADC0_IRQHandler
                0x00000c60                UsageFault_Handler
                0x00000c60                LEUART0_IRQHandler
                0x00000c60                GPIO_EVEN_IRQHandler
                0x00000c60                UART0_TX_IRQHandler
                0x00000c60                RTC_IRQHandler
                0x00000c60                LCD_IRQHandler
                0x00000c60                PCNT2_IRQHandler
                0x00000c60                UART0_RX_IRQHandler
                0x00000c60                LETIMER0_IRQHandler
                0x00000c60                TIMER1_IRQHandler
                0x00000c60                USART2_RX_IRQHandler
                0x00000c60                Default_Handler
                0x00000c60                EMU_IRQHandler
                0x00000c60                PCNT0_IRQHandler
                0x00000c60                USB_IRQHandler
                0x00000c60                BURTC_IRQHandler
                0x00000c60                PCNT1_IRQHandler
                0x00000c60                ACMP0_IRQHandler
                0x00000c60                USART0_RX_IRQHandler
                0x00000c60                MemManage_Handler
                0x00000c60                SVC_Handler
                0x00000c60                DAC0_IRQHandler
                0x00000c60                CMU_IRQHandler
                0x00000c60                EBI_IRQHandler
                0x00000c60                LESENSE_IRQHandler
                0x00000c60                GPIO_ODD_IRQHandler
                0x00000c60                AES_IRQHandler
                0x00000c60                VCMP_IRQHandler
                0x00000c60                BusFault_Handler
                0x00000c60                USART2_TX_IRQHandler
                0x00000c60                DebugMonitor_Handler
 .text.GPIO_PinOutClear
                0x00000c64       0x40 src\splc501c.o
 .text.GPIO_PinOutSet
                0x00000ca4       0x40 src\splc501c.o
 .text.GPIO_PortOutClear
                0x00000ce4       0x40 src\splc501c.o
 .text.GPIO_PortOutSet
                0x00000d24       0x40 src\splc501c.o
 .text.GLCD_InitPorts
                0x00000d64       0x7c src\splc501c.o
                0x00000d64                GLCD_InitPorts
 .text.GLCD_Init
                0x00000de0       0x90 src\splc501c.o
                0x00000de0                GLCD_Init
 .text.GLCD_WriteData
                0x00000e70       0x6c src\splc501c.o
                0x00000e70                GLCD_WriteData
 .text.GLCD_WriteCommand
                0x00000edc       0x50 src\splc501c.o
                0x00000edc                GLCD_WriteCommand
 .text.GLCD_ReadStatus
                0x00000f2c       0x58 src\splc501c.o
                0x00000f2c                GLCD_ReadStatus
 .text.GLCD_GoTo
                0x00000f84       0x64 src\splc501c.o
                0x00000f84                GLCD_GoTo
 .text.GLCD_ClearScreen
                0x00000fe8       0x5c src\splc501c.o
                0x00000fe8                GLCD_ClearScreen
 .text.GLCD_WriteChar
                0x00001044       0x54 src\splc501c.o
                0x00001044                GLCD_WriteChar
 .text.GLCD_WriteString
                0x00001098       0x2c src\splc501c.o
                0x00001098                GLCD_WriteString
 .text.NVIC_SetPriority
                0x000010c4       0x5c src\main.o
 .text.SysTick_Config
                0x00001120       0x64 src\main.o
 .text.CHIP_Init
                0x00001184       0x50 src\main.o
 .text.EMU_EnterEM1
                0x000011d4       0x24 src\main.o
 .text.Set20MHzFrequency_Init
                0x000011f8       0x40 src\main.o
 .text.main     0x00001238      0x26c src\main.o
                0x00001238                main
 .text.SysTick_Handler
                0x000014a4       0x24 src\main.o
                0x000014a4                SysTick_Handler
 .text.Delay    0x000014c8       0x34 src\main.o
                0x000014c8                Delay
 .text.NVIC_EnableIRQ
                0x000014fc       0x38 src\Timers.o
 .text.TIMER_IntEnable
                0x00001534       0x20 src\Timers.o
 .text.TIMER_TopSet
                0x00001554       0x1c src\Timers.o
 .text.TIMER0forADC_Setup
                0x00001570       0x94 src\Timers.o
                0x00001570                TIMER0forADC_Setup
 .text.NVIC_EnableIRQ
                0x00001604       0x38 src\BTM222.o
 .text.NVIC_ClearPendingIRQ
                0x0000163c       0x3c src\BTM222.o
 .text.USART_IntClear
                0x00001678       0x1c src\BTM222.o
 .text.USART_IntDisable
                0x00001694       0x24 src\BTM222.o
 .text.USART_IntEnable
                0x000016b8       0x20 src\BTM222.o
 .text.USART_IntGet
                0x000016d8       0x18 src\BTM222.o
 .text.uart1Setup
                0x000016f0      0x144 src\BTM222.o
                0x000016f0                uart1Setup
 .text.cmuSetup
                0x00001834       0x28 src\BTM222.o
                0x00001834                cmuSetup
 .text.UART1_RX_IRQHandler
                0x0000185c       0xbc src\BTM222.o
                0x0000185c                UART1_RX_IRQHandler
 .text.UART1_TX_IRQHandler
                0x00001918       0x7c src\BTM222.o
                0x00001918                UART1_TX_IRQHandler
 .text.BTM222_Init
                0x00001994        0xc src\BTM222.o
                0x00001994                BTM222_Init
 .text.TIMER_IntClear
                0x000019a0       0x1c src\ADS7835E.o
 .text.SPI2_Init_SW
                0x000019bc       0xb8 src\ADS7835E.o
 .text.SPI2_setupRXInt_SW
                0x00001a74       0x24 src\ADS7835E.o
                0x00001a74                SPI2_setupRXInt_SW
 .text.ReadFrameFromSPI_SW
                0x00001a98       0xcc src\ADS7835E.o
 .text.TIMER0_IRQHandler
                0x00001b64       0x38 src\ADS7835E.o
                0x00001b64                TIMER0_IRQHandler
 .text.ConvertDOUBLEtoLCD
                0x00001b9c       0x48 src\ADS7835E.o
                0x00001b9c                ConvertDOUBLEtoLCD
 .text.ConvertU16_from_ADCToINT
                0x00001be4       0x3c src\ADS7835E.o
                0x00001be4                ConvertU16_from_ADCToINT
 .text.ResultADC_Buf_Write
                0x00001c20       0xe8 src\ADS7835E.o
                0x00001c20                ResultADC_Buf_Write
 .text.ResultADC_Buf_Init
                0x00001d08       0x48 src\ADS7835E.o
                0x00001d08                ResultADC_Buf_Init
 .text.rms      0x00001d50       0x98 src\ADS7835E.o
                0x00001d50                rms
 .text.min      0x00001de8       0x88 src\ADS7835E.o
                0x00001de8                min
 .text.max      0x00001e70       0x88 src\ADS7835E.o
                0x00001e70                max
 .text.avg      0x00001ef8       0x84 src\ADS7835E.o
                0x00001ef8                avg
 .text.USART_BaudrateAsyncSet
                0x00001f7c       0xc8 Libraries\emlib\src\em_usart.o
                0x00001f7c                USART_BaudrateAsyncSet
 .text.USART_Enable
                0x00002044       0x38 Libraries\emlib\src\em_usart.o
                0x00002044                USART_Enable
 .text.USART_InitAsync
                0x0000207c       0x78 Libraries\emlib\src\em_usart.o
                0x0000207c                USART_InitAsync
 .text.USART_Reset
                0x000020f4       0x94 Libraries\emlib\src\em_usart.o
                0x000020f4                USART_Reset
 .text.USART_Rx
                0x00002188       0x28 Libraries\emlib\src\em_usart.o
                0x00002188                USART_Rx
 .text.USART_Tx
                0x000021b0       0x2c Libraries\emlib\src\em_usart.o
                0x000021b0                USART_Tx
 .text.TIMER_Init
                0x000021dc      0x100 Libraries\emlib\src\em_timer.o
                0x000021dc                TIMER_Init
 .text.SYSTEM_ChipRevisionGet
                0x000022dc       0x5c Libraries\emlib\src\em_system.o
                0x000022dc                SYSTEM_ChipRevisionGet
 .text.GPIO_PinModeSet
                0x00002338      0x1ac Libraries\emlib\src\em_gpio.o
                0x00002338                GPIO_PinModeSet
 .text.EMU_UpdateOscConfig
                0x000024e4       0x20 Libraries\emlib\src\em_emu.o
                0x000024e4                EMU_UpdateOscConfig
 .text.DMA_IRQHandler
                0x00002504      0x110 Libraries\emlib\src\em_dma.o
                0x00002504                DMA_IRQHandler
 .text.BITBAND_Peripheral
                0x00002614       0x30 Libraries\emlib\src\em_cmu.o
 .text.CMU_FlashWaitStateMax
                0x00002644       0x68 Libraries\emlib\src\em_cmu.o
 .text.CMU_Log2ToDiv
                0x000026ac       0x20 Libraries\emlib\src\em_cmu.o
 .text.CMU_FlashWaitStateControl
                0x000026cc       0xf4 Libraries\emlib\src\em_cmu.o
 .text.CMU_USBCClkGet
                0x000027c0       0x50 Libraries\emlib\src\em_cmu.o
 .text.CMU_AUXClkGet
                0x00002810       0x9c Libraries\emlib\src\em_cmu.o
 .text.CMU_DBGClkGet
                0x000028ac       0x64 Libraries\emlib\src\em_cmu.o
 .text.CMU_LFClkGet
                0x00002910       0xcc Libraries\emlib\src\em_cmu.o
 .text.CMU_Sync
                0x000029dc       0x3c Libraries\emlib\src\em_cmu.o
 .text.CMU_ClockDivGet
                0x00002a18      0x184 Libraries\emlib\src\em_cmu.o
                0x00002a18                CMU_ClockDivGet
 .text.CMU_ClockEnable
                0x00002b9c      0x124 Libraries\emlib\src\em_cmu.o
                0x00002b9c                CMU_ClockEnable
 .text.CMU_ClockFreqGet
                0x00002cc0      0x1e8 Libraries\emlib\src\em_cmu.o
                0x00002cc0                CMU_ClockFreqGet
 .text.CMU_ClockSelectGet
                0x00002ea8      0x1a4 Libraries\emlib\src\em_cmu.o
                0x00002ea8                CMU_ClockSelectGet
 .text.CMU_ClockSelectSet
                0x0000304c      0x38c Libraries\emlib\src\em_cmu.o
                0x0000304c                CMU_ClockSelectSet
 .text.CMU_OscillatorEnable
                0x000033d8       0xe8 Libraries\emlib\src\em_cmu.o
                0x000033d8                CMU_OscillatorEnable
 .text.calloc   0x000034c0       0x14 c:/program files/atollic/truestudio for arm lite 4.2.0/armtools/bin/../lib/gcc/arm-atollic-eabi/4.7.3/../../../../arm-atollic-eabi/lib/armv7-m\libc_s.a(lib_a-calloc.o)
                0x000034c0                calloc
 .text._calloc_r
                0x000034d4       0x1c c:/program files/atollic/truestudio for arm lite 4.2.0/armtools/bin/../lib/gcc/arm-atollic-eabi/4.7.3/../../../../arm-atollic-eabi/lib/armv7-m\libc_s.a(lib_a-callocr.o)
                0x000034d4                _calloc_r
 .text.gcvt     0x000034f0       0x48 c:/program files/atollic/truestudio for arm lite 4.2.0/armtools/bin/../lib/gcc/arm-atollic-eabi/4.7.3/../../../../arm-atollic-eabi/lib/armv7-m\libc_s.a(lib_a-efgcvt.o)
                0x000034f0                gcvt
 .text.__libc_init_array
                0x00003538       0x4c c:/program files/atollic/truestudio for arm lite 4.2.0/armtools/bin/../lib/gcc/arm-atollic-eabi/4.7.3/../../../../arm-atollic-eabi/lib/armv7-m\libc_s.a(lib_a-init.o)
                0x00003538                __libc_init_array
 .text.malloc   0x00003584       0x10 c:/program files/atollic/truestudio for arm lite 4.2.0/armtools/bin/../lib/gcc/arm-atollic-eabi/4.7.3/../../../../arm-atollic-eabi/lib/armv7-m\libc_s.a(lib_a-malloc.o)
                0x00003584                malloc
 .text._malloc_r
                0x00003594       0x94 c:/program files/atollic/truestudio for arm lite 4.2.0/armtools/bin/../lib/gcc/arm-atollic-eabi/4.7.3/../../../../arm-atollic-eabi/lib/armv7-m\libc_s.a(lib_a-mallocr.o)
                0x00003594                _malloc_r
 .text.memset   0x00003628       0x10 c:/program files/atollic/truestudio for arm lite 4.2.0/armtools/bin/../lib/gcc/arm-atollic-eabi/4.7.3/../../../../arm-atollic-eabi/lib/armv7-m\libc_s.a(lib_a-memset.o)
                0x00003628                memset
 .text._sbrk_r  0x00003638       0x20 c:/program files/atollic/truestudio for arm lite 4.2.0/armtools/bin/../lib/gcc/arm-atollic-eabi/4.7.3/../../../../arm-atollic-eabi/lib/armv7-m\libc_s.a(lib_a-sbrkr.o)
                0x00003638                _sbrk_r
 .text.snprintf
                0x00003658       0x64 c:/program files/atollic/truestudio for arm lite 4.2.0/armtools/bin/../lib/gcc/arm-atollic-eabi/4.7.3/../../../../arm-atollic-eabi/lib/armv7-m\libc_s.a(lib_a-snprintf.o)
                0x00003658                sniprintf
                0x00003658                snprintf
 .text.strlen   0x000036bc       0x10 c:/program files/atollic/truestudio for arm lite 4.2.0/armtools/bin/../lib/gcc/arm-atollic-eabi/4.7.3/../../../../arm-atollic-eabi/lib/armv7-m\libc_s.a(lib_a-strlen.o)
                0x000036bc                strlen
 .text.__ssputc_r
                0x000036cc       0xae c:/program files/atollic/truestudio for arm lite 4.2.0/armtools/bin/../lib/gcc/arm-atollic-eabi/4.7.3/../../../../arm-atollic-eabi/lib/armv7-m\libc_s.a(lib_a-svfprintf.o)
                0x000036cc                __ssputc_r
 *fill*         0x0000377a        0x2 00
 .text._svfprintf_r
                0x0000377c      0x1f4 c:/program files/atollic/truestudio for arm lite 4.2.0/armtools/bin/../lib/gcc/arm-atollic-eabi/4.7.3/../../../../arm-atollic-eabi/lib/armv7-m\libc_s.a(lib_a-svfprintf.o)
                0x0000377c                _svfiprintf_r
                0x0000377c                _svfprintf_r
 .text._sbrk    0x00003970       0x34 c:/program files/atollic/truestudio for arm lite 4.2.0/armtools/bin/../lib/gcc/arm-atollic-eabi/4.7.3/../../../../arm-atollic-eabi/lib/armv7-m\libc_s.a(lib_a-syscalls.o)
                0x00003970                _sbrk
 .text._printf_common
                0x000039a4       0xde c:/program files/atollic/truestudio for arm lite 4.2.0/armtools/bin/../lib/gcc/arm-atollic-eabi/4.7.3/../../../../arm-atollic-eabi/lib/armv7-m\libc_s.a(lib_a-vfprintf_i.o)
                0x000039a4                _printf_common
 *fill*         0x00003a82        0x2 00
 .text._printf_i
                0x00003a84      0x248 c:/program files/atollic/truestudio for arm lite 4.2.0/armtools/bin/../lib/gcc/arm-atollic-eabi/4.7.3/../../../../arm-atollic-eabi/lib/armv7-m\libc_s.a(lib_a-vfprintf_i.o)
                0x00003a84                _printf_i
 .text.print_e  0x00003ccc       0xee c:/program files/atollic/truestudio for arm lite 4.2.0/armtools/bin/../lib/gcc/arm-atollic-eabi/4.7.3/../../../../arm-atollic-eabi/lib/armv7-m\libc_s.a(lib_a-ecvtbuf.o)
 *fill*         0x00003dba        0x6 00
 .text._gcvt    0x00003dc0      0x188 c:/program files/atollic/truestudio for arm lite 4.2.0/armtools/bin/../lib/gcc/arm-atollic-eabi/4.7.3/../../../../arm-atollic-eabi/lib/armv7-m\libc_s.a(lib_a-ecvtbuf.o)
                0x00003dc0                _gcvt
 .text._free_r  0x00003f48       0x88 c:/program files/atollic/truestudio for arm lite 4.2.0/armtools/bin/../lib/gcc/arm-atollic-eabi/4.7.3/../../../../arm-atollic-eabi/lib/armv7-m\libc_s.a(lib_a-freer.o)
                0x00003f48                _free_r
 .text.memchr   0x00003fd0       0x1c c:/program files/atollic/truestudio for arm lite 4.2.0/armtools/bin/../lib/gcc/arm-atollic-eabi/4.7.3/../../../../arm-atollic-eabi/lib/armv7-m\libc_s.a(lib_a-memchr.o)
                0x00003fd0                memchr
 .text.memcpy   0x00003fec       0x12 c:/program files/atollic/truestudio for arm lite 4.2.0/armtools/bin/../lib/gcc/arm-atollic-eabi/4.7.3/../../../../arm-atollic-eabi/lib/armv7-m\libc_s.a(lib_a-memcpy.o)
                0x00003fec                memcpy
 .text._Balloc  0x00003ffe       0x6a c:/program files/atollic/truestudio for arm lite 4.2.0/armtools/bin/../lib/gcc/arm-atollic-eabi/4.7.3/../../../../arm-atollic-eabi/lib/armv7-m\libc_s.a(lib_a-mprec.o)
                0x00003ffe                _Balloc
 .text._Bfree   0x00004068       0x2e c:/program files/atollic/truestudio for arm lite 4.2.0/armtools/bin/../lib/gcc/arm-atollic-eabi/4.7.3/../../../../arm-atollic-eabi/lib/armv7-m\libc_s.a(lib_a-mprec.o)
                0x00004068                _Bfree
 .text.__multadd
                0x00004096       0x78 c:/program files/atollic/truestudio for arm lite 4.2.0/armtools/bin/../lib/gcc/arm-atollic-eabi/4.7.3/../../../../arm-atollic-eabi/lib/armv7-m\libc_s.a(lib_a-mprec.o)
                0x00004096                __multadd
 .text.__hi0bits
                0x0000410e       0x3e c:/program files/atollic/truestudio for arm lite 4.2.0/armtools/bin/../lib/gcc/arm-atollic-eabi/4.7.3/../../../../arm-atollic-eabi/lib/armv7-m\libc_s.a(lib_a-mprec.o)
                0x0000410e                __hi0bits
 .text.__lo0bits
                0x0000414c       0x5a c:/program files/atollic/truestudio for arm lite 4.2.0/armtools/bin/../lib/gcc/arm-atollic-eabi/4.7.3/../../../../arm-atollic-eabi/lib/armv7-m\libc_s.a(lib_a-mprec.o)
                0x0000414c                __lo0bits
 .text.__i2b    0x000041a6       0x12 c:/program files/atollic/truestudio for arm lite 4.2.0/armtools/bin/../lib/gcc/arm-atollic-eabi/4.7.3/../../../../arm-atollic-eabi/lib/armv7-m\libc_s.a(lib_a-mprec.o)
                0x000041a6                __i2b
 .text.__multiply
                0x000041b8      0x122 c:/program files/atollic/truestudio for arm lite 4.2.0/armtools/bin/../lib/gcc/arm-atollic-eabi/4.7.3/../../../../arm-atollic-eabi/lib/armv7-m\libc_s.a(lib_a-mprec.o)
                0x000041b8                __multiply
 *fill*         0x000042da        0x2 00
 .text.__pow5mult
                0x000042dc       0xa4 c:/program files/atollic/truestudio for arm lite 4.2.0/armtools/bin/../lib/gcc/arm-atollic-eabi/4.7.3/../../../../arm-atollic-eabi/lib/armv7-m\libc_s.a(lib_a-mprec.o)
                0x000042dc                __pow5mult
 .text.__lshift
                0x00004380       0xa8 c:/program files/atollic/truestudio for arm lite 4.2.0/armtools/bin/../lib/gcc/arm-atollic-eabi/4.7.3/../../../../arm-atollic-eabi/lib/armv7-m\libc_s.a(lib_a-mprec.o)
                0x00004380                __lshift
 .text.__mcmp   0x00004428       0x3a c:/program files/atollic/truestudio for arm lite 4.2.0/armtools/bin/../lib/gcc/arm-atollic-eabi/4.7.3/../../../../arm-atollic-eabi/lib/armv7-m\libc_s.a(lib_a-mprec.o)
                0x00004428                __mcmp
 .text.__mdiff  0x00004462       0xc4 c:/program files/atollic/truestudio for arm lite 4.2.0/armtools/bin/../lib/gcc/arm-atollic-eabi/4.7.3/../../../../arm-atollic-eabi/lib/armv7-m\libc_s.a(lib_a-mprec.o)
                0x00004462                __mdiff
 .text.__d2b    0x00004526       0xa8 c:/program files/atollic/truestudio for arm lite 4.2.0/armtools/bin/../lib/gcc/arm-atollic-eabi/4.7.3/../../../../arm-atollic-eabi/lib/armv7-m\libc_s.a(lib_a-mprec.o)
                0x00004526                __d2b
 *fill*         0x000045ce        0x2 00
 .text._mprec_log10
                0x000045d0       0x34 c:/program files/atollic/truestudio for arm lite 4.2.0/armtools/bin/../lib/gcc/arm-atollic-eabi/4.7.3/../../../../arm-atollic-eabi/lib/armv7-m\libc_s.a(lib_a-mprec.o)
                0x000045d0                _mprec_log10
 .text._realloc_r
                0x00004604       0x48 c:/program files/atollic/truestudio for arm lite 4.2.0/armtools/bin/../lib/gcc/arm-atollic-eabi/4.7.3/../../../../arm-atollic-eabi/lib/armv7-m\libc_s.a(lib_a-reallocr.o)
                0x00004604                _realloc_r
 .text.strcpy   0x0000464c       0x10 c:/program files/atollic/truestudio for arm lite 4.2.0/armtools/bin/../lib/gcc/arm-atollic-eabi/4.7.3/../../../../arm-atollic-eabi/lib/armv7-m\libc_s.a(lib_a-strcpy.o)
                0x0000464c                strcpy
 .text.quorem   0x0000465c      0x11a c:/program files/atollic/truestudio for arm lite 4.2.0/armtools/bin/../lib/gcc/arm-atollic-eabi/4.7.3/../../../../arm-atollic-eabi/lib/armv7-m\libc_s.a(lib_a-dtoa.o)
 *fill*         0x00004776        0x2 00
 .text._dtoa_r  0x00004778      0xb40 c:/program files/atollic/truestudio for arm lite 4.2.0/armtools/bin/../lib/gcc/arm-atollic-eabi/4.7.3/../../../../arm-atollic-eabi/lib/armv7-m\libc_s.a(lib_a-dtoa.o)
                0x00004778                _dtoa_r
 .text._malloc_usable_size_r
                0x000052b8       0x12 c:/program files/atollic/truestudio for arm lite 4.2.0/armtools/bin/../lib/gcc/arm-atollic-eabi/4.7.3/../../../../arm-atollic-eabi/lib/armv7-m\libc_s.a(lib_a-msizer.o)
                0x000052b8                _malloc_usable_size_r
 *fill*         0x000052ca        0x2 00
 .text.sqrt     0x000052cc       0xa4 c:/program files/atollic/truestudio for arm lite 4.2.0/armtools/bin/../lib/gcc/arm-atollic-eabi/4.7.3/../../../../arm-atollic-eabi/lib/armv7-m\libm.a(lib_a-w_sqrt.o)
                0x000052cc                sqrt
 .text.__ieee754_sqrt
                0x00005370      0x15c c:/program files/atollic/truestudio for arm lite 4.2.0/armtools/bin/../lib/gcc/arm-atollic-eabi/4.7.3/../../../../arm-atollic-eabi/lib/armv7-m\libm.a(lib_a-e_sqrt.o)
                0x00005370                __ieee754_sqrt
 .text.__fpclassifyd
                0x000054cc       0x64 c:/program files/atollic/truestudio for arm lite 4.2.0/armtools/bin/../lib/gcc/arm-atollic-eabi/4.7.3/../../../../arm-atollic-eabi/lib/armv7-m\libm.a(lib_a-s_fpclassify.o)
                0x000054cc                __fpclassifyd
 .text.matherr  0x00005530        0x4 c:/program files/atollic/truestudio for arm lite 4.2.0/armtools/bin/../lib/gcc/arm-atollic-eabi/4.7.3/../../../../arm-atollic-eabi/lib/armv7-m\libm.a(lib_a-s_matherr.o)
                0x00005530                matherr
 .text.__errno  0x00005534        0xc c:/program files/atollic/truestudio for arm lite 4.2.0/armtools/bin/../lib/gcc/arm-atollic-eabi/4.7.3/../../../../arm-atollic-eabi/lib/armv7-m\libc_s.a(lib_a-errno.o)
                0x00005534                __errno
 *(.glue_7)
 .glue_7        0x00000000        0x0 linker stubs
 *(.glue_7t)
 .glue_7t       0x00000000        0x0 linker stubs
 *(.eh_frame)
 .eh_frame      0x00005540        0x0 c:/program files/atollic/truestudio for arm lite 4.2.0/armtools/bin/../lib/gcc/arm-atollic-eabi/4.7.3/armv7-m/crtbegin.o
 *(.init)
 .init          0x00005540        0x4 c:/program files/atollic/truestudio for arm lite 4.2.0/armtools/bin/../lib/gcc/arm-atollic-eabi/4.7.3/armv7-m/crti.o
                0x00005540                _init
 .init          0x00005544        0x8 c:/program files/atollic/truestudio for arm lite 4.2.0/armtools/bin/../lib/gcc/arm-atollic-eabi/4.7.3/armv7-m/crtn.o
 *(.fini)
 .fini          0x0000554c        0x4 c:/program files/atollic/truestudio for arm lite 4.2.0/armtools/bin/../lib/gcc/arm-atollic-eabi/4.7.3/armv7-m/crti.o
                0x0000554c                _fini
 .fini          0x00005550        0x8 c:/program files/atollic/truestudio for arm lite 4.2.0/armtools/bin/../lib/gcc/arm-atollic-eabi/4.7.3/armv7-m/crtn.o
                0x00005558                . = ALIGN (0x4)
                0x00005558                _etext = .

.vfp11_veneer   0x00005558        0x0
 .vfp11_veneer  0x00000000        0x0 linker stubs

.v4_bx          0x00005558        0x0
 .v4_bx         0x00000000        0x0 linker stubs

.iplt           0x00005558        0x0
 .iplt          0x00000000        0x0 c:/program files/atollic/truestudio for arm lite 4.2.0/armtools/bin/../lib/gcc/arm-atollic-eabi/4.7.3/armv7-m/crtbegin.o

.rodata         0x00005558      0x344
                0x00005558                . = ALIGN (0x4)
 *(.rodata)
 .rodata        0x00005558       0x14 src\main.o
 *(.rodata*)
 .rodata.font5x7
                0x0000556c      0x1e0 src\splc501c.o
 .rodata.str1.1
                0x0000574c        0x2 c:/program files/atollic/truestudio for arm lite 4.2.0/armtools/bin/../lib/gcc/arm-atollic-eabi/4.7.3/../../../../arm-atollic-eabi/lib/armv7-m\libc_s.a(lib_a-impure.o)
 .rodata.str1.1
                0x0000574e       0x11 c:/program files/atollic/truestudio for arm lite 4.2.0/armtools/bin/../lib/gcc/arm-atollic-eabi/4.7.3/../../../../arm-atollic-eabi/lib/armv7-m\libc_s.a(lib_a-svfprintf.o)
 .rodata.str1.1
                0x0000575f       0x22 c:/program files/atollic/truestudio for arm lite 4.2.0/armtools/bin/../lib/gcc/arm-atollic-eabi/4.7.3/../../../../arm-atollic-eabi/lib/armv7-m\libc_s.a(lib_a-vfprintf_i.o)
 *fill*         0x00005781        0x7 00
 .rodata.__mprec_tens
                0x00005788       0xc8 c:/program files/atollic/truestudio for arm lite 4.2.0/armtools/bin/../lib/gcc/arm-atollic-eabi/4.7.3/../../../../arm-atollic-eabi/lib/armv7-m\libc_s.a(lib_a-mprec.o)
                0x00005788                __mprec_tens
 .rodata.p05.5252
                0x00005850        0xc c:/program files/atollic/truestudio for arm lite 4.2.0/armtools/bin/../lib/gcc/arm-atollic-eabi/4.7.3/../../../../arm-atollic-eabi/lib/armv7-m\libc_s.a(lib_a-mprec.o)
 *fill*         0x0000585c        0x4 00
 .rodata.__mprec_bigtens
                0x00005860       0x28 c:/program files/atollic/truestudio for arm lite 4.2.0/armtools/bin/../lib/gcc/arm-atollic-eabi/4.7.3/../../../../arm-atollic-eabi/lib/armv7-m\libc_s.a(lib_a-mprec.o)
                0x00005860                __mprec_bigtens
 .rodata.str1.1
                0x00005888        0xf c:/program files/atollic/truestudio for arm lite 4.2.0/armtools/bin/../lib/gcc/arm-atollic-eabi/4.7.3/../../../../arm-atollic-eabi/lib/armv7-m\libc_s.a(lib_a-dtoa.o)
 .rodata.str1.1
                0x00005897        0x5 c:/program files/atollic/truestudio for arm lite 4.2.0/armtools/bin/../lib/gcc/arm-atollic-eabi/4.7.3/../../../../arm-atollic-eabi/lib/armv7-m\libm.a(lib_a-w_sqrt.o)
                0x0000589c                . = ALIGN (0x4)

.rel.dyn        0x0000589c        0x0
 .rel.iplt      0x00000000        0x0 c:/program files/atollic/truestudio for arm lite 4.2.0/armtools/bin/../lib/gcc/arm-atollic-eabi/4.7.3/armv7-m/crtbegin.o

.ARM.extab
 *(.ARM.extab* .gnu.linkonce.armextab.*)

.ARM            0x0000589c        0x0
                0x0000589c                __exidx_start = .
 *(.ARM.exidx*)
                0x0000589c                __exidx_end = .

.preinit_array  0x0000589c        0x0
                0x0000589c                PROVIDE (__preinit_array_start, .)
 *(.preinit_array*)
                0x0000589c                PROVIDE (__preinit_array_end, .)

.init_array     0x0000589c        0x4
                0x0000589c                PROVIDE (__init_array_start, .)
 *(SORT(.init_array.*))
 *(.init_array*)
 .init_array    0x0000589c        0x4 c:/program files/atollic/truestudio for arm lite 4.2.0/armtools/bin/../lib/gcc/arm-atollic-eabi/4.7.3/armv7-m/crtbegin.o
                0x000058a0                PROVIDE (__init_array_end, .)

.fini_array     0x000058a0        0x4
                0x000058a0                PROVIDE (__fini_array_start, .)
 *(SORT(.fini_array.*))
 *(.fini_array*)
 .fini_array    0x000058a0        0x4 c:/program files/atollic/truestudio for arm lite 4.2.0/armtools/bin/../lib/gcc/arm-atollic-eabi/4.7.3/armv7-m/crtbegin.o
                0x000058a4                PROVIDE (__fini_array_end, .)
                0x000058a4                _sidata = LOADADDR (.data)

.data           0x20000000       0x90 load address 0x000058a4
                0x20000000                . = ALIGN (0x4)
                0x20000000                _sdata = .
 *(.data)
 *(.data*)
 .data.SystemHFXOClock
                0x20000000        0x4 src\system_efm32gg.o
 .data.SystemLFXOClock
                0x20000004        0x4 src\system_efm32gg.o
 .data.uart1    0x20000008        0x4 src\BTM222.o
 .data.uart1Init
                0x2000000c       0x18 src\BTM222.o
 .data.impure_data
                0x20000024       0x64 c:/program files/atollic/truestudio for arm lite 4.2.0/armtools/bin/../lib/gcc/arm-atollic-eabi/4.7.3/../../../../arm-atollic-eabi/lib/armv7-m\libc_s.a(lib_a-impure.o)
 .data._impure_ptr
                0x20000088        0x4 c:/program files/atollic/truestudio for arm lite 4.2.0/armtools/bin/../lib/gcc/arm-atollic-eabi/4.7.3/../../../../arm-atollic-eabi/lib/armv7-m\libc_s.a(lib_a-impure.o)
                0x20000088                _impure_ptr
 .data.__fdlib_version
                0x2000008c        0x1 c:/program files/atollic/truestudio for arm lite 4.2.0/armtools/bin/../lib/gcc/arm-atollic-eabi/4.7.3/../../../../arm-atollic-eabi/lib/armv7-m\libm.a(lib_a-s_lib_ver.o)
                0x2000008c                __fdlib_version
                0x20000090                . = ALIGN (0x4)
 *fill*         0x2000008d        0x3 00
                0x20000090                _edata = .

.jcr            0x20000090        0x0 load address 0x00005934
 .jcr           0x20000090        0x0 c:/program files/atollic/truestudio for arm lite 4.2.0/armtools/bin/../lib/gcc/arm-atollic-eabi/4.7.3/armv7-m/crtbegin.o

.igot.plt       0x20000090        0x0 load address 0x00005934
 .igot.plt      0x00000000        0x0 c:/program files/atollic/truestudio for arm lite 4.2.0/armtools/bin/../lib/gcc/arm-atollic-eabi/4.7.3/armv7-m/crtbegin.o
                0x20000090                . = ALIGN (0x4)

.bss            0x20000090      0x298 load address 0x00005938
                0x20000090                _sbss = .
                0x20000090                __bss_start__ = _sbss
 *(.bss)
 .bss           0x20000090       0x1c c:/program files/atollic/truestudio for arm lite 4.2.0/armtools/bin/../lib/gcc/arm-atollic-eabi/4.7.3/armv7-m/crtbegin.o
 *(.bss*)
 .bss.endOfADCInterrupt
                0x200000ac        0x1 src\main.o
                0x200000ac                endOfADCInterrupt
 *fill*         0x200000ad        0x1 00
 .bss.FRAME     0x200000ae        0x2 src\main.o
                0x200000ae                FRAME
 .bss.cmuStatus
                0x200000b0        0x2 Libraries\emlib\src\em_emu.o
 *fill*         0x200000b2        0x2 00
 .bss.__malloc_free_list
                0x200000b4        0x4 c:/program files/atollic/truestudio for arm lite 4.2.0/armtools/bin/../lib/gcc/arm-atollic-eabi/4.7.3/../../../../arm-atollic-eabi/lib/armv7-m\libc_s.a(lib_a-mallocr.o)
                0x200000b4                __malloc_free_list
 .bss.heap_end.5107
                0x200000b8        0x4 c:/program files/atollic/truestudio for arm lite 4.2.0/armtools/bin/../lib/gcc/arm-atollic-eabi/4.7.3/../../../../arm-atollic-eabi/lib/armv7-m\libc_s.a(lib_a-syscalls.o)
 *(COMMON)
 COMMON         0x200000bc        0x4 src\system_efm32gg.o
                0x200000bc                SystemCoreClock
 COMMON         0x200000c0       0x38 src\main.o
                0x200000c0                results
                0x200000e0                bufoo
                0x200000e8                receivexBuffer
                0x200000f4                msTicks
 COMMON         0x200000f8      0x220 src\BTM222.o
                0x200000f8                txBuf
                0x20000208                rxBuf
 COMMON         0x20000318        0xc src\ADS7835E.o
                0x20000318                RxFrame
                0x2000031c                masterRxBufferSize
                0x20000320                masterRxBuffer
 COMMON         0x20000324        0x4 c:/program files/atollic/truestudio for arm lite 4.2.0/armtools/bin/../lib/gcc/arm-atollic-eabi/4.7.3/../../../../arm-atollic-eabi/lib/armv7-m\libc_s.a(lib_a-reent.o)
                0x20000324                errno
                0x20000328                . = ALIGN (0x4)
                0x20000328                _ebss = .
                0x20000328                __bss_end__ = _ebss

._user_heap_stack
                0x20000328      0x400 load address 0x00005934
                0x20000328                . = ALIGN (0x4)
                0x20000328                PROVIDE (end, .)
                0x20000328                PROVIDE (_end, .)
                0x20000328                . = (. + _Min_Heap_Size)
                0x20000728                . = (. + _Min_Stack_Size)
 *fill*         0x20000328      0x400 00
                0x20000728                . = ALIGN (0x4)

.memory_b1_text
 *(.mb1text)
 *(.mb1text*)
 *(.mb1rodata)
 *(.mb1rodata*)

/DISCARD/
 libc.a(*)
 libm.a(*)
 libgcc.a(*)

.ARM.attributes
                0x00000000       0x29
 *(.ARM.attributes)
 .ARM.attributes
                0x00000000       0x1d c:/program files/atollic/truestudio for arm lite 4.2.0/armtools/bin/../lib/gcc/arm-atollic-eabi/4.7.3/armv7-m/crti.o
 .ARM.attributes
                0x0000001d       0x2d c:/program files/atollic/truestudio for arm lite 4.2.0/armtools/bin/../lib/gcc/arm-atollic-eabi/4.7.3/armv7-m/crtbegin.o
 .ARM.attributes
                0x0000004a       0x33 src\system_efm32gg.o
 .ARM.attributes
                0x0000007d       0x21 src\startup_efm32gg.o
 .ARM.attributes
                0x0000009e       0x33 src\splc501c.o
 .ARM.attributes
                0x000000d1       0x33 src\main.o
 .ARM.attributes
                0x00000104       0x33 src\Timers.o
 .ARM.attributes
                0x00000137       0x33 src\BTM222.o
 .ARM.attributes
                0x0000016a       0x33 src\ADS7835E.o
 .ARM.attributes
                0x0000019d       0x33 Libraries\emlib\src\em_usart.o
 .ARM.attributes
                0x000001d0       0x33 Libraries\emlib\src\em_timer.o
 .ARM.attributes
                0x00000203       0x33 Libraries\emlib\src\em_system.o
 .ARM.attributes
                0x00000236       0x33 Libraries\emlib\src\em_gpio.o
 .ARM.attributes
                0x00000269       0x33 Libraries\emlib\src\em_emu.o
 .ARM.attributes
                0x0000029c       0x33 Libraries\emlib\src\em_dma.o
 .ARM.attributes
                0x000002cf       0x33 Libraries\emlib\src\em_cmu.o
 .ARM.attributes
                0x00000302       0x2d c:/program files/atollic/truestudio for arm lite 4.2.0/armtools/bin/../lib/gcc/arm-atollic-eabi/4.7.3/../../../../arm-atollic-eabi/lib/armv7-m\libc_s.a(lib_a-calloc.o)
 .ARM.attributes
                0x0000032f       0x2d c:/program files/atollic/truestudio for arm lite 4.2.0/armtools/bin/../lib/gcc/arm-atollic-eabi/4.7.3/../../../../arm-atollic-eabi/lib/armv7-m\libc_s.a(lib_a-callocr.o)
 .ARM.attributes
                0x0000035c       0x2d c:/program files/atollic/truestudio for arm lite 4.2.0/armtools/bin/../lib/gcc/arm-atollic-eabi/4.7.3/../../../../arm-atollic-eabi/lib/armv7-m\libc_s.a(lib_a-efgcvt.o)
 .ARM.attributes
                0x00000389       0x2d c:/program files/atollic/truestudio for arm lite 4.2.0/armtools/bin/../lib/gcc/arm-atollic-eabi/4.7.3/../../../../arm-atollic-eabi/lib/armv7-m\libc_s.a(lib_a-impure.o)
 .ARM.attributes
                0x000003b6       0x2d c:/program files/atollic/truestudio for arm lite 4.2.0/armtools/bin/../lib/gcc/arm-atollic-eabi/4.7.3/../../../../arm-atollic-eabi/lib/armv7-m\libc_s.a(lib_a-init.o)
 .ARM.attributes
                0x000003e3       0x2d c:/program files/atollic/truestudio for arm lite 4.2.0/armtools/bin/../lib/gcc/arm-atollic-eabi/4.7.3/../../../../arm-atollic-eabi/lib/armv7-m\libc_s.a(lib_a-malloc.o)
 .ARM.attributes
                0x00000410       0x2d c:/program files/atollic/truestudio for arm lite 4.2.0/armtools/bin/../lib/gcc/arm-atollic-eabi/4.7.3/../../../../arm-atollic-eabi/lib/armv7-m\libc_s.a(lib_a-mallocr.o)
 .ARM.attributes
                0x0000043d       0x2d c:/program files/atollic/truestudio for arm lite 4.2.0/armtools/bin/../lib/gcc/arm-atollic-eabi/4.7.3/../../../../arm-atollic-eabi/lib/armv7-m\libc_s.a(lib_a-memset.o)
 .ARM.attributes
                0x0000046a       0x2d c:/program files/atollic/truestudio for arm lite 4.2.0/armtools/bin/../lib/gcc/arm-atollic-eabi/4.7.3/../../../../arm-atollic-eabi/lib/armv7-m\libc_s.a(lib_a-sbrkr.o)
 .ARM.attributes
                0x00000497       0x2d c:/program files/atollic/truestudio for arm lite 4.2.0/armtools/bin/../lib/gcc/arm-atollic-eabi/4.7.3/../../../../arm-atollic-eabi/lib/armv7-m\libc_s.a(lib_a-snprintf.o)
 .ARM.attributes
                0x000004c4       0x2d c:/program files/atollic/truestudio for arm lite 4.2.0/armtools/bin/../lib/gcc/arm-atollic-eabi/4.7.3/../../../../arm-atollic-eabi/lib/armv7-m\libc_s.a(lib_a-strlen.o)
 .ARM.attributes
                0x000004f1       0x2d c:/program files/atollic/truestudio for arm lite 4.2.0/armtools/bin/../lib/gcc/arm-atollic-eabi/4.7.3/../../../../arm-atollic-eabi/lib/armv7-m\libc_s.a(lib_a-svfprintf.o)
 .ARM.attributes
                0x0000051e       0x2d c:/program files/atollic/truestudio for arm lite 4.2.0/armtools/bin/../lib/gcc/arm-atollic-eabi/4.7.3/../../../../arm-atollic-eabi/lib/armv7-m\libc_s.a(lib_a-syscalls.o)
 .ARM.attributes
                0x0000054b       0x2d c:/program files/atollic/truestudio for arm lite 4.2.0/armtools/bin/../lib/gcc/arm-atollic-eabi/4.7.3/../../../../arm-atollic-eabi/lib/armv7-m\libc_s.a(lib_a-vfprintf_i.o)
 .ARM.attributes
                0x00000578       0x2d c:/program files/atollic/truestudio for arm lite 4.2.0/armtools/bin/../lib/gcc/arm-atollic-eabi/4.7.3/../../../../arm-atollic-eabi/lib/armv7-m\libc_s.a(lib_a-ecvtbuf.o)
 .ARM.attributes
                0x000005a5       0x2d c:/program files/atollic/truestudio for arm lite 4.2.0/armtools/bin/../lib/gcc/arm-atollic-eabi/4.7.3/../../../../arm-atollic-eabi/lib/armv7-m\libc_s.a(lib_a-freer.o)
 .ARM.attributes
                0x000005d2       0x2d c:/program files/atollic/truestudio for arm lite 4.2.0/armtools/bin/../lib/gcc/arm-atollic-eabi/4.7.3/../../../../arm-atollic-eabi/lib/armv7-m\libc_s.a(lib_a-memchr.o)
 .ARM.attributes
                0x000005ff       0x2d c:/program files/atollic/truestudio for arm lite 4.2.0/armtools/bin/../lib/gcc/arm-atollic-eabi/4.7.3/../../../../arm-atollic-eabi/lib/armv7-m\libc_s.a(lib_a-memcpy.o)
 .ARM.attributes
                0x0000062c       0x2d c:/program files/atollic/truestudio for arm lite 4.2.0/armtools/bin/../lib/gcc/arm-atollic-eabi/4.7.3/../../../../arm-atollic-eabi/lib/armv7-m\libc_s.a(lib_a-mprec.o)
 .ARM.attributes
                0x00000659       0x2d c:/program files/atollic/truestudio for arm lite 4.2.0/armtools/bin/../lib/gcc/arm-atollic-eabi/4.7.3/../../../../arm-atollic-eabi/lib/armv7-m\libc_s.a(lib_a-reallocr.o)
 .ARM.attributes
                0x00000686       0x2d c:/program files/atollic/truestudio for arm lite 4.2.0/armtools/bin/../lib/gcc/arm-atollic-eabi/4.7.3/../../../../arm-atollic-eabi/lib/armv7-m\libc_s.a(lib_a-reent.o)
 .ARM.attributes
                0x000006b3       0x2d c:/program files/atollic/truestudio for arm lite 4.2.0/armtools/bin/../lib/gcc/arm-atollic-eabi/4.7.3/../../../../arm-atollic-eabi/lib/armv7-m\libc_s.a(lib_a-strcpy.o)
 .ARM.attributes
                0x000006e0       0x2d c:/program files/atollic/truestudio for arm lite 4.2.0/armtools/bin/../lib/gcc/arm-atollic-eabi/4.7.3/../../../../arm-atollic-eabi/lib/armv7-m\libc_s.a(lib_a-dtoa.o)
 .ARM.attributes
                0x0000070d       0x2d c:/program files/atollic/truestudio for arm lite 4.2.0/armtools/bin/../lib/gcc/arm-atollic-eabi/4.7.3/../../../../arm-atollic-eabi/lib/armv7-m\libc_s.a(lib_a-msizer.o)
 .ARM.attributes
                0x0000073a       0x2d c:/program files/atollic/truestudio for arm lite 4.2.0/armtools/bin/../lib/gcc/arm-atollic-eabi/4.7.3/../../../../arm-atollic-eabi/lib/armv7-m\libm.a(lib_a-w_sqrt.o)
 .ARM.attributes
                0x00000767       0x2d c:/program files/atollic/truestudio for arm lite 4.2.0/armtools/bin/../lib/gcc/arm-atollic-eabi/4.7.3/../../../../arm-atollic-eabi/lib/armv7-m\libm.a(lib_a-e_sqrt.o)
 .ARM.attributes
                0x00000794       0x2d c:/program files/atollic/truestudio for arm lite 4.2.0/armtools/bin/../lib/gcc/arm-atollic-eabi/4.7.3/../../../../arm-atollic-eabi/lib/armv7-m\libm.a(lib_a-s_fpclassify.o)
 .ARM.attributes
                0x000007c1       0x2d c:/program files/atollic/truestudio for arm lite 4.2.0/armtools/bin/../lib/gcc/arm-atollic-eabi/4.7.3/../../../../arm-atollic-eabi/lib/armv7-m\libm.a(lib_a-s_lib_ver.o)
 .ARM.attributes
                0x000007ee       0x2d c:/program files/atollic/truestudio for arm lite 4.2.0/armtools/bin/../lib/gcc/arm-atollic-eabi/4.7.3/../../../../arm-atollic-eabi/lib/armv7-m\libm.a(lib_a-s_matherr.o)
 .ARM.attributes
                0x0000081b       0x2d c:/program files/atollic/truestudio for arm lite 4.2.0/armtools/bin/../lib/gcc/arm-atollic-eabi/4.7.3/../../../../arm-atollic-eabi/lib/armv7-m\libc_s.a(lib_a-errno.o)
 .ARM.attributes
                0x00000848       0x1d c:/program files/atollic/truestudio for arm lite 4.2.0/armtools/bin/../lib/gcc/arm-atollic-eabi/4.7.3/armv7-m\libgcc.a(_arm_addsubdf3.o)
 .ARM.attributes
                0x00000865       0x1d c:/program files/atollic/truestudio for arm lite 4.2.0/armtools/bin/../lib/gcc/arm-atollic-eabi/4.7.3/armv7-m\libgcc.a(_arm_muldivdf3.o)
 .ARM.attributes
                0x00000882       0x1d c:/program files/atollic/truestudio for arm lite 4.2.0/armtools/bin/../lib/gcc/arm-atollic-eabi/4.7.3/armv7-m\libgcc.a(_arm_cmpdf2.o)
 .ARM.attributes
                0x0000089f       0x1d c:/program files/atollic/truestudio for arm lite 4.2.0/armtools/bin/../lib/gcc/arm-atollic-eabi/4.7.3/armv7-m\libgcc.a(_arm_fixdfsi.o)
 .ARM.attributes
                0x000008bc       0x1d c:/program files/atollic/truestudio for arm lite 4.2.0/armtools/bin/../lib/gcc/arm-atollic-eabi/4.7.3/armv7-m/crtn.o
OUTPUT(FINAL_COIL_METER.elf elf32-littlearm)

.debug_info     0x00000000     0x856b
 .debug_info    0x00000000      0x56c src\system_efm32gg.o
 .debug_info    0x0000056c       0x85 src\startup_efm32gg.o
 .debug_info    0x000005f1      0x97b src\splc501c.o
 .debug_info    0x00000f6c      0xc77 src\main.o
 .debug_info    0x00001be3      0x8a8 src\Timers.o
 .debug_info    0x0000248b      0xd2d src\BTM222.o
 .debug_info    0x000031b8      0xad4 src\ADS7835E.o
 .debug_info    0x00003c8c      0xe45 Libraries\emlib\src\em_usart.o
 .debug_info    0x00004ad1      0x70c Libraries\emlib\src\em_timer.o
 .debug_info    0x000051dd      0x237 Libraries\emlib\src\em_system.o
 .debug_info    0x00005414      0x4d4 Libraries\emlib\src\em_gpio.o
 .debug_info    0x000058e8      0xa9c Libraries\emlib\src\em_emu.o
 .debug_info    0x00006384     0x122d Libraries\emlib\src\em_dma.o
 .debug_info    0x000075b1      0xfba Libraries\emlib\src\em_cmu.o

.debug_abbrev   0x00000000     0x18ca
 .debug_abbrev  0x00000000      0x1a5 src\system_efm32gg.o
 .debug_abbrev  0x000001a5       0x12 src\startup_efm32gg.o
 .debug_abbrev  0x000001b7      0x1c4 src\splc501c.o
 .debug_abbrev  0x0000037b      0x258 src\main.o
 .debug_abbrev  0x000005d3      0x163 src\Timers.o
 .debug_abbrev  0x00000736      0x27a src\BTM222.o
 .debug_abbrev  0x000009b0      0x269 src\ADS7835E.o
 .debug_abbrev  0x00000c19      0x1d6 Libraries\emlib\src\em_usart.o
 .debug_abbrev  0x00000def      0x14d Libraries\emlib\src\em_timer.o
 .debug_abbrev  0x00000f3c       0xef Libraries\emlib\src\em_system.o
 .debug_abbrev  0x0000102b      0x13a Libraries\emlib\src\em_gpio.o
 .debug_abbrev  0x00001165      0x244 Libraries\emlib\src\em_emu.o
 .debug_abbrev  0x000013a9      0x23b Libraries\emlib\src\em_dma.o
 .debug_abbrev  0x000015e4      0x2e6 Libraries\emlib\src\em_cmu.o

.debug_loc      0x00000000     0x2544
 .debug_loc     0x00000000      0x1e8 src\system_efm32gg.o
 .debug_loc     0x000001e8      0x42a src\splc501c.o
 .debug_loc     0x00000612      0x19e src\main.o
 .debug_loc     0x000007b0       0xe0 src\Timers.o
 .debug_loc     0x00000890      0x404 src\BTM222.o
 .debug_loc     0x00000c94      0x368 src\ADS7835E.o
 .debug_loc     0x00000ffc      0x460 Libraries\emlib\src\em_usart.o
 .debug_loc     0x0000145c      0x150 Libraries\emlib\src\em_timer.o
 .debug_loc     0x000015ac       0x70 Libraries\emlib\src\em_system.o
 .debug_loc     0x0000161c      0x118 Libraries\emlib\src\em_gpio.o
 .debug_loc     0x00001734      0x318 Libraries\emlib\src\em_emu.o
 .debug_loc     0x00001a4c      0x428 Libraries\emlib\src\em_dma.o
 .debug_loc     0x00001e74      0x6d0 Libraries\emlib\src\em_cmu.o

.debug_aranges  0x00000000      0x6d8
 .debug_aranges
                0x00000000       0x68 src\system_efm32gg.o
 .debug_aranges
                0x00000068       0x28 src\startup_efm32gg.o
 .debug_aranges
                0x00000090       0xb0 src\splc501c.o
 .debug_aranges
                0x00000140       0x58 src\main.o
 .debug_aranges
                0x00000198       0x38 src\Timers.o
 .debug_aranges
                0x000001d0       0xb0 src\BTM222.o
 .debug_aranges
                0x00000280       0x98 src\ADS7835E.o
 .debug_aranges
                0x00000318       0xb8 Libraries\emlib\src\em_usart.o
 .debug_aranges
                0x000003d0       0x48 Libraries\emlib\src\em_timer.o
 .debug_aranges
                0x00000418       0x28 Libraries\emlib\src\em_system.o
 .debug_aranges
                0x00000440       0x40 Libraries\emlib\src\em_gpio.o
 .debug_aranges
                0x00000480       0x90 Libraries\emlib\src\em_emu.o
 .debug_aranges
                0x00000510       0xb0 Libraries\emlib\src\em_dma.o
 .debug_aranges
                0x000005c0      0x118 Libraries\emlib\src\em_cmu.o

.debug_ranges   0x00000000      0x600
 .debug_ranges  0x00000000       0x58 src\system_efm32gg.o
 .debug_ranges  0x00000058       0x20 src\startup_efm32gg.o
 .debug_ranges  0x00000078       0xa0 src\splc501c.o
 .debug_ranges  0x00000118       0x48 src\main.o
 .debug_ranges  0x00000160       0x28 src\Timers.o
 .debug_ranges  0x00000188       0xa0 src\BTM222.o
 .debug_ranges  0x00000228       0x88 src\ADS7835E.o
 .debug_ranges  0x000002b0       0xa8 Libraries\emlib\src\em_usart.o
 .debug_ranges  0x00000358       0x38 Libraries\emlib\src\em_timer.o
 .debug_ranges  0x00000390       0x18 Libraries\emlib\src\em_system.o
 .debug_ranges  0x000003a8       0x30 Libraries\emlib\src\em_gpio.o
 .debug_ranges  0x000003d8       0x80 Libraries\emlib\src\em_emu.o
 .debug_ranges  0x00000458       0xa0 Libraries\emlib\src\em_dma.o
 .debug_ranges  0x000004f8      0x108 Libraries\emlib\src\em_cmu.o

.debug_line     0x00000000     0x2c09
 .debug_line    0x00000000      0x22c src\system_efm32gg.o
 .debug_line    0x0000022c       0x75 src\startup_efm32gg.o
 .debug_line    0x000002a1      0x426 src\splc501c.o
 .debug_line    0x000006c7      0x2b9 src\main.o
 .debug_line    0x00000980      0x1e3 src\Timers.o
 .debug_line    0x00000b63      0x3a2 src\BTM222.o
 .debug_line    0x00000f05      0x3ad src\ADS7835E.o
 .debug_line    0x000012b2      0x40e Libraries\emlib\src\em_usart.o
 .debug_line    0x000016c0      0x2d3 Libraries\emlib\src\em_timer.o
 .debug_line    0x00001993      0x1bc Libraries\emlib\src\em_system.o
 .debug_line    0x00001b4f      0x214 Libraries\emlib\src\em_gpio.o
 .debug_line    0x00001d63      0x381 Libraries\emlib\src\em_emu.o
 .debug_line    0x000020e4      0x43c Libraries\emlib\src\em_dma.o
 .debug_line    0x00002520      0x6e9 Libraries\emlib\src\em_cmu.o

.debug_str      0x00000000     0x3224
 .debug_str     0x00000000      0x378 src\system_efm32gg.o
                                0x3e3 (size before relaxing)
 .debug_str     0x00000378      0x534 src\splc501c.o
                                0x697 (size before relaxing)
 .debug_str     0x000008ac      0x519 src\main.o
                                0x9e6 (size before relaxing)
 .debug_str     0x00000dc5      0x307 src\Timers.o
                                0x977 (size before relaxing)
 .debug_str     0x000010cc      0x6b0 src\BTM222.o
                                0xd80 (size before relaxing)
 .debug_str     0x0000177c      0x1d7 src\ADS7835E.o
                                0x6fb (size before relaxing)
 .debug_str     0x00001953      0x5ab Libraries\emlib\src\em_usart.o
                                0xd25 (size before relaxing)
 .debug_str     0x00001efe      0x2d4 Libraries\emlib\src\em_timer.o
                                0x6f3 (size before relaxing)
 .debug_str     0x000021d2       0xc7 Libraries\emlib\src\em_system.o
                                0x233 (size before relaxing)
 .debug_str     0x00002299      0x114 Libraries\emlib\src\em_gpio.o
                                0x4cb (size before relaxing)
 .debug_str     0x000023ad      0x39d Libraries\emlib\src\em_emu.o
                                0x68e (size before relaxing)
 .debug_str     0x0000274a      0x5c2 Libraries\emlib\src\em_dma.o
                                0xc86 (size before relaxing)
 .debug_str     0x00002d0c      0x518 Libraries\emlib\src\em_cmu.o
                                0xb32 (size before relaxing)

.comment        0x00000000       0x83
 .comment       0x00000000       0x83 src\system_efm32gg.o
                                 0x84 (size before relaxing)
 .comment       0x00000000       0x84 src\splc501c.o
 .comment       0x00000000       0x84 src\main.o
 .comment       0x00000000       0x84 src\Timers.o
 .comment       0x00000000       0x84 src\BTM222.o
 .comment       0x00000000       0x84 src\ADS7835E.o
 .comment       0x00000000       0x84 Libraries\emlib\src\em_usart.o
 .comment       0x00000000       0x84 Libraries\emlib\src\em_timer.o
 .comment       0x00000000       0x84 Libraries\emlib\src\em_system.o
 .comment       0x00000000       0x84 Libraries\emlib\src\em_gpio.o
 .comment       0x00000000       0x84 Libraries\emlib\src\em_emu.o
 .comment       0x00000000       0x84 Libraries\emlib\src\em_dma.o
 .comment       0x00000000       0x84 Libraries\emlib\src\em_cmu.o

.debug_frame    0x00000000     0x1ef0
 .debug_frame   0x00000000      0x120 src\system_efm32gg.o
 .debug_frame   0x00000120      0x260 src\splc501c.o
 .debug_frame   0x00000380       0xf4 src\main.o
 .debug_frame   0x00000474       0x84 src\Timers.o
 .debug_frame   0x000004f8      0x244 src\BTM222.o
 .debug_frame   0x0000073c      0x1f8 src\ADS7835E.o
 .debug_frame   0x00000934      0x25c Libraries\emlib\src\em_usart.o
 .debug_frame   0x00000b90       0xb8 Libraries\emlib\src\em_timer.o
 .debug_frame   0x00000c48       0x48 Libraries\emlib\src\em_system.o
 .debug_frame   0x00000c90       0xa8 Libraries\emlib\src\em_gpio.o
 .debug_frame   0x00000d38      0x1bc Libraries\emlib\src\em_emu.o
 .debug_frame   0x00000ef4      0x240 Libraries\emlib\src\em_dma.o
 .debug_frame   0x00001134      0x3b0 Libraries\emlib\src\em_cmu.o
 .debug_frame   0x000014e4       0x20 c:/program files/atollic/truestudio for arm lite 4.2.0/armtools/bin/../lib/gcc/arm-atollic-eabi/4.7.3/../../../../arm-atollic-eabi/lib/armv7-m\libc_s.a(lib_a-calloc.o)
 .debug_frame   0x00001504       0x2c c:/program files/atollic/truestudio for arm lite 4.2.0/armtools/bin/../lib/gcc/arm-atollic-eabi/4.7.3/../../../../arm-atollic-eabi/lib/armv7-m\libc_s.a(lib_a-callocr.o)
 .debug_frame   0x00001530       0xc4 c:/program files/atollic/truestudio for arm lite 4.2.0/armtools/bin/../lib/gcc/arm-atollic-eabi/4.7.3/../../../../arm-atollic-eabi/lib/armv7-m\libc_s.a(lib_a-efgcvt.o)
 .debug_frame   0x000015f4       0x2c c:/program files/atollic/truestudio for arm lite 4.2.0/armtools/bin/../lib/gcc/arm-atollic-eabi/4.7.3/../../../../arm-atollic-eabi/lib/armv7-m\libc_s.a(lib_a-init.o)
 .debug_frame   0x00001620       0x30 c:/program files/atollic/truestudio for arm lite 4.2.0/armtools/bin/../lib/gcc/arm-atollic-eabi/4.7.3/../../../../arm-atollic-eabi/lib/armv7-m\libc_s.a(lib_a-malloc.o)
 .debug_frame   0x00001650       0x2c c:/program files/atollic/truestudio for arm lite 4.2.0/armtools/bin/../lib/gcc/arm-atollic-eabi/4.7.3/../../../../arm-atollic-eabi/lib/armv7-m\libc_s.a(lib_a-mallocr.o)
 .debug_frame   0x0000167c       0x20 c:/program files/atollic/truestudio for arm lite 4.2.0/armtools/bin/../lib/gcc/arm-atollic-eabi/4.7.3/../../../../arm-atollic-eabi/lib/armv7-m\libc_s.a(lib_a-memset.o)
 .debug_frame   0x0000169c       0x2c c:/program files/atollic/truestudio for arm lite 4.2.0/armtools/bin/../lib/gcc/arm-atollic-eabi/4.7.3/../../../../arm-atollic-eabi/lib/armv7-m\libc_s.a(lib_a-sbrkr.o)
 .debug_frame   0x000016c8       0x58 c:/program files/atollic/truestudio for arm lite 4.2.0/armtools/bin/../lib/gcc/arm-atollic-eabi/4.7.3/../../../../arm-atollic-eabi/lib/armv7-m\libc_s.a(lib_a-snprintf.o)
 .debug_frame   0x00001720       0x20 c:/program files/atollic/truestudio for arm lite 4.2.0/armtools/bin/../lib/gcc/arm-atollic-eabi/4.7.3/../../../../arm-atollic-eabi/lib/armv7-m\libc_s.a(lib_a-strlen.o)
 .debug_frame   0x00001740       0x88 c:/program files/atollic/truestudio for arm lite 4.2.0/armtools/bin/../lib/gcc/arm-atollic-eabi/4.7.3/../../../../arm-atollic-eabi/lib/armv7-m\libc_s.a(lib_a-svfprintf.o)
 .debug_frame   0x000017c8      0x14c c:/program files/atollic/truestudio for arm lite 4.2.0/armtools/bin/../lib/gcc/arm-atollic-eabi/4.7.3/../../../../arm-atollic-eabi/lib/armv7-m\libc_s.a(lib_a-syscalls.o)
 .debug_frame   0x00001914       0x58 c:/program files/atollic/truestudio for arm lite 4.2.0/armtools/bin/../lib/gcc/arm-atollic-eabi/4.7.3/../../../../arm-atollic-eabi/lib/armv7-m\libc_s.a(lib_a-vfprintf_i.o)
 .debug_frame   0x0000196c       0xc4 c:/program files/atollic/truestudio for arm lite 4.2.0/armtools/bin/../lib/gcc/arm-atollic-eabi/4.7.3/../../../../arm-atollic-eabi/lib/armv7-m\libc_s.a(lib_a-ecvtbuf.o)
 .debug_frame   0x00001a30       0x2c c:/program files/atollic/truestudio for arm lite 4.2.0/armtools/bin/../lib/gcc/arm-atollic-eabi/4.7.3/../../../../arm-atollic-eabi/lib/armv7-m\libc_s.a(lib_a-freer.o)
 .debug_frame   0x00001a5c       0x28 c:/program files/atollic/truestudio for arm lite 4.2.0/armtools/bin/../lib/gcc/arm-atollic-eabi/4.7.3/../../../../arm-atollic-eabi/lib/armv7-m\libc_s.a(lib_a-memchr.o)
 .debug_frame   0x00001a84       0x28 c:/program files/atollic/truestudio for arm lite 4.2.0/armtools/bin/../lib/gcc/arm-atollic-eabi/4.7.3/../../../../arm-atollic-eabi/lib/armv7-m\libc_s.a(lib_a-memcpy.o)
 .debug_frame   0x00001aac      0x23c c:/program files/atollic/truestudio for arm lite 4.2.0/armtools/bin/../lib/gcc/arm-atollic-eabi/4.7.3/../../../../arm-atollic-eabi/lib/armv7-m\libc_s.a(lib_a-mprec.o)
 .debug_frame   0x00001ce8       0x30 c:/program files/atollic/truestudio for arm lite 4.2.0/armtools/bin/../lib/gcc/arm-atollic-eabi/4.7.3/../../../../arm-atollic-eabi/lib/armv7-m\libc_s.a(lib_a-reallocr.o)
 .debug_frame   0x00001d18       0x64 c:/program files/atollic/truestudio for arm lite 4.2.0/armtools/bin/../lib/gcc/arm-atollic-eabi/4.7.3/../../../../arm-atollic-eabi/lib/armv7-m\libc_s.a(lib_a-reent.o)
 .debug_frame   0x00001d7c       0x20 c:/program files/atollic/truestudio for arm lite 4.2.0/armtools/bin/../lib/gcc/arm-atollic-eabi/4.7.3/../../../../arm-atollic-eabi/lib/armv7-m\libc_s.a(lib_a-strcpy.o)
 .debug_frame   0x00001d9c       0x68 c:/program files/atollic/truestudio for arm lite 4.2.0/armtools/bin/../lib/gcc/arm-atollic-eabi/4.7.3/../../../../arm-atollic-eabi/lib/armv7-m\libc_s.a(lib_a-dtoa.o)
 .debug_frame   0x00001e04       0x20 c:/program files/atollic/truestudio for arm lite 4.2.0/armtools/bin/../lib/gcc/arm-atollic-eabi/4.7.3/../../../../arm-atollic-eabi/lib/armv7-m\libc_s.a(lib_a-msizer.o)
 .debug_frame   0x00001e24       0x38 c:/program files/atollic/truestudio for arm lite 4.2.0/armtools/bin/../lib/gcc/arm-atollic-eabi/4.7.3/../../../../arm-atollic-eabi/lib/armv7-m\libm.a(lib_a-w_sqrt.o)
 .debug_frame   0x00001e5c       0x34 c:/program files/atollic/truestudio for arm lite 4.2.0/armtools/bin/../lib/gcc/arm-atollic-eabi/4.7.3/../../../../arm-atollic-eabi/lib/armv7-m\libm.a(lib_a-e_sqrt.o)
 .debug_frame   0x00001e90       0x20 c:/program files/atollic/truestudio for arm lite 4.2.0/armtools/bin/../lib/gcc/arm-atollic-eabi/4.7.3/../../../../arm-atollic-eabi/lib/armv7-m\libm.a(lib_a-s_fpclassify.o)
 .debug_frame   0x00001eb0       0x20 c:/program files/atollic/truestudio for arm lite 4.2.0/armtools/bin/../lib/gcc/arm-atollic-eabi/4.7.3/../../../../arm-atollic-eabi/lib/armv7-m\libm.a(lib_a-s_matherr.o)
 .debug_frame   0x00001ed0       0x20 c:/program files/atollic/truestudio for arm lite 4.2.0/armtools/bin/../lib/gcc/arm-atollic-eabi/4.7.3/../../../../arm-atollic-eabi/lib/armv7-m\libc_s.a(lib_a-errno.o)

Cross Reference Table

Symbol                                            File
ACMP0_IRQHandler                                  src\startup_efm32gg.o
ACMP_CapsenseChannelSet                           Libraries\emlib\src\em_acmp.o
ACMP_CapsenseInit                                 Libraries\emlib\src\em_acmp.o
ACMP_ChannelSet                                   Libraries\emlib\src\em_acmp.o
ACMP_Disable                                      Libraries\emlib\src\em_acmp.o
ACMP_Enable                                       Libraries\emlib\src\em_acmp.o
ACMP_GPIOSetup                                    Libraries\emlib\src\em_acmp.o
ACMP_Init                                         Libraries\emlib\src\em_acmp.o
ACMP_Reset                                        Libraries\emlib\src\em_acmp.o
ADC0_IRQHandler                                   src\startup_efm32gg.o
ADC_Init                                          Libraries\emlib\src\em_adc.o
ADC_InitScan                                      Libraries\emlib\src\em_adc.o
ADC_InitSingle                                    Libraries\emlib\src\em_adc.o
ADC_PrescaleCalc                                  Libraries\emlib\src\em_adc.o
ADC_Reset                                         Libraries\emlib\src\em_adc.o
ADC_TimebaseCalc                                  Libraries\emlib\src\em_adc.o
AES_CBC128                                        Libraries\emlib\src\em_aes.o
AES_CBC256                                        Libraries\emlib\src\em_aes.o
AES_CFB128                                        Libraries\emlib\src\em_aes.o
AES_CFB256                                        Libraries\emlib\src\em_aes.o
AES_CTR128                                        Libraries\emlib\src\em_aes.o
AES_CTR256                                        Libraries\emlib\src\em_aes.o
AES_CTRUpdate32Bit                                Libraries\emlib\src\em_aes.o
AES_DecryptKey128                                 Libraries\emlib\src\em_aes.o
AES_DecryptKey256                                 Libraries\emlib\src\em_aes.o
AES_ECB128                                        Libraries\emlib\src\em_aes.o
AES_ECB256                                        Libraries\emlib\src\em_aes.o
AES_IRQHandler                                    src\startup_efm32gg.o
AES_OFB128                                        Libraries\emlib\src\em_aes.o
AES_OFB256                                        Libraries\emlib\src\em_aes.o
BTM222_EnterATMode                                src\BTM222.o
BTM222_Init                                       src\BTM222.o
                                                  src\main.o
BTM222_ReadData                                   src\BTM222.o
BTM222_SendData                                   src\BTM222.o
BTM222_SetName                                    src\BTM222.o
BURTC_CompareGet                                  Libraries\emlib\src\em_burtc.o
BURTC_CompareSet                                  Libraries\emlib\src\em_burtc.o
BURTC_CounterReset                                Libraries\emlib\src\em_burtc.o
BURTC_IRQHandler                                  src\startup_efm32gg.o
BURTC_Init                                        Libraries\emlib\src\em_burtc.o
BURTC_Reset                                       Libraries\emlib\src\em_burtc.o
BusFault_Handler                                  src\startup_efm32gg.o
CMU_AUXHFRCOBandGet                               Libraries\emlib\src\em_cmu.o
CMU_AUXHFRCOBandSet                               Libraries\emlib\src\em_cmu.o
CMU_Calibrate                                     Libraries\emlib\src\em_cmu.o
CMU_CalibrateConfig                               Libraries\emlib\src\em_cmu.o
CMU_ClockDivGet                                   Libraries\emlib\src\em_cmu.o
CMU_ClockDivSet                                   Libraries\emlib\src\em_cmu.o
CMU_ClockEnable                                   Libraries\emlib\src\em_cmu.o
                                                  Libraries\emlib\src\em_dma.o
                                                  src\ADS7835E.o
                                                  src\BTM222.o
                                                  src\Timers.o
                                                  src\splc501c.o
CMU_ClockFreqGet                                  Libraries\emlib\src\em_cmu.o
                                                  Libraries\emlib\src\em_adc.o
                                                  Libraries\emlib\src\em_dac.o
                                                  Libraries\emlib\src\em_i2c.o
                                                  Libraries\emlib\src\em_lesense.o
                                                  Libraries\emlib\src\em_leuart.o
                                                  Libraries\emlib\src\em_msc.o
                                                  Libraries\emlib\src\em_usart.o
                                                  src\main.o
CMU_ClockSelectGet                                Libraries\emlib\src\em_cmu.o
CMU_ClockSelectSet                                Libraries\emlib\src\em_cmu.o
                                                  src\main.o
CMU_FreezeEnable                                  Libraries\emlib\src\em_cmu.o
CMU_HFRCOBandGet                                  Libraries\emlib\src\em_cmu.o
CMU_HFRCOBandSet                                  Libraries\emlib\src\em_cmu.o
CMU_HFRCOStartupDelayGet                          Libraries\emlib\src\em_cmu.o
CMU_HFRCOStartupDelaySet                          Libraries\emlib\src\em_cmu.o
CMU_IRQHandler                                    src\startup_efm32gg.o
CMU_LCDClkFDIVGet                                 Libraries\emlib\src\em_cmu.o
CMU_LCDClkFDIVSet                                 Libraries\emlib\src\em_cmu.o
CMU_OscillatorEnable                              Libraries\emlib\src\em_cmu.o
                                                  Libraries\emlib\src\em_dbg.o
CMU_OscillatorTuningGet                           Libraries\emlib\src\em_cmu.o
CMU_OscillatorTuningSet                           Libraries\emlib\src\em_cmu.o
CMU_PCNTClockExternalGet                          Libraries\emlib\src\em_cmu.o
CMU_PCNTClockExternalSet                          Libraries\emlib\src\em_cmu.o
                                                  Libraries\emlib\src\em_pcnt.o
ConvertDOUBLEtoLCD                                src\ADS7835E.o
                                                  src\main.o
ConvertU16ToINTtoLCD                              src\ADS7835E.o
ConvertU16_from_ADCToINT                          src\ADS7835E.o
DAC0_IRQHandler                                   src\startup_efm32gg.o
DAC_Enable                                        Libraries\emlib\src\em_dac.o
DAC_Init                                          Libraries\emlib\src\em_dac.o
DAC_InitChannel                                   Libraries\emlib\src\em_dac.o
DAC_PrescaleCalc                                  Libraries\emlib\src\em_dac.o
DAC_Reset                                         Libraries\emlib\src\em_dac.o
DBG_SWOEnable                                     Libraries\emlib\src\em_dbg.o
DMA_ActivateAuto                                  Libraries\emlib\src\em_dma.o
DMA_ActivateBasic                                 Libraries\emlib\src\em_dma.o
DMA_ActivatePingPong                              Libraries\emlib\src\em_dma.o
DMA_ActivateScatterGather                         Libraries\emlib\src\em_dma.o
DMA_CfgChannel                                    Libraries\emlib\src\em_dma.o
DMA_CfgDescr                                      Libraries\emlib\src\em_dma.o
DMA_CfgDescrScatterGather                         Libraries\emlib\src\em_dma.o
DMA_CfgLoop                                       Libraries\emlib\src\em_dma.o
DMA_CfgRect                                       Libraries\emlib\src\em_dma.o
DMA_ChannelEnabled                                Libraries\emlib\src\em_dma.o
DMA_IRQHandler                                    Libraries\emlib\src\em_dma.o
                                                  src\startup_efm32gg.o
DMA_Init                                          Libraries\emlib\src\em_dma.o
DMA_RefreshPingPong                               Libraries\emlib\src\em_dma.o
DMA_Reset                                         Libraries\emlib\src\em_dma.o
DebugMonitor_Handler                              src\startup_efm32gg.o
Default_Handler                                   src\startup_efm32gg.o
Delay                                             src\main.o
EBI_AddressTimingSet                              Libraries\emlib\src\em_ebi.o
EBI_AltMapEnable                                  Libraries\emlib\src\em_ebi.o
EBI_BankAddress                                   Libraries\emlib\src\em_ebi.o
EBI_BankAddressTimingConfig                       Libraries\emlib\src\em_ebi.o
EBI_BankAddressTimingSet                          Libraries\emlib\src\em_ebi.o
EBI_BankByteLaneEnable                            Libraries\emlib\src\em_ebi.o
EBI_BankEnable                                    Libraries\emlib\src\em_ebi.o
EBI_BankPolaritySet                               Libraries\emlib\src\em_ebi.o
EBI_BankReadTimingConfig                          Libraries\emlib\src\em_ebi.o
EBI_BankReadTimingSet                             Libraries\emlib\src\em_ebi.o
EBI_BankWriteTimingConfig                         Libraries\emlib\src\em_ebi.o
EBI_BankWriteTimingSet                            Libraries\emlib\src\em_ebi.o
EBI_ChipSelectEnable                              Libraries\emlib\src\em_ebi.o
EBI_Disable                                       Libraries\emlib\src\em_ebi.o
EBI_IRQHandler                                    src\startup_efm32gg.o
EBI_Init                                          Libraries\emlib\src\em_ebi.o
EBI_PolaritySet                                   Libraries\emlib\src\em_ebi.o
EBI_ReadTimingSet                                 Libraries\emlib\src\em_ebi.o
EBI_TFTHPorchSet                                  Libraries\emlib\src\em_ebi.o
EBI_TFTInit                                       Libraries\emlib\src\em_ebi.o
EBI_TFTSizeSet                                    Libraries\emlib\src\em_ebi.o
EBI_TFTTimingSet                                  Libraries\emlib\src\em_ebi.o
EBI_TFTVPorchSet                                  Libraries\emlib\src\em_ebi.o
EBI_WriteTimingSet                                Libraries\emlib\src\em_ebi.o
EMU_BUPDInit                                      Libraries\emlib\src\em_emu.o
EMU_BUThresRangeSet                               Libraries\emlib\src\em_emu.o
EMU_BUThresholdSet                                Libraries\emlib\src\em_emu.o
EMU_EM4Init                                       Libraries\emlib\src\em_emu.o
EMU_EnterEM2                                      Libraries\emlib\src\em_emu.o
EMU_EnterEM3                                      Libraries\emlib\src\em_emu.o
EMU_EnterEM4                                      Libraries\emlib\src\em_emu.o
EMU_IRQHandler                                    src\startup_efm32gg.o
EMU_MemPwrDown                                    Libraries\emlib\src\em_emu.o
EMU_UpdateOscConfig                               Libraries\emlib\src\em_emu.o
                                                  Libraries\emlib\src\em_cmu.o
FRAME                                             src\main.o
GLCD_Circle                                       src\splc501c.o
GLCD_ClearScreen                                  src\splc501c.o
                                                  src\main.o
GLCD_GoTo                                         src\splc501c.o
                                                  src\main.o
GLCD_Init                                         src\splc501c.o
                                                  src\main.o
GLCD_InitPorts                                    src\splc501c.o
GLCD_Line                                         src\splc501c.o
GLCD_ReadData                                     src\splc501c.o
GLCD_ReadStatus                                   src\splc501c.o
GLCD_Rectangle                                    src\splc501c.o
GLCD_SetPixel                                     src\splc501c.o
GLCD_WriteChar                                    src\splc501c.o
GLCD_WriteCommand                                 src\splc501c.o
GLCD_WriteData                                    src\splc501c.o
GLCD_WriteString                                  src\splc501c.o
                                                  src\main.o
GLCD_bmp                                          src\splc501c.o
GPIO_DbgLocationSet                               Libraries\emlib\src\em_gpio.o
                                                  Libraries\emlib\src\em_dbg.o
GPIO_DriveModeSet                                 Libraries\emlib\src\em_gpio.o
GPIO_EVEN_IRQHandler                              src\startup_efm32gg.o
GPIO_IntConfig                                    Libraries\emlib\src\em_gpio.o
GPIO_ODD_IRQHandler                               src\startup_efm32gg.o
GPIO_PinModeSet                                   Libraries\emlib\src\em_gpio.o
                                                  Libraries\emlib\src\em_dbg.o
                                                  src\BTM222.o
HardFault_Handler                                 src\startup_efm32gg.o
I2C0_IRQHandler                                   src\startup_efm32gg.o
I2C1_IRQHandler                                   src\startup_efm32gg.o
I2C_BusFreqGet                                    Libraries\emlib\src\em_i2c.o
I2C_BusFreqSet                                    Libraries\emlib\src\em_i2c.o
I2C_Enable                                        Libraries\emlib\src\em_i2c.o
I2C_Init                                          Libraries\emlib\src\em_i2c.o
I2C_Reset                                         Libraries\emlib\src\em_i2c.o
I2C_Transfer                                      Libraries\emlib\src\em_i2c.o
I2C_TransferInit                                  Libraries\emlib\src\em_i2c.o
INT_LockCnt                                       Libraries\emlib\src\em_int.o
InterruptVector                                   src\startup_efm32gg.o
LCD_IRQHandler                                    src\startup_efm32gg.o
LESENSE_AltExConfig                               Libraries\emlib\src\em_lesense.o
LESENSE_ChannelAllConfig                          Libraries\emlib\src\em_lesense.o
LESENSE_ChannelConfig                             Libraries\emlib\src\em_lesense.o
LESENSE_ChannelEnable                             Libraries\emlib\src\em_lesense.o
LESENSE_ChannelEnableMask                         Libraries\emlib\src\em_lesense.o
LESENSE_ChannelThresSet                           Libraries\emlib\src\em_lesense.o
LESENSE_ChannelTimingSet                          Libraries\emlib\src\em_lesense.o
LESENSE_ClkDivSet                                 Libraries\emlib\src\em_lesense.o
LESENSE_DecoderStateAllConfig                     Libraries\emlib\src\em_lesense.o
LESENSE_DecoderStateConfig                        Libraries\emlib\src\em_lesense.o
LESENSE_DecoderStateGet                           Libraries\emlib\src\em_lesense.o
LESENSE_DecoderStateSet                           Libraries\emlib\src\em_lesense.o
LESENSE_IRQHandler                                src\startup_efm32gg.o
LESENSE_Init                                      Libraries\emlib\src\em_lesense.o
LESENSE_Reset                                     Libraries\emlib\src\em_lesense.o
LESENSE_ScanFreqSet                               Libraries\emlib\src\em_lesense.o
LESENSE_ScanModeSet                               Libraries\emlib\src\em_lesense.o
LESENSE_StartDelaySet                             Libraries\emlib\src\em_lesense.o
LETIMER0_IRQHandler                               src\startup_efm32gg.o
LETIMER_CompareGet                                Libraries\emlib\src\em_letimer.o
LETIMER_CompareSet                                Libraries\emlib\src\em_letimer.o
LETIMER_Enable                                    Libraries\emlib\src\em_letimer.o
LETIMER_FreezeEnable                              Libraries\emlib\src\em_letimer.o
LETIMER_Init                                      Libraries\emlib\src\em_letimer.o
LETIMER_RepeatGet                                 Libraries\emlib\src\em_letimer.o
LETIMER_RepeatSet                                 Libraries\emlib\src\em_letimer.o
LETIMER_Reset                                     Libraries\emlib\src\em_letimer.o
LEUART0_IRQHandler                                src\startup_efm32gg.o
LEUART1_IRQHandler                                src\startup_efm32gg.o
LEUART_BaudrateCalc                               Libraries\emlib\src\em_leuart.o
LEUART_BaudrateGet                                Libraries\emlib\src\em_leuart.o
LEUART_BaudrateSet                                Libraries\emlib\src\em_leuart.o
LEUART_Enable                                     Libraries\emlib\src\em_leuart.o
LEUART_FreezeEnable                               Libraries\emlib\src\em_leuart.o
LEUART_Init                                       Libraries\emlib\src\em_leuart.o
LEUART_Reset                                      Libraries\emlib\src\em_leuart.o
LEUART_Rx                                         Libraries\emlib\src\em_leuart.o
LEUART_RxExt                                      Libraries\emlib\src\em_leuart.o
LEUART_Tx                                         Libraries\emlib\src\em_leuart.o
LEUART_TxExt                                      Libraries\emlib\src\em_leuart.o
MPU_ConfigureRegion                               Libraries\emlib\src\em_mpu.o
MSC_Deinit                                        Libraries\emlib\src\em_msc.o
MSC_ErasePage                                     Libraries\emlib\src\em_msc.o
MSC_IRQHandler                                    src\startup_efm32gg.o
MSC_Init                                          Libraries\emlib\src\em_msc.o
MSC_MassErase                                     Libraries\emlib\src\em_msc.o
MSC_WriteWord                                     Libraries\emlib\src\em_msc.o
MemManage_Handler                                 src\startup_efm32gg.o
MscLoadAddress                                    Libraries\emlib\src\em_msc.o
MscLoadData                                       Libraries\emlib\src\em_msc.o
NMI_Handler                                       src\startup_efm32gg.o
OPAMP_Disable                                     Libraries\emlib\src\em_opamp.o
OPAMP_Enable                                      Libraries\emlib\src\em_opamp.o
PCNT0_IRQHandler                                  src\startup_efm32gg.o
PCNT1_IRQHandler                                  src\startup_efm32gg.o
PCNT2_IRQHandler                                  src\startup_efm32gg.o
PCNT_CounterReset                                 Libraries\emlib\src\em_pcnt.o
PCNT_CounterTopSet                                Libraries\emlib\src\em_pcnt.o
PCNT_Enable                                       Libraries\emlib\src\em_pcnt.o
PCNT_FreezeEnable                                 Libraries\emlib\src\em_pcnt.o
PCNT_Init                                         Libraries\emlib\src\em_pcnt.o
PCNT_PRSInputEnable                               Libraries\emlib\src\em_pcnt.o
PCNT_Reset                                        Libraries\emlib\src\em_pcnt.o
PCNT_TopBufferSet                                 Libraries\emlib\src\em_pcnt.o
PCNT_TopSet                                       Libraries\emlib\src\em_pcnt.o
PRS_SourceAsyncSignalSet                          Libraries\emlib\src\em_prs.o
PRS_SourceSignalSet                               Libraries\emlib\src\em_prs.o
ParseDataToSendThroughBTM                         src\ADS7835E.o
PendSV_Handler                                    src\startup_efm32gg.o
RMU_ResetCauseClear                               Libraries\emlib\src\em_rmu.o
RMU_ResetCauseGet                                 Libraries\emlib\src\em_rmu.o
RMU_ResetControl                                  Libraries\emlib\src\em_rmu.o
RTC_CompareGet                                    Libraries\emlib\src\em_rtc.o
RTC_CompareSet                                    Libraries\emlib\src\em_rtc.o
RTC_CounterReset                                  Libraries\emlib\src\em_rtc.o
RTC_Enable                                        Libraries\emlib\src\em_rtc.o
RTC_FreezeEnable                                  Libraries\emlib\src\em_rtc.o
RTC_IRQHandler                                    src\startup_efm32gg.o
RTC_Init                                          Libraries\emlib\src\em_rtc.o
RTC_Reset                                         Libraries\emlib\src\em_rtc.o
Reset_Handler                                     src\startup_efm32gg.o
ResultADC_Buf_Free                                src\ADS7835E.o
ResultADC_Buf_Init                                src\ADS7835E.o
                                                  src\main.o
ResultADC_Buf_Write                               src\ADS7835E.o
                                                  src\main.o
RxFrame                                           src\ADS7835E.o
SPI2_setupRXInt_SW                                src\ADS7835E.o
                                                  src\main.o
SVC_Handler                                       src\startup_efm32gg.o
SYSTEM_ChipRevisionGet                            Libraries\emlib\src\em_system.o
                                                  src\main.o
SYSTEM_GetCalibrationValue                        Libraries\emlib\src\em_system.o
                                                  Libraries\emlib\src\em_opamp.o
SysTick_Handler                                   src\main.o
                                                  src\startup_efm32gg.o
SystemCoreClock                                   src\system_efm32gg.o
SystemCoreClockGet                                src\system_efm32gg.o
                                                  Libraries\emlib\src\em_cmu.o
                                                  Libraries\emlib\src\em_emu.o
SystemHFClockGet                                  src\system_efm32gg.o
                                                  Libraries\emlib\src\em_cmu.o
SystemHFXOClockGet                                src\system_efm32gg.o
                                                  Libraries\emlib\src\em_cmu.o
SystemHFXOClockSet                                src\system_efm32gg.o
SystemInit                                        src\system_efm32gg.o
                                                  src\startup_efm32gg.o
SystemLFRCOClockGet                               src\system_efm32gg.o
                                                  Libraries\emlib\src\em_cmu.o
SystemLFXOClockGet                                src\system_efm32gg.o
                                                  Libraries\emlib\src\em_cmu.o
SystemLFXOClockSet                                src\system_efm32gg.o
SystemULFRCOClockGet                              src\system_efm32gg.o
                                                  Libraries\emlib\src\em_cmu.o
TIMER0_IRQHandler                                 src\ADS7835E.o
                                                  src\startup_efm32gg.o
TIMER0forADC_Setup                                src\Timers.o
                                                  src\ADS7835E.o
TIMER1_IRQHandler                                 src\startup_efm32gg.o
TIMER2_IRQHandler                                 src\startup_efm32gg.o
TIMER3_IRQHandler                                 src\startup_efm32gg.o
TIMER_Enable                                      Libraries\emlib\src\em_timer.o
TIMER_Init                                        Libraries\emlib\src\em_timer.o
                                                  src\Timers.o
TIMER_InitCC                                      Libraries\emlib\src\em_timer.o
TIMER_Lock                                        Libraries\emlib\src\em_timer.o
TIMER_Reset                                       Libraries\emlib\src\em_timer.o
TIMER_Unlock                                      Libraries\emlib\src\em_timer.o
UART0_RX_IRQHandler                               src\startup_efm32gg.o
UART0_TX_IRQHandler                               src\startup_efm32gg.o
UART1_RX_IRQHandler                               src\BTM222.o
                                                  src\startup_efm32gg.o
UART1_TX_IRQHandler                               src\BTM222.o
                                                  src\startup_efm32gg.o
USART0_RX_IRQHandler                              src\startup_efm32gg.o
USART0_TX_IRQHandler                              src\startup_efm32gg.o
USART1_RX_IRQHandler                              src\startup_efm32gg.o
USART1_TX_IRQHandler                              src\startup_efm32gg.o
USART2_RX_IRQHandler                              src\startup_efm32gg.o
USART2_TX_IRQHandler                              src\startup_efm32gg.o
USART_BaudrateAsyncSet                            Libraries\emlib\src\em_usart.o
USART_BaudrateCalc                                Libraries\emlib\src\em_usart.o
USART_BaudrateGet                                 Libraries\emlib\src\em_usart.o
USART_BaudrateSyncSet                             Libraries\emlib\src\em_usart.o
USART_Enable                                      Libraries\emlib\src\em_usart.o
                                                  src\BTM222.o
USART_InitAsync                                   Libraries\emlib\src\em_usart.o
                                                  src\BTM222.o
USART_InitI2s                                     Libraries\emlib\src\em_usart.o
USART_InitIrDA                                    Libraries\emlib\src\em_usart.o
USART_InitPrsTrigger                              Libraries\emlib\src\em_usart.o
USART_InitSync                                    Libraries\emlib\src\em_usart.o
USART_Reset                                       Libraries\emlib\src\em_usart.o
USART_Rx                                          Libraries\emlib\src\em_usart.o
                                                  src\BTM222.o
USART_RxDouble                                    Libraries\emlib\src\em_usart.o
USART_RxDoubleExt                                 Libraries\emlib\src\em_usart.o
USART_RxExt                                       Libraries\emlib\src\em_usart.o
USART_SpiTransfer                                 Libraries\emlib\src\em_usart.o
USART_Tx                                          Libraries\emlib\src\em_usart.o
                                                  src\BTM222.o
USART_TxDouble                                    Libraries\emlib\src\em_usart.o
USART_TxDoubleExt                                 Libraries\emlib\src\em_usart.o
USART_TxExt                                       Libraries\emlib\src\em_usart.o
USB_IRQHandler                                    src\startup_efm32gg.o
UsageFault_Handler                                src\startup_efm32gg.o
VCMP_IRQHandler                                   src\startup_efm32gg.o
VCMP_Init                                         Libraries\emlib\src\em_vcmp.o
VCMP_LowPowerRefSet                               Libraries\emlib\src\em_vcmp.o
VCMP_TriggerSet                                   Libraries\emlib\src\em_vcmp.o
WDOG_Enable                                       Libraries\emlib\src\em_wdog.o
WDOG_Feed                                         Libraries\emlib\src\em_wdog.o
WDOG_Init                                         Libraries\emlib\src\em_wdog.o
WDOG_Lock                                         Libraries\emlib\src\em_wdog.o
_Balloc                                           c:/program files/atollic/truestudio for arm lite 4.2.0/armtools/bin/../lib/gcc/arm-atollic-eabi/4.7.3/../../../../arm-atollic-eabi/lib/armv7-m\libc_s.a(lib_a-mprec.o)
                                                  c:/program files/atollic/truestudio for arm lite 4.2.0/armtools/bin/../lib/gcc/arm-atollic-eabi/4.7.3/../../../../arm-atollic-eabi/lib/armv7-m\libc_s.a(lib_a-dtoa.o)
_Bfree                                            c:/program files/atollic/truestudio for arm lite 4.2.0/armtools/bin/../lib/gcc/arm-atollic-eabi/4.7.3/../../../../arm-atollic-eabi/lib/armv7-m\libc_s.a(lib_a-mprec.o)
                                                  c:/program files/atollic/truestudio for arm lite 4.2.0/armtools/bin/../lib/gcc/arm-atollic-eabi/4.7.3/../../../../arm-atollic-eabi/lib/armv7-m\libc_s.a(lib_a-dtoa.o)
_Jv_RegisterClasses                               c:/program files/atollic/truestudio for arm lite 4.2.0/armtools/bin/../lib/gcc/arm-atollic-eabi/4.7.3/armv7-m/crtbegin.o
__adddf3                                          c:/program files/atollic/truestudio for arm lite 4.2.0/armtools/bin/../lib/gcc/arm-atollic-eabi/4.7.3/armv7-m\libgcc.a(_arm_addsubdf3.o)
__addsf3                                          c:/program files/atollic/truestudio for arm lite 4.2.0/armtools/bin/../lib/gcc/arm-atollic-eabi/4.7.3/armv7-m\libgcc.a(_arm_addsubsf3.o)
__aeabi_cdcmpeq                                   c:/program files/atollic/truestudio for arm lite 4.2.0/armtools/bin/../lib/gcc/arm-atollic-eabi/4.7.3/armv7-m\libgcc.a(_arm_cmpdf2.o)
__aeabi_cdcmple                                   c:/program files/atollic/truestudio for arm lite 4.2.0/armtools/bin/../lib/gcc/arm-atollic-eabi/4.7.3/armv7-m\libgcc.a(_arm_cmpdf2.o)
__aeabi_cdrcmple                                  c:/program files/atollic/truestudio for arm lite 4.2.0/armtools/bin/../lib/gcc/arm-atollic-eabi/4.7.3/armv7-m\libgcc.a(_arm_cmpdf2.o)
__aeabi_d2iz                                      c:/program files/atollic/truestudio for arm lite 4.2.0/armtools/bin/../lib/gcc/arm-atollic-eabi/4.7.3/armv7-m\libgcc.a(_arm_fixdfsi.o)
                                                  c:/program files/atollic/truestudio for arm lite 4.2.0/armtools/bin/../lib/gcc/arm-atollic-eabi/4.7.3/../../../../arm-atollic-eabi/lib/armv7-m\libc_s.a(lib_a-dtoa.o)
__aeabi_dadd                                      c:/program files/atollic/truestudio for arm lite 4.2.0/armtools/bin/../lib/gcc/arm-atollic-eabi/4.7.3/armv7-m\libgcc.a(_arm_addsubdf3.o)
                                                  c:/program files/atollic/truestudio for arm lite 4.2.0/armtools/bin/../lib/gcc/arm-atollic-eabi/4.7.3/../../../../arm-atollic-eabi/lib/armv7-m\libm.a(lib_a-e_sqrt.o)
                                                  c:/program files/atollic/truestudio for arm lite 4.2.0/armtools/bin/../lib/gcc/arm-atollic-eabi/4.7.3/../../../../arm-atollic-eabi/lib/armv7-m\libc_s.a(lib_a-dtoa.o)
                                                  src\ADS7835E.o